******************************************************************************
                  TI ARM Linker PC v18.1.5                     
******************************************************************************
>> Linked Sun Jun  9 22:10:50 2019

OUTPUT FILE NAME:   <ble5_project_zero_cc26x2r1lp_app_FlashROM_Debug.out>
ENTRY POINT SYMBOL: "ResetISR"  address: 0001eddd


MEMORY CONFIGURATION

         name            origin    length      used     unused   attr    fill
----------------------  --------  ---------  --------  --------  ----  --------
  FLASH                 00000000   00056000  00034224  00021ddc  R  X
  FLASH_LAST_PAGE       00056000   00002000  00000000  00002000  R  X
  SRAM                  20000000   000134f8  00011d2f  000017c9  RW X


SEGMENT ALLOCATION MAP

run origin  load origin   length   init length attrs members
----------  ----------- ---------- ----------- ----- -------
00000000    00000000    00030228   00030228    r-x
  00000000    00000000    0000003c   0000003c    r-- .resetVecs
  0000003c    0000003c    0002a5d4   0002a5d4    r-x .text
  0002a610    0002a610    00004c04   00004c04    r-- .const
  0002f214    0002f214    000009f0   000009f0    r-- .rodata
  0002fc04    0002fc04    00000038   00000038    r-- .image_header
  0002fc40    0002fc40    000005e8   000005e8    r-- .cinit
00048000    00048000    00004000   00000000    rw-
  00048000    00048000    00004000   00000000    rw- .TI.bound:flashBuf
20001430    20001430    00000400   00000000    rw-
  20001430    20001430    00000400   00000000    rw- .stack
20001830    20001830    00000010   00000000    rw-
  20001830    20001830    00000010   00000000    rw- .TI.bound:dmaSpi0RxControlTableEntry
20001840    20001840    00000010   00000000    rw-
  20001840    20001840    00000010   00000000    rw- .TI.bound:dmaSpi0TxControlTableEntry
20001900    20001900    00000010   00000000    rw-
  20001900    20001900    00000010   00000000    rw- .TI.bound:dmaSpi1RxControlTableEntry
20001910    20001910    00000010   00000000    rw-
  20001910    20001910    00000010   00000000    rw- .TI.bound:dmaSpi1TxControlTableEntry
20001980    20001980    0000604c   00000000    rw-
  20001980    20001980    0000604c   00000000    rw- .data
20007a00    20007a00    0000b797   00000000    rw-
  20007a00    20007a00    0000b797   00000000    rw- .bss


SECTION ALLOCATION MAP

 output                                  attributes/
section   page    origin      length       input sections
--------  ----  ----------  ----------   ----------------
.bootVecs 
*          0    00000000    00000008     DSECT
                  00000000    00000008     boot.aem4f : boot.oem4f (.bootVecs)

.resetVecs 
*          0    00000000    0000003c     
                  00000000    0000003c     ble_debug_pem4f.oem4f (.resetVecs)

.vecs      0    20000000    000000d8     NOLOAD SECTION
                  20000000    000000d8     ble_debug_pem4f.oem4f (.vecs)

xdc.meta   0    00000000    000000fc     COPY SECTION
                  00000000    000000fc     ble_debug_pem4f.oem4f (xdc.meta)

.cinit     0    0002fc40    000005e8     
                  0002fc40    00000581     (.cinit..data.load) [load image, compression = lzss]
                  000301c1    00000003     --HOLE-- [fill = 0]
                  000301c4    0000000c     (__TI_handler_table)
                  000301d0    00000008     (.cinit..TI.bound:dmaSpi0RxControlTableEntry.load) [load image, compression = zero_init]
                  000301d8    00000008     (.cinit..TI.bound:dmaSpi0TxControlTableEntry.load) [load image, compression = zero_init]
                  000301e0    00000008     (.cinit..TI.bound:dmaSpi1RxControlTableEntry.load) [load image, compression = zero_init]
                  000301e8    00000008     (.cinit..TI.bound:dmaSpi1TxControlTableEntry.load) [load image, compression = zero_init]
                  000301f0    00000008     (.cinit..bss.load) [load image, compression = zero_init]
                  000301f8    00000030     (__TI_cinit_table)

.init_array 
*          0    00000000    00000000     UNINITIALIZED

.TI.bound:flashBuf 
*          0    00048000    00004000     UNINITIALIZED
                  00048000    00004000     CC26X2R1_LAUNCHXL.obj (.TI.bound:flashBuf)

.stack     0    20001430    00000400     UNINITIALIZED
                  20001430    00000400     --HOLE--

.TI.bound:dmaSpi0RxControlTableEntry 
*          0    20001830    00000010     UNINITIALIZED
                  20001830    00000010     drivers_cc26x2_v1.aem4f : SPICC26XXDMA.oem4f (.TI.bound:dmaSpi0RxControlTableEntry)

.TI.bound:dmaSpi0TxControlTableEntry 
*          0    20001840    00000010     UNINITIALIZED
                  20001840    00000010     drivers_cc26x2_v1.aem4f : SPICC26XXDMA.oem4f (.TI.bound:dmaSpi0TxControlTableEntry)

.TI.bound:dmaSpi1RxControlTableEntry 
*          0    20001900    00000010     UNINITIALIZED
                  20001900    00000010     drivers_cc26x2_v1.aem4f : SPICC26XXDMA.oem4f (.TI.bound:dmaSpi1RxControlTableEntry)

.TI.bound:dmaSpi1TxControlTableEntry 
*          0    20001910    00000010     UNINITIALIZED
                  20001910    00000010     drivers_cc26x2_v1.aem4f : SPICC26XXDMA.oem4f (.TI.bound:dmaSpi1TxControlTableEntry)

.data      0    20001980    0000604c     UNINITIALIZED
                  20001980    00002800     audiotest.obj (.data:sampleBuffer2)
                  20004180    00002800     audiotest.obj (.data:sampleBufferOne)
                  20006980    00000200     audiotest.obj (.data:sampleBufferHeader)
                  20006b80    00000130     devinfoservice.obj (.data:devInfoAttrTbl)
                  20006cb0    00000100     ble5_project_zero_cc26x2r1lp_stack_library.lib : gapbondmgr.obj (.data:$O1$$)
                  20006db0    000000c8     PowerCC26X2.obj (.data:PowerCC26X2_module)
                  20006e78    00000090     profiles_pxxx_coc.a : gapgattserver.o (.data)
                  20006f08    0000007c     ble5_project_zero_cc26x2r1lp_stack_library.lib : osal_cbtimer.obj (.data:$O1$$)
                  20006f84    00000070     button_service.obj (.data:Button_ServiceAttrTbl)
                  20006ff4    00000068     ble_debug_pem4f.oem4f (.data:ti_uia_loggers_LoggerStopMode_Object__table__V)
                  2000705c    00000060     data_service.obj (.data:Data_ServiceAttrTbl)
                  200070bc    00000050     led_service.obj (.data:LED_ServiceAttrTbl)
                  2000710c    0000004c     ll_pxxx.a : ll_config.o (.data)
                  20007158    0000004c     ble_debug_pem4f.oem4f (.data:ti_sysbios_knl_Task_Object__table__V)
                  200071a4    00000048     ble_user_config.obj (.data:rfRegTbl)
                  200071ec    00000004     ble5_project_zero_cc26x2r1lp_stack_library.lib : gap.obj (.data:$O1$$)
                  200071f0    00000048     ble_debug_pem4f.oem4f (.data:ti_sysbios_family_arm_cc26xx_Timer_Object__table__V)
                  20007238    00000044     ble_debug_pem4f.oem4f (.data:ti_sysbios_knl_Task_Module__state__V)
                  2000727c    00000040     profiles_pxxx_coc.a : gattservapp.o (.data)
                  200072bc    0000003c     audiotest.obj (.data)
                  200072f8    00000035     oad.obj (.data)
                  2000732d    00000001     TRNGCC26XX.obj (.data)
                  2000732e    00000002     drivers_cc26x2_v1.aem4f : ADCCC26XX.oem4f (.data)
                  20007330    00000034     ble_debug_pem4f.oem4f (.data:ti_sysbios_family_arm_m3_Hwi_Module__state__V)
                  20007364    00000030     ble_debug_pem4f.oem4f (.data:ti_sysbios_knl_Swi_Module_State_0_readyQ__A)
                  20007394    00000030     ble_debug_pem4f.oem4f (.data:ti_sysbios_knl_Swi_Object__table__V)
                  200073c4    00000030     ble_debug_pem4f.oem4f (.data:ti_sysbios_knl_Task_Module_State_0_readyQ__A)
                  200073f4    0000002c     CC26X2R1_LAUNCHXL.obj (.data:gpioPinConfigs)
                  20007420    0000002c     ble_debug_pem4f.oem4f (.data:ti_sysbios_knl_Clock_Module__state__V)
                  2000744c    00000028     ble5_project_zero_cc26x2r1lp_stack_library.lib : osal.obj (.data:$O1$$)
                  20007474    00000028     data_service.obj (.data:ds_StringVal)
                  2000749c    00000028     icall_user_config.obj (.data:nvintfFncStruct)
                  200074c4    00000028     project_zero.obj (.data:received_string$8)
                  200074ec    00000024     ble_debug_pem4f.oem4f (.data:ti_sysbios_BIOS_Module__state__V)
                  20007510    00000020     ble_user_config.obj (.data:eccParams_NISTP256)
                  20007530    00000020     project_zero.obj (.data:localNameStr$10)
                  20007550    00000020     ble_debug_pem4f.oem4f (.data:ti_sysbios_heaps_HeapTrack_Object__table__V)
                  20007570    00000020     ble_debug_pem4f.oem4f (.data:ti_sysbios_knl_Clock_Object__table__V)
                  20007590    00000020     ble_debug_pem4f.oem4f (.data:xdc_runtime_Error_IgnoreBlock)
                  200075b0    0000001c     ble_debug_pem4f.oem4f (.data:ti_sysbios_gates_GateMutex_Object__table__V)
                  200075cc    0000001c     ble_debug_pem4f.oem4f (.data:ti_sysbios_knl_Swi_Module__state__V)
                  200075e8    00000018     project_zero.obj (.data)
                  20007600    00000018     ble_debug_pem4f.oem4f (.data:ti_sysbios_family_arm_m3_Hwi_Object__table__V)
                  20007618    00000018     ble_debug_pem4f.oem4f (.data:ti_sysbios_heaps_HeapMem_Object__table__V)
                  20007630    00000015     project_zero.obj (.data:attDeviceName)
                  20007645    00000015     devinfoservice.obj (.data:devInfoFirmwareRev)
                  2000765a    00000015     devinfoservice.obj (.data:devInfoHardwareRev)
                  2000766f    00000015     devinfoservice.obj (.data:devInfoMfrName)
                  20007684    00000015     devinfoservice.obj (.data:devInfoModelNumber)
                  20007699    00000015     devinfoservice.obj (.data:devInfoSerialNumber)
                  200076ae    00000015     devinfoservice.obj (.data:devInfoSoftwareRev)
                  200076c3    00000014     data_service.obj (.data:ds_StreamVal)
                  200076d7    00000001     project_zero.obj (.data:argPeriodic)
                  200076d8    00000014     gap_pxxx_coc.a : gap_configmgr.o (.data)
                  200076ec    00000014     icall.obj (.data)
                  20007700    00000012     project_zero.obj (.data:currentAthanTimesDay)
                  20007712    00000012     project_zero.obj (.data:scanRspData)
                  20007724    00000010     project_zero.obj (.data:advertData)
                  20007734    00000010     icall_user_config.obj (.data:bleAppServiceInfoTable)
                  20007744    00000010     gap_pxxx_coc.a : gap_configmgr.o (.data)
                  20007754    00000010     CC26X2R1_LAUNCHXL.obj (.data:gpioCallbackFunctions)
                  20007764    00000010     icall_api_lite.obj (.data)
                  20007774    00000010     ll_pxxx.a : ll.o (.data)
                  20007784    00000010               : ll_data.o (.data)
                  20007794    00000010     ble_user_config.obj (.data:rfRegTbl1M)
                  200077a4    00000010     ble_user_config.obj (.data:rfRegTbl2M)
                  200077b4    00000010     ble_user_config.obj (.data:rfRegTblCoded)
                  200077c4    00000010     main.obj (.data:user0Cfg)
                  200077d4    0000000e     devinfoservice.obj (.data:defaultDevInfo11073Cert)
                  200077e2    00000002     drivers_cc26x2_v1.aem4f : CryptoResourceCC26XX.oem4f (.data)
                  200077e4    0000000e     devinfoservice.obj (.data)
                  200077f2    00000002     drivers_cc26x2_v1.aem4f : PKAResourceCC26XX.oem4f (.data)
                  200077f4    0000000c     button_service.obj (.data)
                  20007800    0000000c     data_service.obj (.data)
                  2000780c    0000000c     project_zero.obj (.data:ledPinTable)
                  20007818    0000000c     led_service.obj (.data)
                  20007824    0000000c     ll_pxxx.a : ll_common.o (.data)
                  20007830    0000000c     project_zero.obj (.data:spiPinTable)
                  2000783c    0000000c     ble_debug_pem4f.oem4f (.data:ti_sysbios_knl_Event_Module__root__V)
                  20007848    0000000c     ble_debug_pem4f.oem4f (.data:ti_sysbios_knl_Task_Module__root__V)
                  20007854    0000000c     ble_debug_pem4f.oem4f (.data:ti_uia_runtime_QueueDescriptor_Module__state__V)
                  20007860    0000000c     ble_debug_pem4f.oem4f (.data:xdc_runtime_SysMin_Module__state__V)
                  2000786c    0000000a     UartLog.obj (.data)
                  20007876    00000002     gap_pxxx_coc.a : gap_linkmgr.o (.data)
                  20007878    00000008     ble5_project_zero_cc26x2r1lp_stack_library.lib : hal_assert.obj (.data:$O1$$)
                  20007880    00000008                                                    : osal_clock.obj (.data:$O1$$)
                  20007888    00000008     rtsv7M4_T_le_v4SPD16_eabi.lib : _lock.c.obj (.data:$O1$$)
                  20007890    00000008     project_zero.obj (.data:ProjectZero_BondMgrCBs)
                  20007898    00000008     project_zero.obj (.data:ProjectZero_Button_ServiceCBs)
                  200078a0    00000008     project_zero.obj (.data:ProjectZero_Data_ServiceCBs)
                  200078a8    00000008     project_zero.obj (.data:ProjectZero_LED_ServiceCBs)
                  200078b0    00000008     project_zero.obj (.data:currentDateTime)
                  200078b8    00000008     devinfoservice.obj (.data:devInfoSystemId)
                  200078c0    00000008     drivers_cc26x2_v1.aem4f : PINCC26XX.oem4f (.data)
                  200078c8    00000008     icall_cc2650.obj (.data)
                  200078d0    00000008     profiles_pxxx_coc.a : gapgattserver.o (.data)
                  200078d8    00000008     ti.uia.runtime.aem4f : QueueDescriptor.oem4f (.data)
                  200078e0    00000008     ble_debug_pem4f.oem4f (.data:ti_sysbios_family_arm_cc26xx_Timer_Module__state__V)
                  200078e8    00000008     ble_debug_pem4f.oem4f (.data:ti_sysbios_family_arm_m3_Hwi_Module__root__V)
                  200078f0    00000008     ble_debug_pem4f.oem4f (.data:ti_sysbios_gates_GateHwi_Module__root__V)
                  200078f8    00000008     ble_debug_pem4f.oem4f (.data:ti_sysbios_gates_GateHwi_Object__table__V)
                  20007900    00000008     ble_debug_pem4f.oem4f (.data:ti_sysbios_gates_GateMutexPri_Module__root__V)
                  20007908    00000008     ble_debug_pem4f.oem4f (.data:ti_sysbios_gates_GateMutex_Module__root__V)
                  20007910    00000008     ble_debug_pem4f.oem4f (.data:ti_sysbios_heaps_HeapMem_Module__root__V)
                  20007918    00000008     ble_debug_pem4f.oem4f (.data:ti_sysbios_heaps_HeapTrack_Module__root__V)
                  20007920    00000008     ble_debug_pem4f.oem4f (.data:ti_sysbios_knl_Clock_Module__root__V)
                  20007928    00000008     ble_debug_pem4f.oem4f (.data:ti_sysbios_knl_Queue_Module__root__V)
                  20007930    00000008     ble_debug_pem4f.oem4f (.data:ti_sysbios_knl_Semaphore_Module__root__V)
                  20007938    00000008     ble_debug_pem4f.oem4f (.data:ti_sysbios_knl_Swi_Module__root__V)
                  20007940    00000008     ble_debug_pem4f.oem4f (.data:ti_uia_loggers_LoggerStopMode_Module__root__V)
                  20007948    00000008     ble_debug_pem4f.oem4f (.data:xdc_runtime_Registry_Module__state__V)
                  20007950    00000008     ble_debug_pem4f.oem4f (.data:xdc_runtime_Startup_Module__state__V)
                  20007958    00000008     ble_debug_pem4f.oem4f (.data:xdc_runtime_System_Module__state__V)
                  20007960    00000007     devinfoservice.obj (.data:devInfoPnpId)
                  20007967    00000001     button_service.obj (.data:bs_BUTTON0Val)
                  20007968    00000006     nvoctp.obj (.data)
                  2000796e    00000002     gatt_pxxx_coc.a : gatt_server.o (.data)
                  20007970    00000005     drivers_cc26x2_v1.aem4f : GPIOCC26XX.oem4f (.data)
                  20007975    00000001     button_service.obj (.data:bs_BUTTON1Val)
                  20007976    00000002     l2cap_pxxx_coc.a : l2cap_task.o (.data)
                  20007978    00000004     ble5_project_zero_cc26x2r1lp_stack_library.lib : osal_pwrmgr.obj (.data:$O1$$)
                  2000797c    00000004     icall.obj (.data:ICall_initParams)
                  20007980    00000004     ble5_project_zero_cc26x2r1lp_stack_library.lib : ble_user_config.obj (.data)
                  20007984    00000004                                                    : osal_bufmgr.obj (.data)
                  20007988    00000004     ble_user_config.obj (.data)
                  2000798c    00000004     drivers_cc26x2_v1.aem4f : GPIOCC26XX.oem4f (.data:gpioPinTable)
                  20007990    00000004     rtsv7M4_T_le_v4SPD16_eabi.lib : stkdepth_vars.c.obj (.data)
                  20007994    00000004     ble_debug_pem4f.oem4f (.data:ti_sysbios_family_arm_cc26xx_TimestampProvider_Module__state__V)
                  20007998    00000004     ble_debug_pem4f.oem4f (.data:ti_sysbios_family_arm_m3_Hwi_Module_State_0_excContext__A)
                  2000799c    00000004     ble_debug_pem4f.oem4f (.data:ti_sysbios_family_arm_m3_Hwi_Module_State_0_excStack__A)
                  200079a0    00000004     ble_debug_pem4f.oem4f (.data:ti_sysbios_knl_Task_Module_State_0_idleTask__A)
                  200079a4    00000004     ble_debug_pem4f.oem4f (.data:xdc_runtime_Memory_Module__state__V)
                  200079a8    00000002     l2cap_pxxx_coc.a : l2cap_task.o (.data)
                  200079aa    00000002     ll_pxxx.a : ll_ae.o (.data)
                  200079ac    00000002     sm_pxxx_coc.a : sm_mgr.o (.data)
                  200079ae    00000002     ble_debug_pem4f.oem4f (.data:ti_sysbios_family_arm_m3_Hwi_Module_State_0_excActive__A)
                  200079b0    00000002     ble_debug_pem4f.oem4f (.data:xdc_runtime_Error_Module__state__V)
                  200079b2    00000001     drivers_cc26x2_v1.aem4f : ADC.oem4f (.data)
                  200079b3    00000001                             : AESCCMCC26XX.oem4f (.data)
                  200079b4    00000001                             : AESECBCC26XX.oem4f (.data)
                  200079b5    00000001                             : ECDHCC26X2.oem4f (.data)
                  200079b6    00000001                             : NVS.oem4f (.data)
                  200079b7    00000001                             : SD.oem4f (.data)
                  200079b8    00000001                             : SPI.oem4f (.data)
                  200079b9    00000001                             : UART.oem4f (.data)
                  200079ba    00000001     gap_pxxx_coc.a : gap_advertiser.o (.data)
                  200079bb    00000001                    : gap_task.o (.data)
                  200079bc    00000001     gatt_pxxx_coc.a : gatt_client.o (.data)
                  200079bd    00000001                     : gatt_server.o (.data)
                  200079be    00000001                     : gatt_task.o (.data)
                  200079bf    00000001     l2cap_pxxx_coc.a : l2cap_task.o (.data)
                  200079c0    00000001                      : l2cap_task.o (.data)
                  200079c1    00000001     ll_pxxx.a : ll_ae.o (.data)
                  200079c2    00000001               : ll_ae.o (.data)
                  200079c3    00000001               : ll_scheduler.o (.data)
                  200079c4    00000001     led_service.obj (.data:ls_LED0Val)
                  200079c5    00000001     led_service.obj (.data:ls_LED1Val)
                  200079c6    00000001     profiles_pxxx_coc.a : gapgattserver.o (.data)
                  200079c7    00000001                         : gapgattserver.o (.data)
                  200079c8    00000001                         : gapgattserver.o (.data)
                  200079c9    00000001                         : gapgattserver.o (.data)
                  200079ca    00000001                         : gattservapp.o (.data)
                  200079cb    00000001                         : gattservapp.o (.data)

.bss       0    20007a00    0000b797     UNINITIALIZED
                  20007a00    00007530     (.common:ti_sysbios_heaps_HeapMem_Instance_State_0_buf__A)
                  2000ef30    00000800     (.common:appAzanTaskStack)
                  2000f730    00000800     (.common:appTaskStack)
                  2000ff30    00000050     (.common:paTask)
                  2000ff80    00000800     (.common:ti_uia_loggers_LoggerStopMode_Instance_State_1_packetArray__A)
                  20010780    00000500     (.common:uartLog_evBuf)
                  20010c80    00000400     (.common:textarray)
                  20011080    00000300     ble_debug_pem4f.oem4f (.bss:taskStackSection)
                  20011380    00000300     (.common:xdc_runtime_SysMin_Module_State_0_outbuf__A)
                  20011680    00000250     (.common:uartCC26XXObjects)
                  200118d0    00000030     icall.obj (.bss:ICall_tasks)
                  20011900    00000200     (.common:ti_uia_loggers_LoggerStopMode_Instance_State_0_packetArray__A)
                  20011b00    000001c8     (.common:spiCC26XXDMAObjects)
                  20011cc8    000001c0     rf_multiMode_cc26x2_v1.aem4f : RFCC26X2_multiMode.oem4f (.bss:RF_cmdPool)
                  20011e88    00000120     rtsv7M4_T_le_v4SPD16_eabi.lib : trgmsg.c.obj (.bss:_CIOBUF_)
                  20011fa8    00000120     (.common:gptimerCC26XXObjects)
                  200120c8    000000dc     (.common:adcCC26xxObjects)
                  200121a4    000000d8     (.common:ti_sysbios_family_arm_m3_Hwi_dispatchTable)
                  2001227c    00000004     att_pxxx_coc.a : att_client.o (.bss)
                  20012280    000000c8     ll_pxxx.a : ll.o (.bss)
                  20012348    000000ac     (.common:uartLog_outBuf)
                  200123f4    0000007c     (.common:pinHandleTable)
                  20012470    00000068     rf_multiMode_cc26x2_v1.aem4f : RFCC26X2_multiMode.oem4f (.bss:RF_ratModule)
                  200124d8    00000060     project_zero.obj (.bss:connList)
                  20012538    00000054     (.common:ecdhCC26X2Objects)
                  2001258c    00000050     (.common:pzTask)
                  200125dc    0000004c     (.common:aesccmCC26XXObjects)
                  20012628    0000004c     (.common:aesecbCC26XXObjects)
                  20012674    00000048     icall.obj (.bss:ICall_entities)
                  200126bc    00000044     ll_pxxx.a : ll_ae.o (.bss)
                  20012700    00000044     sm_pxxx_coc.a : sm_pairing.o (.bss)
                  20012744    00000040     CC26X2R1_LAUNCHXL.obj (.bss:verifyBuf)
                  20012784    00000040     (.common:uartCC26XXRingBuffer)
                  200127c4    00000038     ll_pxxx.a : ble.o (.bss)
                  200127fc    00000034     rf_multiMode_cc26x2_v1.aem4f : RFCC26X2_multiMode.oem4f (.bss:RF_swiFsmObj)
                  20012830    00000034                                  : RFCC26X2_multiMode.oem4f (.bss:RF_swiHwObj)
                  20012864    00000034     drivers_cc26x2_v1.aem4f : PINCC26XX.oem4f (.bss:pinSwi)
                  20012898    00000030     rf_multiMode_cc26x2_v1.aem4f : RFCC26X2_multiMode.oem4f (.bss:RF_Sch)
                  200128c8    00000030     gap_pxxx_coc.a : linkdb.o (.bss)
                  200128f8    00000030     l2cap_pxxx_coc.a : l2cap_task.o (.bss)
                  20012928    00000028     (.common:nvFptrs)
                  20012950    00000024     rf_multiMode_cc26x2_v1.aem4f : RFCC26X2_multiMode.oem4f (.bss:RF_clkPowerUpObj)
                  20012974    0000000c     ble5_project_zero_cc26x2r1lp_stack_library.lib : osal_timers.obj (.bss:$O1$$)
                  20012980    00000030     (.common:ti_uia_loggers_LoggerStopMode_Instance_State_0_hdr__A)
                  200129b0    00000024     project_zero.obj (.bss:clkPeriodic)
                  200129d4    00000024     ll_pxxx.a : ll.o (.bss)
                  200129f8    00000008     button_service.obj (.bss)
                  20012a00    00000030     (.common:ti_uia_loggers_LoggerStopMode_Instance_State_1_hdr__A)
                  20012a30    00000024     ll_pxxx.a : ll_enc.o (.bss)
                  20012a54    00000020     rf_multiMode_cc26x2_v1.aem4f : RFCC26X2_multiMode.oem4f (.bss:RF_cmdQ)
                  20012a74    00000020     drivers_cc26x2_v1.aem4f : GPIOCC26XX.oem4f (.bss:gpioCallbackInfo)
                  20012a94    00000020     ll_pxxx.a : ll_ecc.o (.bss)
                  20012ab4    00000020               : ll_enc.o (.bss)
                  20012ad4    00000020     drivers_cc26x2_v1.aem4f : PINCC26XX.oem4f (.bss:pinGpioConfigTable)
                  20012af4    00000020     (.common:spiParams)
                  20012b14    00000020     (.common:udmaObjects)
                  20012b34    0000001c     rf_multiMode_cc26x2_v1.aem4f : RFCC26X2_multiMode.oem4f (.bss:RF_hwiCpe0Obj)
                  20012b50    0000001c                                  : RFCC26X2_multiMode.oem4f (.bss:RF_hwiHwObj)
                  20012b6c    0000001c     drivers_cc26x2_v1.aem4f : ADCCC26XX.oem4f (.bss:adcSemaphore)
                  20012b88    0000001c     gap_pxxx_coc.a : gap_configmgr.o (.bss)
                  20012ba4    0000001c     ll_pxxx.a : ble.o (.bss)
                  20012bc0    0000001c     drivers_cc26x2_v1.aem4f : PINCC26XX.oem4f (.bss:pinHwi)
                  20012bdc    0000001c                             : PINCC26XX.oem4f (.bss:pinSemaphore)
                  20012bf8    0000001c     (.common:CryptoResourceCC26XX_accessSemaphore)
                  20012c14    0000001c     (.common:CryptoResourceCC26XX_hwi)
                  20012c30    0000001c     (.common:CryptoResourceCC26XX_operationSemaphore)
                  20012c4c    0000001c     (.common:PKAResourceCC26XX_accessSemaphore)
                  20012c68    0000001c     (.common:PKAResourceCC26XX_hwi)
                  20012c84    0000001c     (.common:PKAResourceCC26XX_operationSemaphore)
                  20012ca0    00000019     nvoctp.obj (.bss)
                  20012cb9    00000002     drivers_cc26x2_v1.aem4f : UARTCC26XX.oem4f (.bss)
                  20012cbb    00000001     att_pxxx_coc.a : att_util.o (.bss)
                  20012cbc    00000018     profiles_pxxx_coc.a : gapgattserver.o (.bss)
                  20012cd4    00000018                         : gattservapp.o (.bss)
                  20012cec    00000018     (.common:transaction)
                  20012d04    00000016     rf_multiMode_cc26x2_v1.aem4f : RFCC26X2_multiMode.oem4f (.bss)
                  20012d1a    00000002     hci_pxxx.a : hci.o (.bss)
                  20012d1c    00000014     rf_multiMode_cc26x2_v1.aem4f : RFCC26X2_multiMode.oem4f (.bss:RF_ratSyncCmd)
                  20012d30    00000014                                  : RFCC26X2_multiMode.oem4f (.bss:RF_wakeupNotifyObj)
                  20012d44    00000014     project_zero.obj (.bss:addrStr$3)
                  20012d58    00000014     project_zero.obj (.bss:addrStr$5)
                  20012d6c    00000014     project_zero.obj (.bss:addrStr$6)
                  20012d80    00000014     ll_pxxx.a : ble.o (.bss)
                  20012d94    00000014               : ll.o (.bss)
                  20012da8    00000014     driverlib.lib : osc.obj (.bss:oscHfGlobals)
                  20012dbc    00000014     drivers_cc26x2_v1.aem4f : GPIOCC26XX.oem4f (.bss:powerNotifyObj)
                  20012dd0    00000010     rf_multiMode_cc26x2_v1.aem4f : RFCC26X2_multiMode.oem4f (.bss:RF_core)
                  20012de0    00000010     gap_pxxx_coc.a : gap_configmgr.o (.bss)
                  20012df0    00000010     ll_pxxx.a : ble.o (.bss)
                  20012e00    00000010               : ll_ecc.o (.bss)
                  20012e10    00000010               : ll_ecc.o (.bss)
                  20012e20    00000010               : ll_ecc.o (.bss)
                  20012e30    00000010               : ll_ecc.o (.bss)
                  20012e40    00000010               : ll_ecc.o (.bss)
                  20012e50    00000010               : ll_ecc.o (.bss)
                  20012e60    00000010               : ll_enc.o (.bss)
                  20012e70    00000010               : ll_enc.o (.bss)
                  20012e80    00000010               : ll_enc.o (.bss)
                  20012e90    00000010               : ll_enc.o (.bss)
                  20012ea0    00000010     project_zero.obj (.bss:pretty_data_holder$7)
                  20012eb0    00000010     drivers_cc26x2_v1.aem4f : NVSSPI25X.oem4f (.bss:spiHandles)
                  20012ec0    0000000d     project_zero.obj (.bss)
                  20012ecd    0000000c     nvoctp.obj (.bss:NVOCTP_itemBuffer)
                  20012ed9    00000001     gap_pxxx_coc.a : gap_advertiser.o (.bss)
                  20012eda    00000002     ll_pxxx.a : ll.o (.bss)
                  20012edc    0000000c     nvoctp.obj (.bss:NVOCTP_nvsAttrs)
                  20012ee8    0000000c     project_zero.obj (.bss:appMsgQueue)
                  20012ef4    0000000c     drivers_cc26x2_v1.aem4f : NVSCC26XX.oem4f (.bss)
                  20012f00    0000000c                             : NVSSPI25X.oem4f (.bss)
                  20012f0c    0000000c                             : GPIOCC26XX.oem4f (.bss:gpioPinState)
                  20012f18    0000000c     project_zero.obj (.bss:ledPinState)
                  20012f24    0000000c     ll_pxxx.a : ll_ecc.o (.bss)
                  20012f30    0000000c               : ll_enc.o (.bss)
                  20012f3c    0000000c               : ll_scheduler.o (.bss)
                  20012f48    0000000c     project_zero.obj (.bss:spiPinState)
                  20012f54    0000000c     (.common:nvsSPI25XObjects)
                  20012f60    0000000c     (.common:sdspiObjects)
                  20012f6c    00000008     drivers_cc26x2_v1.aem4f : GPIOCC26XX.oem4f (.bss)
                  20012f74    00000008     gap_pxxx_coc.a : gap_configmgr.o (.bss)
                  20012f7c    00000008                    : gap_linkmgr.o (.bss)
                  20012f84    00000008     hci_pxxx.a : hci_event.o (.bss)
                  20012f8c    00000008                : hci_event.o (.bss)
                  20012f94    00000008                : hci_event.o (.bss)
                  20012f9c    00000008     ll_pxxx.a : ll.o (.bss)
                  20012fa4    00000008               : ll.o (.bss)
                  20012fac    00000008               : ll.o (.bss)
                  20012fb4    00000008               : ll.o (.bss)
                  20012fbc    00000008               : ll.o (.bss)
                  20012fc4    00000004     att_pxxx_coc.a : att_server.o (.bss)
                  20012fc8    00000008     ll_pxxx.a : ll.o (.bss)
                  20012fd0    00000008               : ll_common.o (.bss)
                  20012fd8    00000008               : ll_privacy.o (.bss)
                  20012fe0    00000008     project_zero.obj (.bss:paramUpdateList)
                  20012fe8    00000008     profiles_pxxx_coc.a : gattservapp.o (.bss)
                  20012ff0    00000008     project_zero.obj (.bss:setPhyCommStatList)
                  20012ff8    00000008     (.common:masterRxBuffer)
                  20013000    00000008     (.common:masterTxBuffer)
                  20013008    00000008     (.common:paramsADC)
                  20013010    00000008     (.common:parmbuf)
                  20013018    00000008     (.common:sdHeader)
                  20013020    00000004     data_service.obj (.bss)
                  20013024    00000004     drivers_cc26x2_v1.aem4f : ECDHCC26X2.oem4f (.bss)
                  20013028    00000004                             : PINCC26XX.oem4f (.bss)
                  2001302c    00000004     gap_pxxx_coc.a : gap_advertiser.o (.bss)
                  20013030    00000004                    : gap_linkmgr.o (.bss)
                  20013034    00000004                    : gap_linkmgr.o (.bss)
                  20013038    00000004                    : gap_linkmgr.o (.bss)
                  2001303c    00000004                    : gap_linkmgr.o (.bss)
                  20013040    00000004                    : gap_perilinkmgr.o (.bss)
                  20013044    00000004                    : gap_task.o (.bss)
                  20013048    00000004                    : linkdb.o (.bss)
                  2001304c    00000004     gatt_pxxx_coc.a : gatt_client.o (.bss)
                  20013050    00000004                     : gatt_server.o (.bss)
                  20013054    00000004                     : gatt_server.o (.bss)
                  20013058    00000004                     : gatt_task.o (.bss)
                  2001305c    00000004                     : gatt_task.o (.bss)
                  20013060    00000004     icall.obj (.bss)
                  20013064    00000004     l2cap_pxxx_coc.a : l2cap_task.o (.bss)
                  20013068    00000004                      : l2cap_task.o (.bss)
                  2001306c    00000004     ll_pxxx.a : ble.o (.bss)
                  20013070    00000004               : ble.o (.bss)
                  20013074    00000004               : ble.o (.bss)
                  20013078    00000004               : ble.o (.bss)
                  2001307c    00000004               : ble.o (.bss)
                  20013080    00000004               : ll.o (.bss)
                  20013084    00000004               : ll.o (.bss)
                  20013088    00000004               : ll.o (.bss)
                  2001308c    00000004               : ll.o (.bss)
                  20013090    00000004               : ll.o (.bss)
                  20013094    00000004               : ll.o (.bss)
                  20013098    00000004               : ll.o (.bss)
                  2001309c    00000004               : ll.o (.bss)
                  200130a0    00000004               : ll.o (.bss)
                  200130a4    00000004               : ll.o (.bss)
                  200130a8    00000004               : ll.o (.bss)
                  200130ac    00000004               : ll.o (.bss)
                  200130b0    00000004               : ll_ae.o (.bss)
                  200130b4    00000004               : ll_ecc.o (.bss)
                  200130b8    00000004               : ll_ecc.o (.bss)
                  200130bc    00000004               : ll_enc.o (.bss)
                  200130c0    00000004               : ll_enc.o (.bss)
                  200130c4    00000004               : ll_privacy.o (.bss)
                  200130c8    00000004               : ll_wl.o (.bss)
                  200130cc    00000004               : ll_wl.o (.bss)
                  200130d0    00000004     profiles_pxxx_coc.a : gapgattserver.o (.bss)
                  200130d4    00000004                         : gattservapp.o (.bss)
                  200130d8    00000004                         : gattservapp.o (.bss)
                  200130dc    00000004                         : gattservapp.o (.bss)
                  200130e0    00000004                         : gattservapp.o (.bss)
                  200130e4    00000004     sm_pxxx_coc.a : sm_pairing.o (.bss)
                  200130e8    00000004                   : sm_pairing.o (.bss)
                  200130ec    00000004                   : sm_pairing.o (.bss)
                  200130f0    00000004                   : sm_rsppairing.o (.bss)
                  200130f4    00000004     drivers_cc26x2_v1.aem4f : NVSSPI25X.oem4f (.bss:spiHandleUsers)
                  200130f8    00000004     (.common:ClockP_tickPeriod)
                  200130fc    00000004     (.common:PowerCC26XX_swiKey)
                  20013100    00000004     (.common:PowerCC26XX_taskKey)
                  20013104    00000004     (.common:adc)
                  20013108    00000004     (.common:cardCapacity)
                  2001310c    00000004     (.common:hTimer)
                  20013110    00000004     (.common:i)
                  20013114    00000004     (.common:ledPinHandle)
                  20013118    00000004     (.common:masterSpi)
                  2001311c    00000004     (.common:nvsCC26xxObjects)
                  20013120    00000004     (.common:result)
                  20013124    00000004     (.common:sectorSize)
                  20013128    00000004     (.common:sectors)
                  2001312c    00000004     (.common:spiPinHandle)
                  20013130    00000004     (.common:tasksEvents)
                  20013134    00000004     (.common:totalSectors)
                  20013138    00000004     (.common:trngCC26XXObjects)
                  2001313c    00000002     ll_pxxx.a : ll.o (.bss)
                  2001313e    00000002               : ll.o (.bss)
                  20013140    00000002               : ll.o (.bss)
                  20013142    00000002               : ll.o (.bss)
                  20013144    00000002               : ll.o (.bss)
                  20013146    00000002               : ll.o (.bss)
                  20013148    00000002               : ll.o (.bss)
                  2001314a    00000002               : ll.o (.bss)
                  2001314c    00000002               : ll.o (.bss)
                  2001314e    00000002               : ll.o (.bss)
                  20013150    00000002               : ll.o (.bss)
                  20013152    00000002               : ll.o (.bss)
                  20013154    00000002               : ll_slave_end_causes.o (.bss)
                  20013156    00000002     profiles_pxxx_coc.a : gapgattserver.o (.bss)
                  20013158    00000002                         : gattservapp.o (.bss)
                  2001315a    00000001     gap_pxxx_coc.a : gap_advertiser.o (.bss)
                  2001315b    00000001                    : gap_advertiser.o (.bss)
                  2001315c    00000001                    : gap_configmgr.o (.bss)
                  2001315d    00000001                    : gap_configmgr.o (.bss)
                  2001315e    00000001                    : gap_devmgr.o (.bss)
                  2001315f    00000001                    : gap_linkmgr.o (.bss)
                  20013160    00000001                    : gap_task.o (.bss)
                  20013161    00000001                    : linkdb.o (.bss)
                  20013162    00000001                    : linkdb.o (.bss)
                  20013163    00000001     gatt_pxxx_coc.a : gatt_task.o (.bss)
                  20013164    00000001                     : gatt_task.o (.bss)
                  20013165    00000001     hci_pxxx.a : hci.o (.bss)
                  20013166    00000001                : hci.o (.bss)
                  20013167    00000001     hci_tl_none.a : hci_tl.o (.bss)
                  20013168    00000001                   : hci_tl.o (.bss)
                  20013169    00000001                   : hci_tl.o (.bss)
                  2001316a    00000001                   : hci_tl.o (.bss)
                  2001316b    00000001                   : hci_tl.o (.bss)
                  2001316c    00000001     l2cap_pxxx_coc.a : l2cap_if.o (.bss)
                  2001316d    00000001                      : l2cap_task.o (.bss)
                  2001316e    00000001                      : l2cap_task.o (.bss)
                  2001316f    00000001                      : l2cap_task.o (.bss)
                  20013170    00000001                      : l2cap_task.o (.bss)
                  20013171    00000001                      : l2cap_task.o (.bss)
                  20013172    00000001                      : l2cap_task.o (.bss)
                  20013173    00000001                      : l2cap_util.o (.bss)
                  20013174    00000001                      : l2cap_util.o (.bss)
                  20013175    00000001     ll_pxxx.a : ll.o (.bss)
                  20013176    00000001               : ll.o (.bss)
                  20013177    00000001               : ll.o (.bss)
                  20013178    00000001               : ll.o (.bss)
                  20013179    00000001               : ll.o (.bss)
                  2001317a    00000001               : ll.o (.bss)
                  2001317b    00000001               : ll.o (.bss)
                  2001317c    00000001               : ll.o (.bss)
                  2001317d    00000001               : ll.o (.bss)
                  2001317e    00000001               : ll.o (.bss)
                  2001317f    00000001               : ll.o (.bss)
                  20013180    00000001               : ll.o (.bss)
                  20013181    00000001               : ll.o (.bss)
                  20013182    00000001               : ll.o (.bss)
                  20013183    00000001               : ll.o (.bss)
                  20013184    00000001               : ll.o (.bss)
                  20013185    00000001               : ll.o (.bss)
                  20013186    00000001               : ll.o (.bss)
                  20013187    00000001               : ll.o (.bss)
                  20013188    00000001               : ll.o (.bss)
                  20013189    00000001               : ll_ae.o (.bss)
                  2001318a    00000001               : ll_ae.o (.bss)
                  2001318b    00000001               : ll_ae.o (.bss)
                  2001318c    00000001               : ll_config.o (.bss)
                  2001318d    00000001               : ll_config.o (.bss)
                  2001318e    00000001     profiles_pxxx_coc.a : gapgattserver.o (.bss)
                  2001318f    00000001                         : gattservapp.o (.bss)
                  20013190    00000001                         : gattservapp.o (.bss)
                  20013191    00000001     sm_pxxx_coc.a : sm_task.o (.bss)
                  20013192    00000001                   : sm_task.o (.bss)
                  20013193    00000001     (.common:driverlib_release_0_51995)
                  20013194    00000001     (.common:icall_liteTaskId)
                  20013195    00000001     (.common:osal_entity)
                  20013196    00000001     (.common:transferOK)

.vtable    0    20013197    00000000     UNINITIALIZED

.vtable_ram 
*          0    20013197    00000000     UNINITIALIZED

vtable_ram 
*          0    20013197    00000000     UNINITIALIZED

.sysmem    0    20013197    00000000     UNINITIALIZED

.nonretenvar 
*          0    20013197    00000000     UNINITIALIZED

.image_header 
*          0    0002fc04    00000038     
                  0002fc04    00000038     oad_image_header_app.obj (.image_header:retain)

.text      0    0000003c    0002a5d4     
                  0000003c    000012a4     ll_pxxx.a : ll.o (.text)
                  000012e0    00000804               : ble.o (.text)
                  00001ae4    0000070c               : ll_adv_end_causes.o (.text)
                  000021f0    00000514               : ll_slave_end_causes.o (.text)
                  00002704    000004a0               : ll_slave_end_causes.o (.text)
                  00002ba4    00000440               : ll_ae.o (.text)
                  00002fe4    00000420     sysbios.aem4f : BIOS.obj (.text:ti_sysbios_family_arm_m3_Hwi_excDumpRegs__I)
                  00003404    000003e8     ble5_project_zero_cc26x2r1lp_stack_library.lib : gapbondmgr.obj (.text:GAPBondMgr_ProcessGAPMsg)
                  000037ec    000003d8     project_zero.obj (.text:ProjectZero_processGapMessage)
                  00003bc4    000003a8     audiotest.obj (.text:ProjectAzan_taskFxn)
                  00003f6c    00000398     ll_pxxx.a : ll.o (.text)
                  00004304    0000032c               : ll_isr.o (.text)
                  00004630    00000314               : ll_ae.o (.text)
                  00004944    00000314     sysbios.aem4f : BIOS.obj (.text:xdc_runtime_System_doPrint__I)
                  00004c58    000002f8     rf_multiMode_cc26x2_v1.aem4f : RFCC26X2_multiMode.oem4f (.text:RF_fsmActiveState)
                  00004f50    000002f8     ll_pxxx.a : ll_isr.o (.text)
                  00005248    000002d4     project_zero.obj (.text:ProjectZero_init)
                  0000551c    000002b0     ll_pxxx.a : ll_slave_end_causes.o (.text)
                  000057cc    0000029c     data_service.obj (.text:Data_Service_WriteAttrCB)
                  00005a68    00000294     audiotest.obj (.text:initSD)
                  00005cfc    0000027c     project_zero.obj (.text:ProjectZero_DataService_ValueChangeHandler)
                  00005f78    0000027c     audiotest.obj (.text:writetoSDCard)
                  000061f4    00000268     audiotest.obj (.text:readFromSDCard)
                  0000645c    00000260     hci_pxxx.a : hci_event.o (.text)
                  000066bc    00000258     ll_pxxx.a : ll_common.o (.text)
                  00006914    00000244               : ll_ae.o (.text)
                  00006b58    00000240     button_service.obj (.text:ButtonService_SetParameter)
                  00006d98    00000240     data_service.obj (.text:DataService_SetParameter)
                  00006fd8    00000230     ll_pxxx.a : ll_scheduler.o (.text)
                  00007208    0000021c               : ll_ae.o (.text)
                  00007424    00000218     drivers_cc26x2_v1.aem4f : SPICC26XXDMA.oem4f (.text:SPICC26XXDMA_transfer)
                  0000763c    00000218     audiotest.obj (.text:timerCallback)
                  00007854    00000214     ll_pxxx.a : ll_ae.o (.text)
                  00007a68    00000210               : ll_common.o (.text)
                  00007c78    0000020c     ble5_project_zero_cc26x2r1lp_stack_library.lib : gapbondmgr.obj (.text:GAPBondMgr_ProcessEvent)
                  00007e84    00000208                                                    : gapbondmgr.obj (.text:GAPBondMgr_SetParameter)
                  0000808c    00000208     ll_pxxx.a : ll_isr.o (.text)
                  00008294    00000204     profiles_pxxx_coc.a : gattservapp.o (.text)
                  00008498    00000204     sm_pxxx_coc.a : sm_pairing.o (.text)
                  0000869c    00000200     ll_pxxx.a : ll_scheduler.o (.text)
                  0000889c    000001ee     main.obj (.text:AssertHandler)
                  00008a8a    00000002     ble_user_config.obj (.text:DefaultAssertCback)
                  00008a8c    000001e4     sm_pxxx_coc.a : sm_rsppairing.o (.text)
                  00008c70    000001d8     led_service.obj (.text:LED_Service_WriteAttrCB)
                  00008e48    000001d8     ble5_project_zero_cc26x2r1lp_stack_library.lib : gapbondmgr.obj (.text:gapBondMgrAddBond)
                  00009020    000001d4     ll_pxxx.a : ll_common.o (.text)
                  000091f4    000001c8     ble5_project_zero_cc26x2r1lp_stack_library.lib : osal.obj (.text:osal_run_system)
                  000093bc    000001c4     nvoctp.obj (.text:NVOCTP_initNvApi)
                  00009580    000001c0     drivers_cc26x2_v1.aem4f : PINCC26XX.oem4f (.text:PIN_init)
                  00009740    000001b8     ble5_project_zero_cc26x2r1lp_stack_library.lib : gap.obj (.text:GAP_DeviceInit)
                  000098f8    000001a8     drivers_cc26x2_v1.aem4f : SDSPI.oem4f (.text:SDSPI_initialize)
                  00009aa0    000001a4     gap_pxxx_coc.a : gap_advertiser.o (.text)
                  00009c44    0000019c     ll_pxxx.a : ll_isr.o (.text)
                  00009de0    00000194     driverlib.lib : pka.obj (.text:NOROM_PKAEccVerifyPublicKeyWeierstrassStart)
                  00009f74    00000194     drivers_cc26x2_v1.aem4f : PowerCC26X2_calibrateRCOSC.oem4f (.text:runCalibrateFsm)
                  0000a108    00000190                             : ECDHCC26X2.oem4f (.text:ECDHCC26X2_runFSM)
                  0000a298    00000190     PowerCC26X2.obj (.text:Power_sleep)
                  0000a428    00000190     ll_pxxx.a : ll.o (.text)
                  0000a5b8    0000018c     rf_multiMode_cc26x2_v1.aem4f : RFCC26X2_multiMode.oem4f (.text:RF_scheduleCmd)
                  0000a744    00000174     profiles_pxxx_coc.a : gattservapp.o (.text)
                  0000a8b8    00000170     rf_multiMode_cc26x2_v1.aem4f : RFCC26X2_multiMode.oem4f (.text:RF_fsmSetupState)
                  0000aa28    0000016c     sysbios.aem4f : BIOS.obj (.text:ti_sysbios_family_arm_m3_Hwi_excBusFault__I)
                  0000ab94    00000168     drivers_cc26x2_v1.aem4f : NVSSPI25X.oem4f (.text:NVSSPI25X_write)
                  0000acfc    00000168     UartLog.obj (.text:uartLog_doPrint)
                  0000ae64    00000164     button_service.obj (.text:Button_Service_ReadAttrCB)
                  0000afc8    00000160     data_service.obj (.text:Data_Service_ReadAttrCB)
                  0000b128    00000160     led_service.obj (.text:LED_Service_ReadAttrCB)
                  0000b288    00000160     drivers_cc26x2_v1.aem4f : SPICC26XXDMA.oem4f (.text:SPICC26XXDMA_initIO)
                  0000b3e8    00000160     gatt_pxxx_coc.a : gatt_client.o (.text)
                  0000b548    00000160     ll_pxxx.a : ll_data.o (.text)
                  0000b6a8    0000015c     drivers_cc26x2_v1.aem4f : UARTCC26XX.oem4f (.text:UARTCC26XX_open)
                  0000b804    0000015c                             : PowerCC26X2_calibrateRCOSC.oem4f (.text:calibrateRcoscHf1)
                  0000b960    0000015c     sm_pxxx_coc.a : sm_mgr.o (.text)
                  0000babc    00000158     sysbios.aem4f : BIOS.obj (.text:ti_sysbios_family_arm_m3_Hwi_excUsageFault__I)
                  0000bc14    00000154     led_service.obj (.text:LedService_SetParameter)
                  0000bd68    00000154     nvoctp.obj (.text:NVOCTP_compactPage)
                  0000bebc    00000154     drivers_cc26x2_v1.aem4f : UARTCC26XX.oem4f (.text:UARTCC26XX_hwiIntFxn)
                  0000c010    00000154     gap_pxxx_coc.a : gap_advertiser.o (.text)
                  0000c164    0000014c     gatt_pxxx_coc.a : gatt_server.o (.text)
                  0000c2b0    0000014b     project_zero.obj (.text:ProjectZero_processHCIMsg)
                  0000c3fb    00000001     --HOLE-- [fill = 0]
                  0000c3fc    00000148     nvoctp.obj (.text:NVOCTP_writeItem)
                  0000c544    00000148     l2cap_pxxx_coc.a : l2cap_task.o (.text)
                  0000c68c    00000148     sm_pxxx_coc.a : sm_mgr.o (.text)
                  0000c7d4    00000144     button_service.obj (.text:Button_Service_WriteAttrCB)
                  0000c918    00000140     project_zero.obj (.text:ProjectZero_LedService_ValueChangeHandler)
                  0000ca58    00000140     ll_pxxx.a : ll_common.o (.text)
                  0000cb98    00000140               : ll_isr.o (.text)
                  0000ccd8    00000140     sysbios.aem4f : BIOS.obj (.text:ti_sysbios_family_arm_m3_Hwi_excMemFault__I)
                  0000ce18    0000013c     ble5_project_zero_cc26x2r1lp_stack_library.lib : gapbondmgr.obj (.text:gapBondMgrAuthenticate)
                  0000cf54    00000138     drivers_cc26x2_v1.aem4f : NVSCC26XX.oem4f (.text:NVSCC26XX_write)
                  0000d08c    00000138     profiles_pxxx_coc.a : gattservapp.o (.text)
                  0000d1c4    00000138     ble_debug_pem4f.oem4f (.text:ti_uia_loggers_LoggerStopMode_writeMemoryRange__E)
                  0000d2fc    00000134     driverlib.lib : setup.obj (.text:TrimAfterColdResetWakeupFromShutDown)
                  0000d430    0000012c     rf_multiMode_cc26x2_v1.aem4f : RFCC26X2_multiMode.oem4f (.text:RF_getInfo)
                  0000d55c    00000128                                  : RFCC26X2_multiMode.oem4f (.text:RF_fsmChangePhyState)
                  0000d684    00000124                                  : RFCC26X2_multiMode.oem4f (.text:RF_abortCmd)
                  0000d7a8    00000124                                  : RFCC26X2_multiMode.oem4f (.text:RF_init)
                  0000d8cc    00000124     ll_pxxx.a : ll_scheduler.o (.text)
                  0000d9f0    00000120     drivers_cc26x2_v1.aem4f : UARTCC26XX.oem4f (.text:UARTCC26XX_read)
                  0000db10    0000011c                             : SPICC26XXDMA.oem4f (.text:SPICC26XXDMA_configDMA)
                  0000dc2c    0000011c                             : SPICC26XXDMA.oem4f (.text:SPICC26XXDMA_open)
                  0000dd48    0000011c     l2cap_pxxx_coc.a : l2cap_util.o (.text)
                  0000de64    0000011c     profiles_pxxx_coc.a : gattservapp.o (.text)
                  0000df80    0000011a     l2cap_pxxx_coc.a : l2cap_task.o (.text)
                  0000e09a    00000002     driverlib.lib : rfc.obj (.text:NOROM_RFCCpePatchReset)
                  0000e09c    00000118                   : sys_ctrl.obj (.text:NOROM_SysCtrlStandby)
                  0000e1b4    00000118     profiles_pxxx_coc.a : gattservapp.o (.text)
                  0000e2cc    00000114     PowerCC26X2.obj (.text:Power_init)
                  0000e3e0    00000114     project_zero.obj (.text:ProjectZero_processPairState)
                  0000e4f4    00000114     rf_multiMode_cc26x2_v1.aem4f : RFCC26X2_multiMode.oem4f (.text:RF_radioOpDoneCb)
                  0000e608    00000114     ll_pxxx.a : ll_common.o (.text)
                  0000e71c    00000114     ble_debug_pem4f.oem4f (.text:ti_uia_loggers_LoggerStopMode_write8__E)
                  0000e830    00000110     gatt_pxxx_coc.a : gatt_server.o (.text)
                  0000e940    00000110     sm_pxxx_coc.a : sm_rsppairing.o (.text)
                  0000ea50    0000010c     project_zero.obj (.text:isAthanTime)
                  0000eb5c    0000010a     icall.obj (.text:ICall_waitMatch)
                  0000ec66    00000002     drivers_cc26x2_v1.aem4f : NVSSPI25X.oem4f (.text:NVSSPI25X_deinitSpiCs)
                  0000ec68    00000108     gap_pxxx_coc.a : gap_advertiser.o (.text)
                  0000ed70    00000108     ble5_project_zero_cc26x2r1lp_stack_library.lib : ble_user_config.obj (.text:setBleUserConfig)
                  0000ee78    00000108     sysbios.aem4f : BIOS.obj (.text:ti_sysbios_knl_Semaphore_pend__E)
                  0000ef80    00000104     rf_multiMode_cc26x2_v1.aem4f : RFCC26X2_multiMode.oem4f (.text:RF_open)
                  0000f084    00000104     sm_pxxx_coc.a : sm_rsppairing.o (.text)
                  0000f188    00000100     drivers_cc26x2_v1.aem4f : GPIOCC26XX.oem4f (.text:GPIO_setConfig)
                  0000f288    00000100     project_zero.obj (.text:ProjectZero_handleUpdateLinkEvent)
                  0000f388    00000100     rf_multiMode_cc26x2_v1.aem4f : RFCC26X2_multiMode.oem4f (.text:RF_fsmPowerUpState)
                  0000f488    00000100     drivers_cc26x2_v1.aem4f : UARTCC26XX.oem4f (.text:UARTCC26XX_write)
                  0000f588    000000fc     ll_pxxx.a : ll.o (.text)
                  0000f684    000000fc     rtsv7M4_T_le_v4SPD16_eabi.lib : fd_mul_t2.asm.obj (.text)
                  0000f780    000000fc     sysbios.aem4f : BIOS.obj (.text:ti_sysbios_family_arm_m3_Hwi_excFillContext__I)
                  0000f87c    000000fc     ble_debug_pem4f.oem4f (.text:ti_uia_loggers_LoggerStopMode_write4__E)
                  0000f978    000000fa     gatt_pxxx_coc.a : gatt_client.o (.text)
                  0000fa72    00000002     ble5_project_zero_cc26x2r1lp_stack_library.lib : onboard.obj (.text:Onboard_soft_reset)
                  0000fa74    000000f8     drivers_cc26x2_v1.aem4f : NVSSPI25X.oem4f (.text:NVSSPI25X_open)
                  0000fb6c    000000f8     project_zero.obj (.text:ProjectZero_ButtonService_CfgChangeHandler)
                  0000fc64    000000f8     profiles_pxxx_coc.a : gattservapp.o (.text)
                  0000fd5c    000000f8     sysbios.aem4f : BIOS.obj (.text:xdc_runtime_Startup_startMods__I)
                  0000fe54    000000f8     ble_debug_pem4f.oem4f (.text:xdc_runtime_System_printfExtend__I)
                  0000ff4c    000000f6     sm_pxxx_coc.a : sm_mgr.o (.text)
                  00010042    00000002     rf_multiMode_cc26x2_v1.aem4f : RFCC26X2_multiMode.oem4f (.text:RF_defaultCallback)
                  00010044    000000f4     drivers_cc26x2_v1.aem4f : ADCCC26XX.oem4f (.text:ADCCC26XX_convert)
                  00010138    000000f4     ble5_project_zero_cc26x2r1lp_stack_library.lib : gapbondmgr.obj (.text:gapBondMgrEraseBonding)
                  0001022c    000000f4     gap_pxxx_coc.a : gap_linkmgr.o (.text)
                  00010320    000000f4     sm_pxxx_coc.a : sm_task.o (.text)
                  00010414    000000f0     drivers_cc26x2_v1.aem4f : AESCCMCC26XX.oem4f (.text:AESCCM_startOperation)
                  00010504    000000f0     devinfoservice.obj (.text:DevInfo_SetParameter)
                  000105f4    000000f0     rf_multiMode_cc26x2_v1.aem4f : RFCC26X2_multiMode.oem4f (.text:RF_pendCmd)
                  000106e4    000000f0     drivers_cc26x2_v1.aem4f : SPICC26XXDMA.oem4f (.text:SPICC26XXDMA_transferCancel)
                  000107d4    000000f0     audiotest.obj (.text:initDACSPI)
                  000108c4    000000f0     ble5_project_zero_cc26x2r1lp_stack_library.lib : osal_timers.obj (.text:osalTimerUpdate)
                  000109b4    000000f0     sm_pxxx_coc.a : sm_pairing.o (.text)
                  00010aa4    000000f0     sysbios.aem4f : m3_Hwi_asm.obj (.text:ti_sysbios_family_arm_m3_Hwi_dispatch__I)
                  00010b94    000000f0     ble_debug_pem4f.oem4f (.text:ti_uia_loggers_LoggerStopMode_write2__E)
                  00010c84    000000ec     project_zero.obj (.text:ProjectZero_taskFxn)
                  00010d70    000000ec     ll_pxxx.a : ll_common.o (.text)
                  00010e5c    000000ec     sysbios.aem4f : BIOS.obj (.text:ti_sysbios_family_arm_m3_Hwi_excHandlerMax__I)
                  00010f48    000000ec     ble_debug_pem4f.oem4f (.text:ti_uia_loggers_LoggerStopMode_write1__E)
                  00011034    000000e8     sysbios.aem4f : BIOS.obj (.text:ti_sysbios_knl_Event_pend__E)
                  0001111c    000000e7     project_zero.obj (.text:ProjectZero_DataService_CfgChangeHandler)
                  00011203    00000001     --HOLE-- [fill = 0]
                  00011204    000000e4     gatt_pxxx_coc.a : gatt_client.o (.text)
                  000112e8    000000e4     sm_pxxx_coc.a : sm_pairing.o (.text)
                  000113cc    000000e0     drivers_cc26x2_v1.aem4f : PINCC26XX.oem4f (.text:PINCC26XX_setIoCfg)
                  000114ac    000000e0     ble5_project_zero_cc26x2r1lp_stack_library.lib : gapbondmgr.obj (.text:gapBondMgr_LinkEst)
                  0001158c    000000e0     hci_pxxx.a : hci_event.o (.text)
                  0001166c    000000e0     ll_pxxx.a : ll_ae.o (.text)
                  0001174c    000000de     profiles_pxxx_coc.a : gapgattserver.o (.text)
                  0001182a    00000002     ble5_project_zero_cc26x2r1lp_stack_library.lib : sm_ecc.obj (.text:SM_dhKeyCB)
                  0001182c    000000dc     nvoctp.obj (.text:NVOCTP_readHeader)
                  00011908    000000dc     gap_pxxx_coc.a : gap_linkmgr.o (.text)
                  000119e4    000000dc                    : gap_task.o (.text)
                  00011ac0    000000dc     hci_pxxx.a : hci_event.o (.text)
                  00011b9c    000000dc     l2cap_pxxx_coc.a : l2cap_task.o (.text)
                  00011c78    000000dc     ll_pxxx.a : ll_wl.o (.text)
                  00011d54    000000dc     ble5_project_zero_cc26x2r1lp_stack_library.lib : osal.obj (.text:osal_set_event)
                  00011e30    000000dc     sm_pxxx_coc.a : sm_pairing.o (.text)
                  00011f0c    000000dc     ble_debug_pem4f.oem4f (.text:ti_uia_loggers_LoggerStopMode_write0__E)
                  00011fe8    000000d8     drivers_cc26x2_v1.aem4f : GPIOCC26XX.oem4f (.text:GPIO_init)
                  000120c0    000000d8     rf_multiMode_cc26x2_v1.aem4f : RFCC26X2_multiMode.oem4f (.text:RF_dispatchNextCmd)
                  00012198    000000d8     hci_pxxx.a : hci_event.o (.text)
                  00012270    000000d8     ll_pxxx.a : ll.o (.text)
                  00012348    000000d8               : ll_ae.o (.text)
                  00012420    000000d6     sm_pxxx_coc.a : sm_mgr.o (.text)
                  000124f6    00000002     ble5_project_zero_cc26x2r1lp_stack_library.lib : sm_ecc.obj (.text:SM_p256KeyCB)
                  000124f8    000000d4     project_zero.obj (.text:IncDateTime)
                  000125cc    000000d4     project_zero.obj (.text:ProjectZero_processConnEvt)
                  000126a0    000000d4     rf_multiMode_cc26x2_v1.aem4f : RFCC26X2_multiMode.oem4f (.text:RF_swiHw)
                  00012774    000000d4     smp_pxxx_coc.a : smp.o (.text)
                  00012848    000000d0     driverlib.lib : pka.obj (.text:PKAGetECCResult)
                  00012918    000000d0     ll_pxxx.a : ble.o (.text)
                  000129e8    000000d0     sm_pxxx_coc.a : sm_mgr.o (.text)
                  00012ab8    000000d0                   : sm_rsppairing.o (.text)
                  00012b88    000000cc     button_service.obj (.text:ButtonService_AddService)
                  00012c54    000000cc     devinfoservice.obj (.text:devInfo_ReadAttrCB)
                  00012d20    000000cc     ll_pxxx.a : ll_ae.o (.text)
                  00012dec    000000cc               : ll_ae.o (.text)
                  00012eb8    000000ca     sm_pxxx_coc.a : sm_mgr.o (.text)
                  00012f82    00000002     rtsv7M4_T_le_v4SPD16_eabi.lib : _lock.c.obj (.text:_nop)
                  00012f84    000000c8     rf_multiMode_cc26x2_v1.aem4f : RFCC26X2_multiMode.oem4f (.text:RF_control)
                  0001304c    000000c8     gap_pxxx_coc.a : gap_advertiser.o (.text)
                  00013114    000000c8     audiotest.obj (.text:initTimer)
                  000131dc    000000c8     ll_pxxx.a : ll_scheduler.o (.text)
                  000132a4    000000c8     sm_pxxx_coc.a : sm_mgr.o (.text)
                  0001336c    000000c8                   : sm_pairing.o (.text)
                  00013434    000000c8                   : sm_rsppairing.o (.text)
                  000134fc    000000c4     drivers_cc26x2_v1.aem4f : SDSPI.oem4f (.text:SDSPI_write)
                  000135c0    000000c4     profiles_pxxx_coc.a : gapgattserver.o (.text)
                  00013684    000000c4     sm_pxxx_coc.a : sm_pairing.o (.text)
                  00013748    000000c0     drivers_cc26x2_v1.aem4f : UARTCC26XX.oem4f (.text:UARTCC26XX_initIO)
                  00013808    000000c0     hci_pxxx.a : hci_event.o (.text)
                  000138c8    000000c0     ll_pxxx.a : ll.o (.text)
                  00013988    000000c0               : ll_data.o (.text)
                  00013a48    000000c0     sm_pxxx_coc.a : sm_rsppairing.o (.text)
                  00013b08    000000bf     project_zero.obj (.text:ProjectZero_processAdvEvent)
                  00013bc7    00000001     --HOLE-- [fill = 0]
                  00013bc8    000000be     gap_pxxx_coc.a : gap_linkmgr.o (.text)
                  00013c86    00000002     PowerCC26X2.obj (.text:emptyClockFunc)
                  00013c88    000000bc     button_service.obj (.text:ButtonService_RegisterAppCBs)
                  00013d44    000000bc     ble5_project_zero_cc26x2r1lp_stack_library.lib : gapbondmgr.obj (.text:GAPBondMgr_FindAddr)
                  00013e00    000000bc     PowerCC26X2.obj (.text:Power_releaseDependency)
                  00013ebc    000000bc     project_zero.obj (.text:ProjectZero_DataService_ValueChangeCB)
                  00013f78    000000bc     rf_multiMode_cc26x2_v1.aem4f : RFCC26X2_multiMode.oem4f (.text:RF_hwiCpe0Active)
                  00014034    000000bc     hci_pxxx.a : hci_event.o (.text)
                  000140f0    000000bc                : hci_event.o (.text)
                  000141ac    000000bc     l2cap_pxxx_coc.a : l2cap_util.o (.text)
                  00014268    000000bc     ll_pxxx.a : ll_common.o (.text)
                  00014324    000000bc     sysbios.aem4f : BIOS.obj (.text:ti_sysbios_knl_Task_Instance_init__E)
                  000143e0    000000bb     project_zero.obj (.text:ProjectZero_LedService_ValueChangeCB)
                  0001449b    00000001     --HOLE-- [fill = 0]
                  0001449c    000000b8     data_service.obj (.text:DataService_RegisterAppCBs)
                  00014554    000000b8     nvoctp.obj (.text:NVOCTP_checkItem)
                  0001460c    000000b8     project_zero.obj (.text:ProjectZero_processApplicationMessage)
                  000146c4    000000b8     drivers_cc26x2_v1.aem4f : UARTCC26XX.oem4f (.text:UARTCC26XX_initHw)
                  0001477c    000000b8     hci_pxxx.a : hci_event.o (.text)
                  00014834    000000b4     drivers_cc26x2_v1.aem4f : AESECBCC26XX.oem4f (.text:AESECB_oneStepDecrypt)
                  000148e8    000000b4     gattservapp_util.obj (.text:GATTServApp_ProcessCharCfg)
                  0001499c    000000b4     led_service.obj (.text:LedService_RegisterAppCBs)
                  00014a50    000000b4     dpl_cc26x2_v1.aem4f : PowerCC26X2_tirtos.oem4f (.text:PowerCC26XX_standbyPolicy)
                  00014b04    000000b4     PowerCC26X2.obj (.text:Power_setDependency)
                  00014bb8    000000b4     project_zero.obj (.text:initUART1)
                  00014c6c    000000b4     l2cap_pxxx_coc.a : l2cap_task.o (.text)
                  00014d20    000000b4     ll_pxxx.a : ll_scheduler.o (.text)
                  00014dd4    000000b4     profiles_pxxx_coc.a : gattservapp.o (.text)
                  00014e88    000000b4     sysbios.aem4f : BIOS.obj (.text:ti_sysbios_family_arm_m3_Hwi_excDebugMon__I)
                  00014f3c    000000b4                   : BIOS.obj (.text:ti_sysbios_family_arm_m3_Hwi_excHardFault__I)
                  00014ff0    000000b4                   : BIOS.obj (.text:ti_sysbios_knl_Task_checkStacks__E)
                  000150a4    000000b4                   : BIOS.obj (.text:xdc_runtime_Error_policyDefault__E)
                  00015158    000000b2     gatt_pxxx_coc.a : gatt_server.o (.text)
                  0001520a    00000002     drivers_cc26x2_v1.aem4f : CryptoResourceCC26XX.oem4f (.text:errorSpin)
                  0001520c    000000b0                             : AESECBCC26XX.oem4f (.text:AESECB_oneStepEncrypt)
                  000152bc    000000b0     project_zero.obj (.text:ProjectZero_ButtonService_CfgChangeCB)
                  0001536c    000000b0     rf_multiMode_cc26x2_v1.aem4f : RFCC26X2_multiMode.oem4f (.text:RF_corePowerDown)
                  0001541c    000000b0     gap_pxxx_coc.a : gap_advertiser.o (.text)
                  000154cc    000000b0                    : gap_linkmgr.o (.text)
                  0001557c    000000b0     gatt_pxxx_coc.a : gatt_server.o (.text)
                  0001562c    000000b0     profiles_pxxx_coc.a : gattservapp.o (.text)
                  000156dc    000000ae     project_zero.obj (.text:ProjectZero_DataService_CfgChangeCB)
                  0001578a    00000002     drivers_cc26x2_v1.aem4f : PKAResourceCC26XX.oem4f (.text:errorSpin)
                  0001578c    000000ac     data_service.obj (.text:DataService_AddService)
                  00015838    000000ac     nvoctp.obj (.text:NVOCTP_findItem)
                  000158e4    000000ac     att_pxxx_coc.a : att_util.o (.text)
                  00015990    000000ac     project_zero.obj (.text:initAthanTimes)
                  00015a3c    000000ac     l2cap_pxxx_coc.a : l2cap_util.o (.text)
                  00015ae8    000000aa     ll_pxxx.a : ll_common.o (.text)
                  00015b92    000000aa     sm_pxxx_coc.a : sm_mgr.o (.text)
                  00015c3c    000000a8     drivers_cc26x2_v1.aem4f : SDSPI.oem4f (.text:SDSPI_getNumSectors)
                  00015ce4    000000a8     gatt_pxxx_coc.a : gatt_client.o (.text)
                  00015d8c    000000a8     hci_pxxx.a : hci_data.o (.text)
                  00015e34    000000a8                : hci_event.o (.text)
                  00015edc    000000a8     ll_pxxx.a : ll.o (.text)
                  00015f84    000000a8     profiles_pxxx_coc.a : gattservapp.o (.text)
                  0001602c    000000a8     smp_pxxx_coc.a : smp.o (.text)
                  000160d4    000000a6     sysbios.aem4f : BIOS.obj (.text:xdc_runtime_Text_putSite__E)
                  0001617a    00000002     ble5_project_zero_cc26x2r1lp_stack_library.lib : hal_assert.obj (.text:halAssertSpinlock)
                  0001617c    000000a4     driverlib.lib : aes.obj (.text:NOROM_AESWriteToKeyStore)
                  00016220    000000a4     project_zero.obj (.text:ProjectZero_processPasscode)
                  000162c4    000000a4     ble5_project_zero_cc26x2r1lp_stack_library.lib : osal_cbtimer.obj (.text:cbTimerSetup)
                  00016368    000000a4     gatt_pxxx_coc.a : gatt_task.o (.text)
                  0001640c    000000a4     ll_pxxx.a : ll_common.o (.text)
                  000164b0    000000a4               : ll_common.o (.text)
                  00016554    000000a4               : ll_common.o (.text)
                  000165f8    000000a4               : ll_ecc.o (.text)
                  0001669c    000000a2     drivers_cc26x2_v1.aem4f : SPICC26XXDMA.oem4f (.text:SPICC26XXDMA_hwiFxn)
                  0001673e    00000002     ll_pxxx.a : ll_common.o (.text)
                  00016740    000000a0     project_zero.obj (.text:LCDUART_writeCallBack)
                  000167e0    000000a0     auto_init.aem4f : auto_init.oem4f (.text)
                  00016880    000000a0     ble5_project_zero_cc26x2r1lp_stack_library.lib : gapbondmgr.obj (.text:gapBondMgrUpdateCharCfg)
                  00016920    000000a0     hci_pxxx.a : hci_event.o (.text)
                  000169c0    000000a0     sysbios.aem4f : BIOS.obj (.text:ti_sysbios_knl_Task_setPri__E)
                  00016a60    0000009c     driverlib.lib : pka.obj (.text:PKAWritePkaParam)
                  00016afc    0000009c     drivers_cc26x2_v1.aem4f : SDSPI.oem4f (.text:SDSPI_read)
                  00016b98    0000009c                             : UARTCC26XX.oem4f (.text:UARTCC26XX_swiIntFxn)
                  00016c34    0000009c     UartLog.obj (.text:UartLog_log)
                  00016cd0    0000009c     drivers_cc26x2_v1.aem4f : NVSSPI25X.oem4f (.text:doErase)
                  00016d6c    0000009c     rtsv7M4_T_le_v4SPD16_eabi.lib : memcpy_t2.asm.obj (.text)
                  00016e08    0000009c     sm_pxxx_coc.a : sm_mgr.o (.text)
                  00016ea4    00000098     icall.obj (.text:ICall_setTimer)
                  00016f3c    00000098     driverlib.lib : setup.obj (.text:NOROM_SetupTrimDevice)
                  00016fd4    00000098     project_zero.obj (.text:ProjectZero_processCmdCompleteEvt)
                  0001706c    00000098     ble5_project_zero_cc26x2r1lp_stack_library.lib : gapbondmgr.obj (.text:gapBondMgr_syncResolvingList)
                  00017104    00000098     ll_pxxx.a : ll_ae.o (.text)
                  0001719c    00000098     ble5_project_zero_cc26x2r1lp_stack_library.lib : osal_cbtimer.obj (.text:osal_CbTimerProcessEvent)
                  00017234    00000098     sm_pxxx_coc.a : sm_task.o (.text)
                  000172cc    00000098     sysbios.aem4f : BIOS.obj (.text:ti_sysbios_knl_Clock_workFuncDynamic__E)
                  00017364    00000098                   : BIOS.obj (.text:xdc_runtime_Text_putMod__E)
                  000173fc    00000096     rtsv7M4_T_le_v4SPD16_eabi.lib : ull_div_t2.asm.obj (.text)
                  00017492    00000002     icall_api_lite.obj (.text:rfErrCb)
                  00017494    00000094     drivers_cc26x2_v1.aem4f : PINCC26XX.oem4f (.text:PIN_open)
                  00017528    00000094     project_zero.obj (.text:ProjectZero_sendParamUpdate)
                  000175bc    00000094     project_zero.obj (.text:ProjectZero_updatePHYStat)
                  00017650    00000094     TRNGCC26XX.obj (.text:TRNGCC26XX_getNumber)
                  000176e4    00000094     gatt_pxxx_coc.a : gatt_client.o (.text)
                  00017778    00000094     audiotest.obj (.text:initADC)
                  0001780c    00000094     l2cap_pxxx_coc.a : l2cap_util.o (.text)
                  000178a0    00000094     ll_pxxx.a : ll.o (.text)
                  00017934    00000094               : ll_privacy.o (.text)
                  000179c8    00000094     project_zero.obj (.text:sendCurrentTimeToLCD)
                  00017a5c    00000094     sysbios.aem4f : BIOS.obj (.text:ti_sysbios_knl_Task_Instance_finalize__E)
                  00017af0    00000092     gap_pxxx_coc.a : linkdb.o (.text)
                  00017b82    00000092     ll_pxxx.a : ll_common.o (.text)
                  00017c14    00000092     drivers_cc26x2_v1.aem4f : SDSPI.oem4f (.text:sendCmd)
                  00017ca6    00000002     rtsv7M4_T_le_v4SPD16_eabi.lib : div0.asm.obj (.text)
                  00017ca8    00000090     rf_multiMode_cc26x2_v1.aem4f : RFCC26X2_multiMode.oem4f (.text:RF_discardPendCmd)
                  00017d38    00000090     gattservapp_util.obj (.text:gattServApp_SendNotiInd)
                  00017dc8    00000090     hci_pxxx.a : hci_event.o (.text)
                  00017e58    00000090     ll_pxxx.a : ll_ecc.o (.text)
                  00017ee8    00000090     sm_pxxx_coc.a : sm_pairing.o (.text)
                  00017f78    00000090                   : sm_pairing.o (.text)
                  00018008    00000090                   : sm_pairing.o (.text)
                  00018098    00000090     ti.uia.loggers.aem4f : LoggerStopMode.oem4f (.text:ti_uia_loggers_LoggerStopMode_initQueueDescriptor__E)
                  00018128    00000090     project_zero.obj (.text:util_arrtohex)
                  000181b8    00000090     drivers_cc26x2_v1.aem4f : UARTCC26XX.oem4f (.text:writeTxFifoFlush)
                  00018248    0000008e                             : SPICC26XXDMA.oem4f (.text:SPICC26XXDMA_swiFxn)
                  000182d6    00000002     sysbios.aem4f : BIOS.obj (.text:ti_sysbios_BIOS_linkedWithIncorrectBootLibrary__E)
                  000182d8    0000008c     drivers_cc26x2_v1.aem4f : ECDHCC26X2.oem4f (.text:ECDH_open)
                  00018364    0000008c     icall_cc2650.obj (.text:ICallPlatform_pwrUpdActivityCounter)
                  000183f0    0000008c     led_service.obj (.text:LedService_AddService)
                  0001847c    0000008c     drivers_cc26x2_v1.aem4f : SPICC26XXDMA.oem4f (.text:SPICC26XXDMA_control)
                  00018508    0000008c                             : UARTCC26XX.oem4f (.text:UARTCC26XX_close)
                  00018594    0000008c                             : UARTCC26XX.oem4f (.text:UARTCC26XX_writeCancel)
                  00018620    0000008c     gatt_pxxx_coc.a : gatt_client.o (.text)
                  000186ac    0000008c                     : gatt_server.o (.text)
                  00018738    0000008c     hci_pxxx.a : hci_event.o (.text)
                  000187c4    0000008c     l2cap_pxxx_coc.a : l2cap_util.o (.text)
                  00018850    0000008c                      : l2cap_util.o (.text)
                  000188dc    0000008c                      : l2cap_util.o (.text)
                  00018968    0000008c     ll_pxxx.a : ll_enc.o (.text)
                  000189f4    0000008c               : ll_privacy.o (.text)
                  00018a80    0000008c               : ll_scheduler.o (.text)
                  00018b0c    0000008c     sm_pxxx_coc.a : sm_pairing.o (.text)
                  00018b98    0000008c     sysbios.aem4f : BIOS.obj (.text:ti_sysbios_family_arm_m3_Hwi_Instance_init__E)
                  00018c24    0000008c                   : BIOS.obj (.text:ti_sysbios_family_arm_m3_Hwi_initNVIC__E)
                  00018cb0    0000008c                   : m3_TaskSupport_asm.obj (.text:ti_sysbios_family_arm_m3_TaskSupport_buildTaskStack)
                  00018d3c    0000008c                   : BIOS.obj (.text:ti_sysbios_gates_GateMutexPri_enter__E)
                  00018dc8    0000008c                   : BIOS.obj (.text:ti_sysbios_heaps_HeapTrack_alloc__E)
                  00018e54    0000008a     rf_multiMode_cc26x2_v1.aem4f : RFCC26X2_multiMode.oem4f (.text:RF_schChkCmdInsert)
                  00018ede    00000002     ble_debug_pem4f.oem4f (.text:ti_sysbios_BIOS_nullFunc__I)
                  00018ee0    00000088     drivers_cc26x2_v1.aem4f : GPTimerCC26XX.oem4f (.text:GPTimerCC26XX_open)
                  00018f68    00000088     nvoctp.obj (.text:NVOCTP_writeItemApi)
                  00018ff0    00000088     rf_multiMode_cc26x2_v1.aem4f : RFCC26X2_multiMode.oem4f (.text:RF_ratFreeChannel)
                  00019078    00000088     drivers_cc26x2_v1.aem4f : PowerCC26X2_calibrateRCOSC.oem4f (.text:calibrateRcoscHf2)
                  00019100    00000088     gap_pxxx_coc.a : gap_linkmgr.o (.text)
                  00019188    00000088     hci_pxxx.a : hci_event.o (.text)
                  00019210    00000088     ll_pxxx.a : ll.o (.text)
                  00019298    00000088     profiles_pxxx_coc.a : gattservapp.o (.text)
                  00019320    00000088     project_zero.obj (.text:sendAthanToLCD)
                  000193a8    00000086     ll_pxxx.a : ll_common.o (.text)
                  0001942e    00000002     sysbios.aem4f : BIOS.obj (.text:ti_sysbios_gates_GateHwi_Instance_init__E)
                  00019430    00000084     driverlib.lib : pka.obj (.text:NOROM_PKAEccMultiplyStart)
                  000194b4    00000084     rf_multiMode_cc26x2_v1.aem4f : RFCC26X2_multiMode.oem4f (.text:RF_hwiHw)
                  00019538    00000084     gap_pxxx_coc.a : gap_linkmgr.o (.text)
                  000195bc    00000084     gatt_pxxx_coc.a : gatt_client.o (.text)
                  00019640    00000084                     : gatt_server.o (.text)
                  000196c4    00000084     hci_pxxx.a : hci_event.o (.text)
                  00019748    00000084     ble5_project_zero_cc26x2r1lp_stack_library.lib : osal.obj (.text:osal_event_send)
                  000197cc    00000084     profiles_pxxx_coc.a : gattservapp.o (.text)
                  00019850    00000084                         : gattservapp.o (.text)
                  000198d4    00000084     sysbios.aem4f : BIOS.obj (.text:ti_sysbios_knl_Task_postInit__I)
                  00019958    00000082     ll_pxxx.a : ll.o (.text)
                  000199da    00000082               : ll_common.o (.text)
                  00019a5c    00000082     profiles_pxxx_coc.a : gattservapp.o (.text)
                  00019ade    00000002     sysbios.aem4f : BIOS.obj (.text:ti_sysbios_knl_Clock_logTick__E)
                  00019ae0    00000080     drivers_cc26x2_v1.aem4f : AESCCMCC26XX.oem4f (.text:AESCCM_open)
                  00019b60    00000080                             : AESECBCC26XX.oem4f (.text:AESECB_open)
[...]
200079a4  xdc_runtime_Memory_Module__state__V                             
200079a8  l2capMtuSize                                                    
200079aa  maxExtAdvDataLen                                                
200079ac  smRspWaitingConnHandle                                          
200079ae  ti_sysbios_family_arm_m3_Hwi_Module_State_0_excActive__A        
200079b0  xdc_runtime_Error_Module__state__V                              
200079ba  updateHandle                                                    
200079bb  gapUnwantedTaskID                                               
200079bc  indTaskId                                                       
200079bd  reqTaskId                                                       
200079be  gattAppTaskID                                                   
200079bf  flowCtrlTaskId                                                  
200079c0  flowCtrlFwdTaskId                                               
200079c1  maxSupportedAdvSets                                             
200079c2  aeSlaveSCA                                                      
200079c3  rfRatHandle                                                     
200079c6  deviceNameCharProps                                             
200079c7  appearanceCharProps                                             
200079c8  periConnParamCharProps                                          
200079c9  resolvablePrivateAddressOnlyCharProps                           
200079ca  serviceChangedCharProps                                         
200079cb  appTaskID                                                       
20007a00  ti_sysbios_heaps_HeapMem_Instance_State_0_buf__A                
2000ef30  appAzanTaskStack                                                
2000f730  appTaskStack                                                    
2000ff30  paTask                                                          
2000ff80  ti_uia_loggers_LoggerStopMode_Instance_State_1_packetArray__A   
20010780  uartLog_evBuf                                                   
20010c80  textarray                                                       
20011080  ti_sysbios_knl_Task_Instance_State_0_stack__A                   
20011380  xdc_runtime_SysMin_Module_State_0_outbuf__A                     
20011680  uartCC26XXObjects                                               
20011900  ti_uia_loggers_LoggerStopMode_Instance_State_0_packetArray__A   
20011b00  spiCC26XXDMAObjects                                             
20011e88  __CIOBUF_                                                       
20011fa8  gptimerCC26XXObjects                                            
200120c8  adcCC26xxObjects                                                
200121a4  ti_sysbios_family_arm_m3_Hwi_dispatchTable                      
2001227c  attClientNotifyTxCB                                             
20012280  rfObject                                                        
20012348  uartLog_outBuf                                                  
200123f4  pinHandleTable                                                  
20012538  ecdhCC26X2Objects                                               
2001258c  pzTask                                                          
200125dc  aesccmCC26XXObjects                                             
20012628  aesecbCC26XXObjects                                             
200126bc  aeCBackTbl                                                      
20012700  localEccKeys                                                    
20012784  uartCC26XXRingBuffer                                            
200127c4  advDataEntry                                                    
200128c8  linkCBs                                                         
200128f8  l2capFixedChannels                                              
20012928  nvFptrs                                                         
20012974  timerHead                                                       
20012978  osal_last_timestamp                                             
20012980  ti_uia_loggers_LoggerStopMode_Instance_State_0_hdr__A           
200129d4  rfSetup                                                         
20012a00  ti_uia_loggers_LoggerStopMode_Instance_State_1_hdr__A           
20012a30  operationCCM                                                    
20012a94  localPrivKeyMaterial                                            
20012ab4  enckey                                                          
20012af4  spiParams                                                       
20012b14  udmaObjects                                                     
20012b88  gapParams                                                       
20012ba4  trxTestCmd                                                      
20012bf8  CryptoResourceCC26XX_accessSemaphore                            
20012c14  CryptoResourceCC26XX_hwi                                        
20012c30  CryptoResourceCC26XX_operationSemaphore                         
20012c4c  PKAResourceCC26XX_accessSemaphore                               
20012c68  PKAResourceCC26XX_hwi                                           
20012c84  PKAResourceCC26XX_operationSemaphore                            
20012cbb  att_sendRspOnly                                                 
20012cbc  deviceName                                                      
20012cd4  rsp                                                             
20012cec  transaction                                                     
20012d1a  numHostBufs                                                     
20012d80  connOutput                                                      
20012d94  deviceFeatureSet                                                
20012de0  gapConfig_SRK                                                   
20012df0  advDataQueue                                                    
20012e00  eccParams                                                       
20012e10  localPrivateKey                                                 
20012e20  localPublicKey                                                  
20012e30  remotePublicKey                                                 
20012e40  sharedSecret                                                    
20012e50  operationComputeSharedSecret                                    
20012e60  cryptoKey                                                       
20012e70  operationECB                                                    
20012e80  encParamsCCM                                                    
20012e90  encParamsECB                                                    
20012ed9  advInit                                                         
20012eda  supportedMaxTxOctets                                            
20012f24  operationGeneratePublicKey                                      
20012f30  cachedTRNGdata                                                  
20012f3c  llTaskList                                                      
20012f54  nvsSPI25XObjects                                                
20012f60  sdspiObjects                                                    
20012f74  gapCurrentRandomAddr                                            
20012f7c  slaveUpdateReq                                                  
20012f84  pHciEvtMask                                                     
20012f8c  pBleEvtMask                                                     
20012f94  pHciEvtMask2                                                    
20012f9c  ownRandomAddr                                                   
20012fa4  llConns                                                         
20012fac  ownPublicAddr                                                   
20012fb4  verInfo                                                         
20012fbc  ownSavedPublicAddr                                              
20012fc4  attServerNotifyTxCB                                             
20012fc8  rfEvent                                                         
20012fd0  llConnEvtNotice                                                 
20012fd8  privInfo                                                        
20012fe8  gattReTxList                                                    
20012ff8  masterRxBuffer                                                  
20013000  masterTxBuffer                                                  
20013008  paramsADC                                                       
20013010  parmbuf                                                         
20013018  sdHeader                                                        
2001302c  pGapAdvHostInfo                                                 
20013030  connEvtCB                                                       
20013034  pfnPeripheralConnCBs                                            
20013038  pAuthLink                                                       
2001303c  pfnCentralConnCBs                                               
20013040  pGapPeripheralConnCBs                                           
20013044  pfnBondMgrCBs                                                   
20013048  linkDB                                                          
2001304c  clientInfoTbl                                                   
20013050  pServiceList                                                    
20013054  serverInfoTbl                                                   
20013058  pfnClientProcessMsgCB                                           
2001305c  pfnServerProcessMsgCB                                           
20013064  l2capPsm                                                        
20013068  l2capChannels                                                   
2001306c  linkParam                                                       
20013070  linkCmd                                                         
20013074  rxDataQ                                                         
20013078  txDataQ                                                         
2001307c  rxRingBuf                                                       
20013080  taskEndAction                                                   
20013084  trngDrvTblPtr                                                   
20013088  rfDrvTblPtr                                                     
2001308c  rfHandle                                                        
20013090  SysBootMsg                                                      
20013094  sclkSrc                                                         
20013098  eccDrvTblPtr                                                    
2001309c  cryptoDrvTblPtr                                                 
200130a0  rtosApiTblPtr                                                   
200130a4  pRfPathComp                                                     
200130a8  activeConns                                                     
200130ac  dtmInfo                                                         
200130b0  advSetList                                                      
200130b4  ecdhHandle                                                      
200130b8  operationResult                                                 
200130bc  encHandleECB                                                    
200130c0  encHandleCCM                                                    
200130c4  resolvingList                                                   
200130c8  wlTable                                                         
200130cc  wlTableScan                                                     
200130d0  ggs_AppCBs                                                      
200130d4  indCharCfg                                                      
200130d8  serviceCBsList                                                  
200130dc  prepareWritesTbl                                                
200130e0  pAttrValue                                                      
200130e4  pfnResponderCBs                                                 
200130e8  pPairingParams                                                  
200130ec  pfnInitiatorCBs                                                 
200130f0  pSmResponderCBs                                                 
200130f8  ClockP_tickPeriod                                               
200130fc  PowerCC26XX_swiKey                                              
20013100  PowerCC26XX_taskKey                                             
20013104  adc                                                             
20013108  cardCapacity                                                    
2001310c  hTimer                                                          
20013110  i                                                               
20013114  ledPinHandle                                                    
20013118  masterSpi                                                       
2001311c  nvsCC26xxObjects                                                
20013120  result                                                          
20013124  sectorSize                                                      
20013128  sectors                                                         
2001312c  spiPinHandle                                                    
20013130  tasksEvents                                                     
20013134  totalSectors                                                    
20013138  trngCC26XXObjects                                               
2001313c  supportedMaxTxTime                                              
2001313e  connInitialMaxTxOctets                                          
20013140  connInitialMaxTxTime                                            
20013142  rfCmdHandle                                                     
20013144  buildInfo                                                       
20013146  rfCfgAdiVal                                                     
20013148  postRfOperations                                                
2001314a  connInitialMaxTxTimeUncoded                                     
2001314c  connInitialMaxTxTimeCoded                                       
2001314e  supportedMaxRxOctets                                            
20013150  supportedMaxRxTime                                              
20013152  taskEndStatus                                                   
20013156  appearance                                                      
20013158  attrLen                                                         
2001315a  updateState                                                     
2001315b  advCount                                                        
2001315c  gapDeviceAddrMode                                               
2001315d  gapProfileRole                                                  
2001315e  gapState                                                        
2001315f  terminateReason                                                 
20013160  gapTaskID                                                       
20013161  linkDBNumConns                                                  
20013162  linkDB_secureConnectionOnlyMode                                 
20013163  gattNumConns                                                    
20013164  gattTaskID                                                      
20013165  hciPTMenabled                                                   
20013166  ctrlToHostEnable                                                
20013167  hciSmpTaskID                                                    
20013168  hciGapTaskID                                                    
20013169  hciTaskID                                                       
2001316a  hciTestTaskID                                                   
2001316b  hciL2capTaskID                                                  
2001316c  l2capFlowCtrlMode                                               
2001316d  l2capTaskID                                                     
2001316e  l2capNumCoChannels                                              
2001316f  l2capNumPSM                                                     
20013170  l2capNumChannels                                                
20013171  l2capNumDataPkts                                                
20013172  l2cap_gattServAppTaskID                                         
20013174  l2capId                                                         
20013175  llState                                                         
20013176  maxNumConns                                                     
20013177  LL_TaskID                                                       
20013178  curTxPowerVal                                                   
20013179  maxPduSize                                                      
2001317a  maxNumTxDataBufs                                                
2001317b  onePktPerEvt                                                    
2001317d  rfFeModeBias                                                    
2001317e  maxTxPwrForDTM                                                  
2001317f  numTxDataBufs                                                   
20013180  defaultPhy                                                      
20013181  numComplPkts                                                    
20013182  numComplPktsLimit                                               
20013183  numComplPktsFlush                                               
20013184  fastTxRespTime                                                  
20013185  slOverride                                                      
20013186  rxFifoFlowCtrl                                                  
20013187  scanReqRpt                                                      
20013188  rssiCorrection                                                  
20013189  aeCurAdvEnableHandle                                            
2001318a  aeCurHandle                                                     
2001318b  aeCurConnHandle                                                 
2001318c  wlSize                                                          
2001318d  rlSize                                                          
2001318e  resolvablePrivateAddressOnly                                    
2001318f  GATTServApp_TaskID                                              
20013190  maxNumPrepareWrites                                             
20013191  smTaskID                                                        
20013192  SM_appExpectingKey                                              
20013193  driverlib_release_0_51995                                       
20013194  icall_liteTaskId                                                
20013195  osal_entity                                                     
20013196  transferOK                                                      
20013197  heapStart                                                       
e000e000  ti_sysbios_family_arm_m3_Hwi_nvic                               
ffffffff  __TI_pprof_out_hndl                                             
ffffffff  __TI_prof_data_size                                             
ffffffff  __TI_prof_data_start                                            
ffffffff  __binit__                                                       
ffffffff  __c_args__                                                      
ffffffff  binit                                                           
UNDEFED   SHT$$INIT_ARRAY$$Base                                           
UNDEFED   SHT$$INIT_ARRAY$$Limit                                          

[2347 symbols]
