******************************************************************************
                  TI ARM Linker PC v18.1.2                     
******************************************************************************
>> Linked Wed Jun 27 11:02:40 2018

OUTPUT FILE NAME:   <collector_2_4g_cc26x2lp.out>
ENTRY POINT SYMBOL: "ResetISR"  address: 0000ee1d


MEMORY CONFIGURATION

         name            origin    length      used     unused   attr    fill
----------------------  --------  ---------  --------  --------  ----  --------
  FLASH                 00000000   00052000  000153bb  0003cc45  R  X
  FLASH_NV              00052000   00004000  00004000  00000000  RW X
  FLASH_LAST            00056000   00002000  00001ca6  0000035a  R  X
  SRAM                  20000000   00014000  000038e4  0001071c  RW X


SEGMENT ALLOCATION MAP

run origin  load origin   length   init length attrs members
----------  ----------- ---------- ----------- ----- -------
00000000    00000000    000153c8   000153c8    r-x
  00000000    00000000    0000003c   0000003c    r-- .resetVecs
  00000040    00000040    00013770   00013770    r-x .text
  000137b0    000137b0    0000100a   0000100a    r-- .const
  000147bc    000147bc    0000087d   0000087d    r-- config_const
  00015040    00015040    00000388   00000388    r-- .cinit
00052000    00052000    00004000   00000000    rw-
  00052000    00052000    00004000   00000000    rw- .TI.bound:flashBuf$3
00056000    00056000    00001c4e   00001c4e    r-x
  00056000    00056000    00001c4e   00001c4e    r-x flash_last_text
00057fa8    00057fa8    00000058   00000058    r--
  00057fa8    00057fa8    00000058   00000058    r-- .ccfg
20000100    20000100    0000000c   00000000    rw-
  20000100    20000100    00000004   00000000    rw- .data:xdcRomConstPtr
  20000104    20000104    00000004   00000000    rw- .data:xdcRomExternFuncPtr
  20000108    20000108    00000004   00000000    rw- .data:xdcRomStatePtr
20001830    20001830    00000010   00000000    rw-
  20001830    20001830    00000010   00000000    rw- .TI.bound:dmaSpi0RxControlTableEntry
20001840    20001840    00000010   00000000    rw-
  20001840    20001840    00000010   00000000    rw- .TI.bound:dmaSpi0TxControlTableEntry
20001900    20001900    00000010   00000000    rw-
  20001900    20001900    00000010   00000000    rw- .TI.bound:dmaSpi1RxControlTableEntry
20001910    20001910    000032d0   00000000    rw-
  20001910    20001910    00000010   00000000    rw- .TI.bound:dmaSpi1TxControlTableEntry
  20001920    20001920    00001d6c   00000000    rw- .data
  20003690    20003690    00001550   00000000    rw- .bss
20013b00    20013b00    00000500   00000000    rw-
  20013b00    20013b00    00000500   00000000    rw- .stack


SECTION ALLOCATION MAP

 output                                  attributes/
section   page    origin      length       input sections
--------  ----  ----------  ----------   ----------------
.text      0    00000040    00013770     
                  00000040    00000870     main.obj (.text:taskFxn)
                  000008b0    0000082c     maclib_secure_cc2652_2_4g.a : mac.obj (.text:macRxCbIeee$62)
                  000010dc    0000050c                                 : mac_rx.obj (.text:rxPayloadIsr$67)
                  000015e8    000003d4                                 : mac_data.obj (.text:macApiDataReq)
                  000019bc    00000370                                 : mac_mgmt.obj (.text:macBuildHeader)
                  00001d2c    0000036c                                 : macwrapper.obj (.text:macWrapperAddDevice)
                  00002098    00000366     api_mac.obj (.text:processIncomingICallMsg$31)
                  000023fe    00000002     driverlib.lib : rfc.obj (.text:NOROM_RFCCpePatchReset)
                  00002400    0000034c     maclib_secure_cc2652_2_4g.a : mac_mgmt.obj (.text:MAC_MlmeResetReq)
                  0000274c    00000314     rom_sysbios.aem4f : rom_sysbios.obj (.text:xdc_runtime_System_doPrint__I)
                  00002a60    000002f8     rf_multiMode_cc26x2_v1.aem4f : RFCC26X2_multiMode.oem4f (.text:RF_fsmActiveState)
                  00002d58    000002c8     maclib_secure_cc2652_2_4g.a : mac_pwr.obj (.text:macPwrVote)
                  00003020    00000280                                 : mac_data.obj (.text:MAC_McpsDataReq)
                  000032a0    00000260                                 : mac_security_pib.obj (.text:MAC_MlmeSetSecurityReq)
                  00003500    00000254     collector.obj (.text:processSensorData$34)
                  00003754    00000222     maclib_secure_cc2652_2_4g.a : mac_security.obj (.text:macIncomingFrameSecurityMaterialRetrieval)
                  00003976    00000002     drivers_cc26x2_v1.aem4f : NVSSPI25X.oem4f (.text:NVSSPI25X_deinitSpiCs)
                  00003978    00000220     driverlib.lib : setup.obj (.text:TrimAfterColdResetWakeupFromShutDown$44)
                  00003b98    00000218     drivers_cc26x2_v1.aem4f : SPICC26XXDMA.oem4f (.text:SPICC26XXDMA_transfer)
                  00003db0    000001d8     maclib_secure_cc2652_2_4g.a : mac_coord.obj (.text:macBuildBeacon)
                  00003f88    000001d4     macstack.obj (.text:macStackEventLoop)
                  0000415c    000001c0     maclib_secure_cc2652_2_4g.a : mac_security_pib.obj (.text:MAC_MlmeGetSecurityReq)
                  0000431c    000001c0     drivers_cc26x2_v1.aem4f : PINCC26XX.oem4f (.text:PIN_init)
                  000044dc    000001b0     maclib_secure_cc2652_2_4g.a : mac.obj (.text:macSendReceiveCmdIeee)
                  0000468c    000001a8                                 : mac_scan.obj (.text:macApiScanReq)
                  00004834    000001a8                                 : mac_tx.obj (.text:macTxFrame)
                  000049dc    000001a4                                 : mac_pib.obj (.text:MAC_MlmeSetReq)
                  00004b80    000001a4     drivers_cc26x2_v1.aem4f : PowerCC26X2.oem4f (.text:Power_sleep)
                  00004d24    00000198     maclib_secure_cc2652_2_4g.a : macwrapper.obj (.text:macWrapperAddKeyInitFCtr)
                  00004ebc    00000194     drivers_cc26x2_v1.aem4f : PowerCC26X2_calibrateRCOSC.oem4f (.text:runCalibrateFsm)
                  00005050    0000018c     rf_multiMode_cc26x2_v1.aem4f : RFCC26X2_multiMode.oem4f (.text:RF_scheduleCmd)
                  000051dc    0000017c     maclib_secure_cc2652_2_4g.a : mac_beacon_device.obj (.text:macRxBeaconCritical)
                  00005358    00000170     rf_multiMode_cc26x2_v1.aem4f : RFCC26X2_multiMode.oem4f (.text:RF_fsmSetupState)
                  000054c8    00000170     maclib_secure_cc2652_2_4g.a : mac_data.obj (.text:macTxCompleteCallback)
                  00005638    00000168     nvoctp.obj (.text:NVOCTP_newItem$29)
                  000057a0    00000168     drivers_cc26x2_v1.aem4f : NVSSPI25X.oem4f (.text:NVSSPI25X_write)
                  00005908    00000160                             : SPICC26XXDMA.oem4f (.text:SPICC26XXDMA_initIO)
                  00005a68    0000015c                             : UARTCC26XX.oem4f (.text:UARTCC26XX_open)
                  00005bc4    0000015c                             : PowerCC26X2_calibrateRCOSC.oem4f (.text:calibrateRcoscHf1)
                  00005d20    0000015c     maclib_secure_cc2652_2_4g.a : mac_mgmt.obj (.text:macTxCsmaDelay)
                  00005e7c    00000154     drivers_cc26x2_v1.aem4f : UARTCC26XX.oem4f (.text:UARTCC26XX_hwiIntFxn)
                  00005fd0    00000144     maclib_secure_cc2652_2_4g.a : mac_beacon_coord.obj (.text:macTxBeaconCompleteCallback)
                  00006114    00000138     nvoctp.obj (.text:NVOCTP_initNvApi$29)
                  0000624c    00000138     drivers_cc26x2_v1.aem4f : NVSCC26XX.oem4f (.text:NVSCC26XX_write)
                  00006384    00000138     maclib_secure_cc2652_2_4g.a : mac_radio_tx.obj (.text:macRadioTxGoIeee$75)
                  000064bc    00000134                                 : mac_beacon_device.obj (.text:macAutoPoll)
                  000065f0    00000130     nvoctp.obj (.text:NVOCTP_compactPage$29)
                  00006720    00000130     drivers_cc26x2_v1.aem4f : PowerCC26X2.oem4f (.text:Power_init)
                  00006850    0000012c     rf_multiMode_cc26x2_v1.aem4f : RFCC26X2_multiMode.oem4f (.text:RF_getInfo)
                  0000697c    0000012c     maclib_secure_cc2652_2_4g.a : mac_data.obj (.text:macAutoPendAddSrcMatchTableEntry)
                  00006aa8    00000128     rf_multiMode_cc26x2_v1.aem4f : RFCC26X2_multiMode.oem4f (.text:RF_close)
                  00006bd0    00000128                                  : RFCC26X2_multiMode.oem4f (.text:RF_fsmChangePhyState)
                  00006cf8    00000128     collector.obj (.text:generateTrackingRequests$34)
                  00006e20    00000128     maclib_secure_cc2652_2_4g.a : mac_radio_tx.obj (.text:macRadioCsmaTxCbIeee$75)
                  00006f48    00000124     rf_multiMode_cc26x2_v1.aem4f : RFCC26X2_multiMode.oem4f (.text:RF_abortCmd)
                  0000706c    00000124                                  : RFCC26X2_multiMode.oem4f (.text:RF_init)
                  00007190    00000120     drivers_cc26x2_v1.aem4f : UARTCC26XX.oem4f (.text:UARTCC26XX_read)
                  000072b0    00000120     maclib_secure_cc2652_2_4g.a : mac_beacon_coord.obj (.text:macBeaconStartContinue)
                  000073d0    0000011c     drivers_cc26x2_v1.aem4f : SPICC26XXDMA.oem4f (.text:SPICC26XXDMA_configDMA)
                  000074ec    0000011c                             : SPICC26XXDMA.oem4f (.text:SPICC26XXDMA_open)
                  00007608    00000118     maclib_secure_cc2652_2_4g.a : mac_data.obj (.text:macDataTxSend)
                  00007720    00000114     driverlib.lib : sys_ctrl.obj (.text:NOROM_SysCtrlStandby)
                  00007834    00000114     rf_multiMode_cc26x2_v1.aem4f : RFCC26X2_multiMode.oem4f (.text:RF_radioOpDoneCb)
                  00007948    00000114     maclib_secure_cc2652_2_4g.a : mac_radio.obj (.text:macRadioInitIeee)
                  00007a5c    00000110     collector.obj (.text:dataCnfCB$34)
                  00007b6c    00000110     maclib_secure_cc2652_2_4g.a : mac.obj (.text:macSetupRATChanCompare)
                  00007c7c    00000104     rf_multiMode_cc26x2_v1.aem4f : RFCC26X2_multiMode.oem4f (.text:RF_open)
                  00007d80    00000100     drivers_cc26x2_v1.aem4f : GPIOCC26XX.oem4f (.text:GPIO_setConfig)
                  00007e80    00000100     rf_multiMode_cc26x2_v1.aem4f : RFCC26X2_multiMode.oem4f (.text:RF_fsmPowerUpState)
                  00007f80    00000100     drivers_cc26x2_v1.aem4f : UARTCC26XX.oem4f (.text:UARTCC26XX_write)
                  00008080    00000100     maclib_secure_cc2652_2_4g.a : mac.obj (.text:macRatCb_B)
                  00008180    000000fc                                 : mac_beacon_device.obj (.text:macApiSyncReq)
                  0000827c    000000f8     drivers_cc26x2_v1.aem4f : NVSSPI25X.oem4f (.text:NVSSPI25X_open)
                  00008374    000000f8     maclib_secure_cc2652_2_4g.a : mac_mgmt.obj (.text:macSetDefaultsByPhyID)
                  0000846c    000000f8     app_pem4f.oem4f (.text:xdc_runtime_System_printfExtend__I)
                  00008564    000000f0     drivers_cc26x2_v1.aem4f : AESCCMCC26XX.oem4f (.text:AESCCM_startOperation)
                  00008654    000000f0     csf.obj (.text:Csf_deviceUpdate)
                  00008744    000000f0     rf_multiMode_cc26x2_v1.aem4f : RFCC26X2_multiMode.oem4f (.text:RF_pendCmd)
                  00008834    000000f0     drivers_cc26x2_v1.aem4f : SPICC26XXDMA.oem4f (.text:SPICC26XXDMA_transferCancel)
                  00008924    000000f0     collector.obj (.text:dataIndCB$34)
                  00008a14    000000ec     maclib_secure_cc2652_2_4g.a : mac_data.obj (.text:macAllocTxBuffer)
                  00008b00    000000ec                                 : mac_scan.obj (.text:macScanNextChan)
                  00008bec    000000e0     collector.obj (.text:Collector_sendConfigRequest)
                  00008ccc    000000e0     drivers_cc26x2_v1.aem4f : PINCC26XX.oem4f (.text:PINCC26XX_setIoCfg)
                  00008dac    000000e0     maclib_secure_cc2652_2_4g.a : mac_beacon.obj (.text:macBeaconSetSched)
                  00008e8c    000000d8     drivers_cc26x2_v1.aem4f : GPIOCC26XX.oem4f (.text:GPIO_init)
                  00008f64    000000d8     rf_multiMode_cc26x2_v1.aem4f : RFCC26X2_multiMode.oem4f (.text:RF_dispatchNextCmd)
                  0000903c    000000d8     maclib_secure_cc2652_2_4g.a : mac_beacon.obj (.text:macBeaconCheckTxTime)
                  00009114    000000d8                                 : mac_mgmt.obj (.text:macCommStatusInd)
                  000091ec    000000d4     rf_multiMode_cc26x2_v1.aem4f : RFCC26X2_multiMode.oem4f (.text:RF_swiHw)
                  000092c0    000000d4     maclib_secure_cc2652_2_4g.a : mac.obj (.text:macRatCb_A)
                  00009394    000000d0     macstack.obj (.text:MAC_CbackEvent)
                  00009464    000000d0     maclib_secure_cc2652_2_4g.a : mac_coord.obj (.text:macIndirectExpire)
                  00009534    000000d0                                 : mac_tx.obj (.text:txCsmaPrep$71)
                  00009604    000000cc     nvoctp.obj (.text:NVOCTP_readHeader$29)
                  000096d0    000000cc     maclib_secure_cc2652_2_4g.a : mac_data.obj (.text:macDataTxEnqueue)
                  0000979c    000000cc                                 : mac_security.obj (.text:macOutgoingFrameKeyDescRetrieval)
                  00009868    000000cc                                 : mac_scan.obj (.text:macScanRxBeacon)
                  00009934    000000c8     drivers_cc26x2_v1.aem4f : PowerCC26X2.oem4f (.text:Power_releaseDependency)
                  000099fc    000000c8     rf_multiMode_cc26x2_v1.aem4f : RFCC26X2_multiMode.oem4f (.text:RF_control)
                  00009ac4    000000c8     maclib_secure_cc2652_2_4g.a : mac_security.obj (.text:macCcmStarTransform)
                  00009b8c    000000c4     drivers_cc26x2_v1.aem4f : PowerCC26X2.oem4f (.text:Power_setDependency)
                  00009c50    000000c4     rf_multiMode_cc26x2_v1.aem4f : RFCC26X2_multiMode.oem4f (.text:RF_setTxPower)
                  00009d14    000000c0     drivers_cc26x2_v1.aem4f : UARTCC26XX.oem4f (.text:UARTCC26XX_initIO)
                  00009dd4    000000c0     maclib_secure_cc2652_2_4g.a : mac_mgmt.obj (.text:macApiDisassociateReq)
                  00009e94    000000c0                                 : mac_mgmt.obj (.text:macBuildBeaconNotifyInd)
                  00009f54    000000bc                                 : mac_scan.obj (.text:MAC_MlmeScanReq)
                  0000a010    000000bc     rf_multiMode_cc26x2_v1.aem4f : RFCC26X2_multiMode.oem4f (.text:RF_hwiCpe0Active)
                  0000a0cc    000000bc     maclib_secure_cc2652_2_4g.a : mac_data.obj (.text:macAutoPendMaintainSrcMatchTable)
                  0000a188    000000b8     drivers_cc26x2_v1.aem4f : UARTCC26XX.oem4f (.text:UARTCC26XX_initHw)
                  0000a240    000000b8     collector.obj (.text:cllcStartedCB$34)
                  0000a2f8    000000b8     maclib_secure_cc2652_2_4g.a : mac_coord.obj (.text:macCoordReset)
                  0000a3b0    000000b4     dpl_cc26x2_v1.aem4f : PowerCC26X2_tirtos.oem4f (.text:PowerCC26XX_standbyPolicy)
                  0000a464    000000b4     maclib_secure_cc2652_2_4g.a : mac_coord.obj (.text:macApiAssociateRsp)
                  0000a518    000000b4                                 : mac_beacon_coord.obj (.text:macApiBeaconStartReq)
                  0000a5cc    000000b0     nvoctp.obj (.text:NVOCTP_findItem$29)
                  0000a67c    000000b0     rf_multiMode_cc26x2_v1.aem4f : RFCC26X2_multiMode.oem4f (.text:RF_corePowerDown)
                  0000a72c    000000b0     maclib_secure_cc2652_2_4g.a : mac_rx.obj (.text:rxPostRxUpdates$67)
                  0000a7dc    000000ac                                 : mac_coord.obj (.text:macStartSetParams)
                  0000a888    000000ac     api_mac.obj (.text:processBeaconNotifyInd$31)
                  0000a934    000000a8     rf_multiMode_cc26x2_v1.aem4f : RFCC26X2_multiMode.oem4f (.text:RF_getTxPower)
                  0000a9dc    000000a8     maclib_secure_cc2652_2_4g.a : mac_beacon_device.obj (.text:macBeaconSyncLoss)
                  0000aa84    000000a6     rom_sysbios.aem4f : rom_sysbios.obj (.text:xdc_runtime_Text_putSite__E)
                  0000ab2a    00000002     rf_multiMode_cc26x2_v1.aem4f : RFCC26X2_multiMode.oem4f (.text:RF_defaultCallback)
                  0000ab2c    000000a4     driverlib.lib : aes.obj (.text:NOROM_AESWriteToKeyStore)
                  0000abd0    000000a4     nvoctp.obj (.text:NVOCTP_checkItem$29)
                  0000ac74    000000a4     maclib_secure_cc2652_2_4g.a : mac_coord.obj (.text:macStartBegin)
                  0000ad18    000000a2     drivers_cc26x2_v1.aem4f : SPICC26XXDMA.oem4f (.text:SPICC26XXDMA_hwiFxn)
                  0000adba    00000002     rtsv7M4_T_le_v4SPD16_eabi.lib : _lock.c.obj (.text:_nop)
                  0000adbc    000000a0     csf.obj (.text:Csf_getDevice)
                  0000ae5c    000000a0     rf_multiMode_cc26x2_v1.aem4f : RFCC26X2_multiMode.oem4f (.text:RF_postCmd)
                  0000aefc    000000a0     cllc.obj (.text:assocIndCb$33)
                  0000af9c    000000a0     auto_init.aem4f : auto_init.oem4f (.text)
                  0000b03c    000000a0     maclib_secure_cc2652_2_4g.a : mac_coord.obj (.text:macIndirectSend)
                  0000b0dc    000000a0                                 : mac_main.obj (.text:macSendDataMsg)
                  0000b17c    000000a0     rom_sysbios.aem4f : rom_sysbios.obj (.text:ti_sysbios_knl_Task_setPri__E)
                  0000b21c    0000009c     driverlib.lib : setup.obj (.text:NOROM_SetupTrimDevice)
                  0000b2b8    0000009c     drivers_cc26x2_v1.aem4f : UARTCC26XX.oem4f (.text:UARTCC26XX_swiIntFxn)
                  0000b354    0000009c                             : NVSSPI25X.oem4f (.text:doErase)
                  0000b3f0    0000009c     csf.obj (.text:findBlackListIndex$35)
                  0000b48c    0000009c     rtsv7M4_T_le_v4SPD16_eabi.lib : memcpy_t2.asm.obj (.text)
                  0000b528    00000098     driverlib.lib : osc.obj (.text:NOROM_OSCHF_GetStartupTime)
                  0000b5c0    00000098     maclib_secure_cc2652_2_4g.a : mac_coord.obj (.text:macBuildRealign)
                  0000b658    00000098                                 : mac_coord.obj (.text:macIndirectMark)
                  0000b6f0    00000098                                 : mac_mgmt.obj (.text:macRxBeacon)
                  0000b788    00000098                                 : mac.obj (.text:macSetupReceiveCmd)
                  0000b820    00000098     rom_sysbios.aem4f : rom_sysbios.obj (.text:ti_sysbios_knl_Clock_workFuncDynamic__E)
                  0000b8b8    00000098                       : rom_sysbios.obj (.text:xdc_runtime_Text_putMod__E)
                  0000b950    00000096     rtsv7M4_T_le_v4SPD16_eabi.lib : ull_div_t2.asm.obj (.text)
                  0000b9e6    00000002     drivers_cc26x2_v1.aem4f : PowerCC26X2.oem4f (.text:emptyClockFunc)
                  0000b9e8    00000094     cllc.obj (.text:Cllc_init)
                  0000ba7c    00000094     csf.obj (.text:Csf_updateFrameCounter)
                  0000bb10    00000094     drivers_cc26x2_v1.aem4f : PINCC26XX.oem4f (.text:PIN_open)
                  0000bba4    00000094     maclib_secure_cc2652_2_4g.a : mac_main.obj (.text:macCbackForEvent)
                  0000bc38    00000094                                 : mac_security.obj (.text:macCcmStarInverseTransform)
                  0000bccc    00000094     collector.obj (.text:sendMsg$34)
                  0000bd60    00000090     rf_multiMode_cc26x2_v1.aem4f : RFCC26X2_multiMode.oem4f (.text:RF_discardPendCmd)
                  0000bdf0    00000090     cllc.obj (.text:disassocIndCb$33)
                  0000be80    00000090     maclib_secure_cc2652_2_4g.a : mac_data.obj (.text:macDataTxComplete)
                  0000bf10    00000090     drivers_cc26x2_v1.aem4f : UARTCC26XX.oem4f (.text:writeTxFifoFlush)
                  0000bfa0    0000008e                             : SPICC26XXDMA.oem4f (.text:SPICC26XXDMA_swiFxn)
                  0000c02e    00000002                             : CryptoResourceCC26XX.oem4f (.text:errorSpin)
                  0000c030    0000008c     cllc.obj (.text:Cllc_securityInit)
                  0000c0bc    0000008c     driverlib.lib : setup_rom.obj (.text:NOROM_SetupStepVddrTrimTo)
                  0000c148    0000008c     drivers_cc26x2_v1.aem4f : SPICC26XXDMA.oem4f (.text:SPICC26XXDMA_control)
                  0000c1d4    0000008c                             : UARTCC26XX.oem4f (.text:UARTCC26XX_close)
                  0000c260    0000008c                             : UARTCC26XX.oem4f (.text:UARTCC26XX_writeCancel)
                  0000c2ec    0000008c     api_mac.obj (.text:copyDataInd$31)
                  0000c378    0000008c     maclib_secure_cc2652_2_4g.a : mac_coord.obj (.text:macApiPurgeReq)
                  0000c404    0000008c     rom_sysbios.aem4f : rom_sysbios.obj (.text:ti_sysbios_gates_GateMutexPri_enter__E)
                  0000c490    0000008a     rf_multiMode_cc26x2_v1.aem4f : RFCC26X2_multiMode.oem4f (.text:RF_schChkCmdInsert)
                  0000c51a    00000002     maclib_secure_cc2652_2_4g.a : mac_pwr.obj (.text:macApiPwrOnReq)
                  0000c51c    00000088     rf_multiMode_cc26x2_v1.aem4f : RFCC26X2_multiMode.oem4f (.text:RF_ratFreeChannel)
                  0000c5a4    00000088     drivers_cc26x2_v1.aem4f : PowerCC26X2_calibrateRCOSC.oem4f (.text:calibrateRcoscHf2)
                  0000c62c    00000088     maclib_secure_cc2652_2_4g.a : mac_mgmt.obj (.text:macBuildCommonReq)
                  0000c6b4    00000084                                 : mac_autopend.obj (.text:MAC_SrcMatchEnable)
                  0000c738    00000084     rf_multiMode_cc26x2_v1.aem4f : RFCC26X2_multiMode.oem4f (.text:RF_hwiHw)
                  0000c7bc    00000084     maclib_secure_cc2652_2_4g.a : mac_autopend.obj (.text:macSrcMatchCheckSrcAddr$63)
                  0000c840    00000080     drivers_cc26x2_v1.aem4f : AESCCMCC26XX.oem4f (.text:AESCCM_open)
                  0000c8c0    00000080     nvoctp.obj (.text:NVOCTP_writeItemApi$29)
                  0000c940    00000080     drivers_cc26x2_v1.aem4f : NVSCC26XX.oem4f (.text:NVSCC26XX_open)
                  0000c9c0    00000080     rf_multiMode_cc26x2_v1.aem4f : RFCC26X2_multiMode.oem4f (.text:RF_yield)
                  0000ca40    00000080     maclib_secure_cc2652_2_4g.a : mac_coord.obj (.text:macRxDataReq)
                  0000cac0    00000080                                 : mac_timer.obj (.text:macTimerCancel)
                  0000cb40    00000080     rom_sysbios.aem4f : rom_sysbios.obj (.text:ti_sysbios_family_arm_cc26xx_Timer_start__E)
                  0000cbc0    0000007c     csf.obj (.text:Csf_getDeviceItem)
                  0000cc3c    0000007c     drivers_cc26x2_v1.aem4f : NVSSPI25X.oem4f (.text:NVSSPI25X_close)
                  0000ccb8    0000007c     cllc.obj (.text:beaconNotifyIndCb$33)
                  0000cd34    0000007c     drivers_cc26x2_v1.aem4f : NVSSPI25X.oem4f (.text:doRead)
                  0000cdb0    0000007c     csf.obj (.text:findDeviceListIndex$35)
                  0000ce2c    0000007c     maclib_secure_cc2652_2_4g.a : mac_coord.obj (.text:macApiStartReq)
                  0000cea8    0000007c                                 : mac_tx.obj (.text:macTxDoneCallback)
                  0000cf24    0000007c                                 : mac_tx.obj (.text:txComplete)
                  0000cfa0    0000007c     drivers_cc26x2_v1.aem4f : PowerCC26X2_calibrateRCOSC.oem4f (.text:updateSubSecInc)
                  0000d01c    0000007a     rtsv7M4_T_le_v4SPD16_eabi.lib : memset_t2.asm.obj (.text)
                  0000d096    00000002     maclib_secure_cc2652_2_4g.a : mac_mgmt.obj (.text:macNoAction)
                  0000d098    00000078     rf_multiMode_cc26x2_v1.aem4f : RFCC26X2_multiMode.oem4f (.text:RF_howToSchedule)
                  0000d110    00000078                                  : RFCC26X2_multiMode.oem4f (.text:RF_ratDispatchTime)
                  0000d188    00000078     drivers_cc26x2_v1.aem4f : NVSSPI25X.oem4f (.text:doWriteVerify)
                  0000d200    00000078     maclib_secure_cc2652_2_4g.a : mac_radio.obj (.text:macRadioUpdateChannel)
                  0000d278    00000078                                 : mac_radio.obj (.text:macRadioUpdateTxPower)
                  0000d2f0    00000078                                 : mac_scan.obj (.text:macScanStartTimer)
                  0000d368    00000078                                 : mac_beacon_device.obj (.text:macTrackTimeoutCallback)
                  0000d3e0    00000078     main.obj (.text:main)
                  0000d458    00000076     maclib_secure_cc2652_2_4g.a : mac_security.obj (.text:macKeyDescriptorLookup)
                  0000d4ce    00000002                                 : mac_symbol_timer.obj (.text:macSymbolTimerICallPwrNotify$70)
                  0000d4d0    00000074     drivers_cc26x2_v1.aem4f : PowerCC26X2_calibrateRCOSC.oem4f (.text:PowerCC26X2_auxISR)
                  0000d544    00000074     rf_multiMode_cc26x2_v1.aem4f : RFCC26X2_multiMode.oem4f (.text:RF_issueRadioFreeCb)
                  0000d5b8    00000074     maclib_secure_cc2652_2_4g.a : mac_mcu.obj (.text:macMcuOverflowSetCompare)
                  0000d62c    00000074                                 : mac_mcu.obj (.text:macMcuOverflowSetPeriod)
                  0000d6a0    00000074     mac_user_config.obj (.text:rf_patch_mce_ieee_802_15_4$36)
                  0000d714    00000074     cllc.obj (.text:scanCnfCb$33)
                  0000d788    00000074     cllc.obj (.text:sendStartReq$33)
                  0000d7fc    00000074     rom_sysbios.aem4f : rom_sysbios.obj (.text:ti_sysbios_gates_GateMutexPri_leave__E)
                  0000d870    00000070     maclib_secure_cc2652_2_4g.a : mac_beacon.obj (.text:macBeaconSetupCap)
                  0000d8e0    00000070     cllc.obj (.text:orphanIndCb$33)
                  0000d950    0000006e     rtsv7M4_T_le_v4SPD16_eabi.lib : ll_div_t2.asm.obj (.text)
                  0000d9be    00000002                                   : div0.asm.obj (.text)
                  0000d9c0    0000006d     rom_sysbios.aem4f : rom_sysbios.obj (.text:xdc_runtime_System_formatNum__I)
                  0000da2d    00000001     --HOLE-- [fill = 0]
                  0000da2e    00000002     app_pem4f.oem4f (.text:ti_sysbios_BIOS_nullFunc__I)
                  0000da30    0000006c     cllc.obj (.text:Cllc_restoreNetwork)
                  0000da9c    0000006c     drivers_cc26x2_v1.aem4f : PINCC26XX.oem4f (.text:PIN_add)
                  0000db08    0000006c                             : UARTCC26XX.oem4f (.text:UARTCC26XX_readCancel)
                  0000db74    0000006c     maclib_secure_cc2652_2_4g.a : mac_hl_patch.obj (.text:macCcmDecrypt)
                  0000dbe0    0000006c                                 : mac_mgmt.obj (.text:macDisassocComplete)
                  0000dc4c    0000006c                                 : mac_main.obj (.text:macExecute)
                  0000dcb8    0000006c                                 : mac_main.obj (.text:macSendMsg)
                  0000dd24    0000006c     cllc.obj (.text:maintainAssocTable$33)
                  0000dd90    00000068     driverlib.lib : osc.obj (.text:NOROM_OSCHF_AttemptToSwitchToXosc)
                  0000ddf8    00000068     rf_multiMode_cc26x2_v1.aem4f : RFCC26X2_multiMode.oem4f (.text:RF_getCurrentTime)
                  0000de60    00000068                                  : RFCC26X2_multiMode.oem4f (.text:RF_ratDisableChannel)
                  0000dec8    00000068                                  : RFCC26X2_multiMode.oem4f (.text:RF_ratSetupChannel)
                  0000df30    00000068     rtsv7M4_T_le_v4SPD16_eabi.lib : copy_decompress_lzss.c.obj (.text:decompress:lzss:__TI_decompress_lzss)
                  0000df98    00000068     maclib_secure_cc2652_2_4g.a : mac_hl_patch.obj (.text:macCcmEncrypt)
                  0000e000    00000068                                 : mac_rx_onoff.obj (.text:macRxOn)
                  0000e068    00000066     rf_multiMode_cc26x2_v1.aem4f : RFCC26X2_multiMode.oem4f (.text:RF_syncCb)
                  0000e0ce    00000002     app_pem4f.oem4f (.text:ti_sysbios_rom_cortexm_cc26xx_agama_CC26xx_badRomRevision__E)
                  0000e0d0    00000064     drivers_cc26x2_v1.aem4f : CryptoResourceCC26XX.oem4f (.text:CryptoResourceCC26XX_constructRTOSObjects)
                  0000e134    00000064                             : UARTCC26XX.oem4f (.text:UARTCC26XX_control)
                  0000e198    00000064     csf.obj (.text:getTheFirstDevice$35)
                  0000e1fc    00000064     maclib_secure_cc2652_2_4g.a : mac_coord.obj (.text:macApiOrphanRsp)
                  0000e260    00000064                                 : mac_mgmt.obj (.text:macRxDisassoc)
                  0000e2c4    00000064                                 : mac_symbol_timer.obj (.text:macSymbolTimerInit)
                  0000e328    00000064     cllc.obj (.text:sendScanReq$33)
                  0000e38c    00000060     drivers_cc26x2_v1.aem4f : GPIOCC26XX.oem4f (.text:GPIO_write)
                  0000e3ec    00000060     nvoctp.obj (.text:NVOCTP_copyItem$29)
                  0000e44c    00000060     nvoctp.obj (.text:NVOCTP_readItemApi$29)
                  0000e4ac    00000060     rf_multiMode_cc26x2_v1.aem4f : RFCC26X2_multiMode.oem4f (.text:RF_ratAllocChannel)
                  0000e50c    00000060                                  : RFCC26X2_multiMode.oem4f (.text:RF_ratArmChannel)
                  0000e56c    00000060     drivers_cc26x2_v1.aem4f : SPICC26XXDMA.oem4f (.text:SPICC26XXDMA_initHw)
                  0000e5cc    00000060     csf.obj (.text:findUnusedDeviceListIndex$35)
                  0000e62c    00000060     maclib_secure_cc2652_2_4g.a : mac_coord.obj (.text:macIndirectTxFrame)
                  0000e68c    00000060                                 : mac_radio_tx.obj (.text:macRadioTxPrepCsmaSlottedIeee)
                  0000e6ec    00000060                                 : mac_radio_tx.obj (.text:macRadioTxPrepCsmaUnslottedIeee)
                  0000e74c    00000060                                 : mac_rx.obj (.text:macRxHaltCleanup)
                  0000e7ac    00000060                                 : mac_scan.obj (.text:macScanComplete)
                  0000e80c    00000060     collector.obj (.text:processDataRetry$34)
                  0000e86c    0000005f     rom_sysbios.aem4f : rom_sysbios.obj (.text:xdc_runtime_Text_putLab__E)
                  0000e8cb    00000001     --HOLE-- [fill = 0]
                  0000e8cc    0000005c     cllc.obj (.text:Cllc_addSecDevice)
                  0000e928    0000005c     nvoctp.obj (.text:NVOCTP_createItemApi$29)
                  0000e984    0000005c     drivers_cc26x2_v1.aem4f : PINCC26XX.oem4f (.text:PIN_remove)
                  0000e9e0    0000005c     rf_multiMode_cc26x2_v1.aem4f : RFCC26X2_multiMode.oem4f (.text:RF_dispatchNextEvent)
                  0000ea3c    0000005c                                  : RFCC26X2_multiMode.oem4f (.text:RF_fsmXOSCState)
                  0000ea98    0000005c                                  : RFCC26X2_multiMode.oem4f (.text:RF_hwiCpe0PowerFsm)
                  0000eaf4    0000005c     drivers_cc26x2_v1.aem4f : NVSCC26XX.oem4f (.text:doErase)
                  0000eb50    0000005c     maclib_secure_cc2652_2_4g.a : mac_beacon_device.obj (.text:macTrackPeriodCallback)
                  0000ebac    0000005c     collector.obj (.text:sendBroadcastMsg$34)
                  0000ec08    0000005c     app_pem4f.oem4f (.text:xdc_runtime_Startup_getState__I)
                  0000ec64    00000058     maclib_secure_cc2652_2_4g.a : mac_mgmt.obj (.text:MAC_ResumeReq)
                  0000ecbc    00000058     drivers_cc26x2_v1.aem4f : PowerCC26X2_calibrateRCOSC.oem4f (.text:PowerCC26X2_initiateCalibration)
                  0000ed14    00000058     rf_multiMode_cc26x2_v1.aem4f : RFCC26X2_multiMode.oem4f (.text:RF_TxPowerTable_findValue)
                  0000ed6c    00000058                                  : RFCC26X2_multiMode.oem4f (.text:RF_cmdDispatchTime)
                  0000edc4    00000058     mac_user_config.obj (.text:applyIeee802154Patch$36)
                  0000ee1c    00000058     boot.aem4f : boot.oem4f (.text)
                  0000ee74    00000058     drivers_cc26x2_v1.aem4f : PowerCC26X2.oem4f (.text:disableLFClockQualifiers)
                  0000eecc    00000058     maclib_secure_cc2652_2_4g.a : mac_beacon_coord.obj (.text:macBeaconPeriodCallback)
                  0000ef24    00000058                                 : mac_timer.obj (.text:macTimerAddTimer)
                  0000ef7c    00000058                                 : mac_timer.obj (.text:macTimerUpdateSymbolTimer)
                  0000efd4    00000054     drivers_cc26x2_v1.aem4f : AESCCMCC26XX.oem4f (.text:AESCCM_cleanup)
                  0000f028    00000054                             : AESCCMCC26XX.oem4f (.text:AESCCM_waitForResult)
                  0000f07c    00000054     nvoctp.obj (.text:NVOCTP_deleteItemApi$29)
                  0000f0d0    00000054     nvoctp.obj (.text:NVOCTP_doNVCRC$29)
                  0000f124    00000054     nvoctp.obj (.text:NVOCTP_readItem$29)
                  0000f178    00000054     drivers_cc26x2_v1.aem4f : NVSCC26XX.oem4f (.text:NVSCC26XX_init)
                  0000f1cc    00000054     uart_printf.obj (.text:UartPrintf_flush)
                  0000f220    00000054     maclib_secure_cc2652_2_4g.a : mac_beacon_coord.obj (.text:macBeaconTxCallback)
                  0000f274    00000054                                 : mac_radio.obj (.text:macRadioSetChannel)
                  0000f2c8    00000054                                 : mac_beacon_device.obj (.text:macSyncTimeoutCallback)
                  0000f31c    00000054                                 : mac_ie_parse.obj (.text:macUpdatePayloadIEPtr)
                  0000f370    00000054     drivers_cc26x2_v1.aem4f : GPIOCC26XX.oem4f (.text:powerPostNotify)
                  0000f3c4    00000054     api_mac.obj (.text:processScanCnf$31)
                  0000f418    00000054     collector.obj (.text:sendTrackingRequest$34)
                  0000f46c    00000052     drivers_cc26x2_v1.aem4f : SPICC26XXDMA.oem4f (.text:SPICC26XXDMA_close)
                  0000f4be    00000002     rom_sysbios.aem4f : rom_sysbios.obj (.text:xdc_runtime_SysCallback_defaultAbort)
                  0000f4c0    00000050     dpl_cc26x2_v1.aem4f : ClockP_tirtos.oem4f (.text:ClockP_construct)
                  0000f510    00000050     drivers_cc26x2_v1.aem4f : GPIOCC26XX.oem4f (.text:GPIO_enableInt)
                  0000f560    00000050     nvoctp.obj (.text:NVOCTP_findOffset$29)
                  0000f5b0    00000050     rf_multiMode_cc26x2_v1.aem4f : RFCC26X2_multiMode.oem4f (.text:RF_applyRfCorePatch)
                  0000f600    00000050                                  : RFCC26X2_multiMode.oem4f (.text:RF_ratGenerateChCmd)
                  0000f650    00000050                                  : RFCC26X2_multiMode.oem4f (.text:RF_schCmdRunInsert)
                  0000f6a0    00000050                                  : RFCC26X2_multiMode.oem4f (.text:RF_wakeupNotification)
                  0000f6f0    00000050     drivers_cc26x2_v1.aem4f : PowerCC26X2.oem4f (.text:configureXOSCHF)
                  0000f740    00000050                             : NVSSPI25X.oem4f (.text:extFlashSpiRead)
                  0000f790    00000050                             : NVSSPI25X.oem4f (.text:extFlashSpiWrite)
                  0000f7e0    00000050     maclib_secure_cc2652_2_4g.a : mac_beacon_coord.obj (.text:macBeaconPrepareCallback)
                  0000f830    00000050                                 : mac_coord.obj (.text:macIndirectRequeueFrame)
                  0000f880    00000050                                 : mac_rx_onoff.obj (.text:macRxOffRequest)
                  0000f8d0    00000050                                 : mac_symbol_timer.obj (.text:macSymbolTimerSetRollover)
                  0000f920    00000050                                 : mac_beacon_device.obj (.text:macTrackStartCallback)
                  0000f970    0000004c     driverlib.lib : chipinfo.obj (.text:NOROM_ChipInfo_GetChipType)
                  0000f9bc    0000004c     rf_multiMode_cc26x2_v1.aem4f : RFCC26X2_multiMode.oem4f (.text:RF_ratRestartChannels)
                  0000fa08    0000004c     drivers_cc26x2_v1.aem4f : UDMACC26XX.oem4f (.text:UDMACC26XX_open)
                  0000fa54    0000004c     rtsv7M4_T_le_v4SPD16_eabi.lib : cpy_tbl.c.obj (.text:copy_in)
                  0000faa0    0000004c     drivers_cc26x2_v1.aem4f : NVSSPI25X.oem4f (.text:extFlashWaitReady)
                  0000faec    0000004c     maclib_secure_cc2652_2_4g.a : mac_radio.obj (.text:macRadioWakeupCb)
                  0000fb38    0000004c                                 : mac_symbol_timer.obj (.text:macSymbolTimerEventHandler$70)
                  0000fb84    0000004c                                 : mac_tx.obj (.text:macTxAckNotReceivedCallback)
                  0000fbd0    0000004c     drivers_cc26x2_v1.aem4f : UARTCC26XX.oem4f (.text:startTxFifoEmptyClk)
                  0000fc1c    0000004a     macstack.obj (.text:icall_slimMsgParser)
                  0000fc66    00000002     rom_sysbios.aem4f : rom_sysbios.obj (.text:xdc_runtime_SysCallback_defaultExit)
                  0000fc68    00000048     board_lcd.obj (.text:Board_Lcd_writeStringValue)
                  0000fcb0    00000048     csf.obj (.text:Csf_getNumDeviceListEntries)
                  0000fcf8    00000048     maclib_secure_cc2652_2_4g.a : mac_pib.obj (.text:MAC_MlmeGetReq)
                  0000fd40    00000048     driverlib.lib : aes.obj (.text:NOROM_AESStartDMAOperation)
                  0000fd88    00000048                   : rfc.obj (.text:NOROM_RFCSynthPowerDown)
                  0000fdd0    00000048     nvoctp.obj (.text:NVOCTP_write$29)
                  0000fe18    00000048     drivers_cc26x2_v1.aem4f : NVSSPI25X.oem4f (.text:NVSSPI25X_read)
                  0000fe60    00000048                             : NVS.oem4f (.text:NVS_open)
                  0000fea8    00000048                             : PINCC26XX.oem4f (.text:PIN_setOutputEnable)
                  0000fef0    00000048                             : NVSCC26XX.oem4f (.text:disableFlashCache)
                  0000ff38    00000048                             : NVSSPI25X.oem4f (.text:extFlashMassErase)
                  0000ff80    00000048     csf.obj (.text:getNumBlackListEntries$35)
                  0000ffc8    00000048     maclib_secure_cc2652_2_4g.a : mac_beacon_device.obj (.text:macBeaconStartFrameResponseTimer)
                  00010010    00000048                                 : mac_coord.obj (.text:macRxAssociateReq)
                  00010058    00000048     drivers_cc26x2_v1.aem4f : UARTCC26XX.oem4f (.text:writeFinishedDoCallback)
                  000100a0    00000046                             : RingBuf.oem4f (.text:RingBuf_put)
                  000100e6    00000002     rom_sysbios.aem4f : rom_sysbios.obj (.text:xdc_runtime_SysCallback_defaultFlush)
                  000100e8    00000044     drivers_cc26x2_v1.aem4f : CryptoResourceCC26XX.oem4f (.text:CryptoResourceCC26XX_destructRTOSObjects)
                  0001012c    00000044     driverlib.lib : osc.obj (.text:NOROM_OSCHF_SwitchToRcOscTurnOffXosc)
                  00010170    00000044     nvoctp.obj (.text:NVOCTP_getItemLenApi$29)
                  000101b4    00000044     nvoctp.obj (.text:NVOCTP_setPageActive$29)
                  000101f8    00000044     drivers_cc26x2_v1.aem4f : NVSCC26XX.oem4f (.text:NVSCC26XX_read)
                  0001023c    00000044                             : PINCC26XX.oem4f (.text:PIN_swi)
                  00010280    00000044                             : SPICC26XXDMA.oem4f (.text:SPICC26XXDMA_csnCallback)
                  000102c4    00000044                             : SPI.oem4f (.text:SPI_init)
                  00010308    00000044                             : UART.oem4f (.text:UART_init)
                  0001034c    00000044     maclib_secure_cc2652_2_4g.a : mac_mgmt.obj (.text:macDestSAddrCmp)
                  00010390    00000044                                 : mac_main.obj (.text:mac_msg_deallocate)
                  000103d4    00000044     drivers_cc26x2_v1.aem4f : PowerCC26X2.oem4f (.text:switchXOSCHF)
                  00010418    00000044     rom_sysbios.aem4f : rom_sysbios.obj (.text:xdc_runtime_Text_xprintf__I)
                  0001045c    00000042     api_mac.obj (.text:copyMacPanDescToApiMacPanDesc$31)
                  0001049e    00000002     --HOLE-- [fill = 0]
                  000104a0    00000040     maclib_secure_cc2652_2_4g.a : mac_symbol_timer.obj (.text:ICall_setTimer$70)
                  000104e0    00000040     driverlib.lib : aes.obj (.text:NOROM_AESWriteCCMInitializationVector)
                  00010520    00000040     nvoctp.obj (.text:NVOCTP_compactNvApi$29)
                  00010560    00000040     drivers_cc26x2_v1.aem4f : PowerCC26X2.oem4f (.text:PowerCC26XX_isStableXOSC_HF)
                  000105a0    00000040                             : PowerCC26X2.oem4f (.text:PowerCC26XX_switchXOSC_HF)
                  000105e0    00000040                             : RingBuf.oem4f (.text:RingBuf_get)
                  00010620    00000040     maclib_secure_cc2652_2_4g.a : mac_hl_patch.obj (.text:macCheckPhyRate)
                  00010660    00000040                                 : mac_autopend.obj (.text:macSrcMatchSetEnableBit$63)
                  000106a0    00000040     rtsv7M4_T_le_v4SPD16_eabi.lib : u_divt2.asm.obj (.text)
                  000106e0    00000040     rom_sysbios.aem4f : rom_sysbios.obj (.text:ti_sysbios_family_arm_cc26xx_Timer_setThreshold__I)
                  00010720    0000003e     dpl_cc26x2_v1.aem4f : HwiP_tirtos.oem4f (.text:HwiP_construct)
                  0001075e    00000002     --HOLE-- [fill = 0]
                  00010760    0000003c     drivers_cc26x2_v1.aem4f : AESCCMCC26XX.oem4f (.text:AESCCM_init)
                  0001079c    0000003c     api_mac.obj (.text:ICall_sendServiceMsg$31)
                  000107d8    0000003c     driverlib.lib : chipinfo.obj (.text:NOROM_ChipInfo_GetHwRevision)
                  00010814    0000003c     drivers_cc26x2_v1.aem4f : PINCC26XX.oem4f (.text:PINCC26XX_getConfig)
                  00010850    0000003c                             : PINCC26XX.oem4f (.text:PIN_setOutputValue)
                  0001088c    0000003c     rf_multiMode_cc26x2_v1.aem4f : RFCC26X2_multiMode.oem4f (.text:RF_calculateDispatchTime)
                  000108c8    0000003c                                  : RFCC26X2_multiMode.oem4f (.text:RF_cmdGet)
                  00010904    0000003c     drivers_cc26x2_v1.aem4f : SPI.oem4f (.text:SPI_open)
                  00010940    0000003c     dpl_cc26x2_v1.aem4f : SwiP_tirtos.oem4f (.text:SwiP_construct)
                  0001097c    0000003c     drivers_cc26x2_v1.aem4f : UART.oem4f (.text:UART_open)
                  000109b8    0000003c                             : NVSCC26XX.oem4f (.text:checkEraseRange)
                  000109f4    0000003c     collector.obj (.text:cllcDeviceJoiningCB$34)
                  00010a30    0000003c     maclib_secure_cc2652_2_4g.a : mac_beacon.obj (.text:macBeaconRequeue)
                  00010a6c    0000003c                                 : mac_rx_onoff.obj (.text:macRxDisable)
                  00010aa8    0000003c                                 : mac_coord.obj (.text:macStartContinue)
                  00010ae4    0000003c                                 : mac_symbol_timer.obj (.text:macSymbolTimerRealignIeee)
                  00010b20    0000003c                                 : mac_symbol_timer.obj (.text:macSymbolTimerSetTrigger)
                  00010b5c    0000003c     rom_sysbios.aem4f : rom_sysbios.obj (.text:ti_sysbios_family_arm_m3_Hwi_construct2__E)
                  00010b98    0000003a     drivers_cc26x2_v1.aem4f : NVSSPI25X.oem4f (.text:checkEraseRange)
                  00010bd2    00000002     --HOLE-- [fill = 0]
                  00010bd4    00000038     collector.obj (.text:Collector_sendToggleLedRequest)
                  00010c0c    00000038     macstack.obj (.text:ICall_enrollService$25)
                  00010c44    00000038     drivers_cc26x2_v1.aem4f : PINCC26XX.oem4f (.text:PIN_setInterrupt)
                  00010c7c    00000038     board_key.obj (.text:board_key_keyFxn$5)
                  00010cb4    00000038     collector.obj (.text:findDevice$34)
                  00010cec    00000038     maclib_secure_cc2652_2_4g.a : mac_beacon_device.obj (.text:macBeaconStopTrack)
                  00010d24    00000038                                 : mac_radio.obj (.text:macGetRadioTxPowerReg)
                  00010d5c    00000038                                 : mac_radio.obj (.text:macRadioSetPanCoordinator)
                  00010d94    00000038                                 : mac_symbol_timer.obj (.text:macSymbolTimerCount)
                  00010dcc    00000038     drivers_cc26x2_v1.aem4f : PowerCC26X2.oem4f (.text:notify)
                  00010e04    00000038                             : UARTCC26XX.oem4f (.text:readData)
                  00010e3c    00000038     rom_sysbios.aem4f : rom_sysbios.obj (.text:ti_sysbios_family_arm_cc26xx_Timer_getCurrentTick__E)
                  00010e74    00000038     drivers_cc26x2_v1.aem4f : UARTCC26XX.oem4f (.text:writeData)
                  00010eac    00000036                             : UDMACC26XX.oem4f (.text:UDMACC26XX_close)
                  00010ee2    00000002     --HOLE-- [fill = 0]
                  00010ee4    00000034     driverlib.lib : aes.obj (.text:NOROM_AESConfigureCCMCtrl)
                  00010f18    00000034                   : aes.obj (.text:NOROM_AESReadFromKeyStore)
                  00010f4c    00000034                   : aes.obj (.text:NOROM_AESReadTag)
                  00010f80    00000034                   : sys_ctrl.obj (.text:NOROM_SysCtrlIdle)
                  00010fb4    00000034     nvoctp.obj (.text:NVOCTP_erase$29)
                  00010fe8    00000034     drivers_cc26x2_v1.aem4f : NVSSPI25X.oem4f (.text:NVSSPI25X_init)
                  0001101c    00000034                             : PINCC26XX.oem4f (.text:PIN_setConfig)
                  00011050    00000034                             : PowerCC26X2.oem4f (.text:Power_releaseConstraint)
                  00011084    00000034     rf_multiMode_cc26x2_v1.aem4f : RFCC26X2_multiMode.oem4f (.text:RF_cacheFsCmd)
                  000110b8    00000034                                  : RFCC26X2_multiMode.oem4f (.text:RF_checkCmdFsError)
                  000110ec    00000034                                  : RFCC26X2_multiMode.oem4f (.text:RF_ieeeRequestFgCommand)
                  00011120    00000034                                  : RFCC26X2_multiMode.oem4f (.text:RF_powerConstraintRelease)
                  00011154    00000034                                  : RFCC26X2_multiMode.oem4f (.text:RF_ratGenerateIoCmd)
                  00011188    00000034                                  : RFCC26X2_multiMode.oem4f (.text:RF_runDirectImmediateCmd)
                  000111bc    00000034     drivers_cc26x2_v1.aem4f : NVSSPI25X.oem4f (.text:extFlashPowerStandby)
                  000111f0    00000034                             : NVSSPI25X.oem4f (.text:extFlashWriteEnable)
                  00011224    00000034     maclib_secure_cc2652_2_4g.a : mac_data.obj (.text:macDataRxInd)
                  00011258    00000034                                 : mac.obj (.text:macSetUserConfig)
                  0001128c    00000034                                 : mac_beacon_coord.obj (.text:macStartBeaconPrepareCallback)
                  000112c0    00000034                                 : mac_beacon_device.obj (.text:macStartBroadcastPendTimer)
                  000112f4    00000034                                 : mac.obj (.text:macStopCmd)
                  00011328    00000034                                 : mac_timer.obj (.text:macTimerRecalcUnaligned)
                  0001135c    00000034                                 : mac_tx.obj (.text:macTxDecrypt)
                  00011390    00000034                                 : mac_tx.obj (.text:macTxUpdateIE)
                  000113c4    00000034     drivers_cc26x2_v1.aem4f : UARTCC26XX.oem4f (.text:readData2RingBuf)
                  000113f8    00000034     csf.obj (.text:saveNumDeviceListEntries$35)
                  0001142c    00000034     rom_sysbios.aem4f : rom_sysbios.obj (.text:ti_sysbios_knl_Swi_setPri__E)
                  00011460    00000032     rf_multiMode_cc26x2_v1.aem4f : RFCC26X2_multiMode.oem4f (.text:RF_queueEnd)
                  00011492    00000032     maclib_secure_cc2652_2_4g.a : mac_scan.obj (.text:macScanCnfInit)
                  000114c4    00000032     rom_sysbios.aem4f : rom_sysbios.obj (.text:ti_sysbios_family_arm_cc26xx_Timer_setNextTick__E)
                  000114f6    00000032                       : rom_sysbios.obj (.text:ti_sysbios_gates_GateMutexPri_insertPri__I)
                  00011528    00000030     csf.obj (.text:Csf_setConfigClock)
                  00011558    00000030     csf.obj (.text:Csf_setTrackingClock)
                  00011588    00000030     drivers_cc26x2_v1.aem4f : GPIOCC26XX.oem4f (.text:GPIO_hwiIntFxn)
                  000115b8    00000030     nvoctp.obj (.text:NVOCTP_setItemInactive$29)
                  000115e8    00000030     drivers_cc26x2_v1.aem4f : NVSCC26XX.oem4f (.text:NVSCC26XX_erase)
                  00011618    00000030                             : NVSSPI25X.oem4f (.text:NVSSPI25X_erase)
                  00011648    00000030                             : PowerCC26X2.oem4f (.text:Power_setConstraint)
                  00011678    00000030     rf_multiMode_cc26x2_v1.aem4f : RFCC26X2_multiMode.oem4f (.text:RF_calculateDeltaTimeUs)
                  000116a8    00000030     collector.obj (.text:cllcStateChangedCB$34)
                  000116d8    00000030     maclib_secure_cc2652_2_4g.a : mac_coord.obj (.text:macRxOrphan)
                  00011708    00000030                                 : mac_symbol_timer.obj (.text:macSymbolTimerICallTimerCback$70)
                  00011738    00000030                                 : mac_timer.obj (.text:macTimerSetRollover)
                  00011768    00000030     cllc.obj (.text:startCnfCb$33)
                  00011798    00000030     drivers_cc26x2_v1.aem4f : PowerCC26X2_calibrateRCOSC.oem4f (.text:startTDC)
                  000117c8    00000030     app_pem4f.oem4f (.text:ti_sysbios_BIOS_atExitFunc__I)
                  000117f8    00000030     app_pem4f.oem4f (.text:ti_sysbios_BIOS_startFunc__I)
                  00011828    00000030     rom_sysbios.aem4f : rom_sysbios.obj (.text:ti_sysbios_family_arm_cc26xx_Timer_initDevice__I)
                  00011858    00000030     app_pem4f.oem4f (.text:ti_sysbios_gates_GateMutexPri_Object__create__S)
                  00011888    00000030     app_pem4f.oem4f (.text:ti_sysbios_gates_GateMutexPri_create)
                  000118b8    0000002e     csf.obj (.text:Csf_getDeviceShort)
                  000118e6    00000002     --HOLE-- [fill = 0]
                  000118e8    0000002c     drivers_cc26x2_v1.aem4f : AESCCMCC26XX.oem4f (.text:AESCCM_swiFxn)
                  00011914    0000002c                             : GPIOCC26XX.oem4f (.text:GPIO_setCallback)
                  00011940    0000002c                             : NVSSPI25X.oem4f (.text:NVSSPI25X_control)
                  0001196c    0000002c                             : NVS.oem4f (.text:NVS_init)
                  00011998    0000002c                             : PINCC26XX.oem4f (.text:PINCC26XX_setMux)
                  000119c4    0000002c     rf_multiMode_cc26x2_v1.aem4f : RFCC26X2_multiMode.oem4f (.text:RF_executeDirectImmediateCmd)
                  000119f0    0000002c                                  : RFCC26X2_multiMode.oem4f (.text:RF_ratReleaseChannels)
                  00011a1c    0000002c     dpl_cc26x2_v1.aem4f : SemaphoreP_tirtos.oem4f (.text:SemaphoreP_constructBinary)
                  00011a48    0000002c                         : SemaphoreP_tirtos.oem4f (.text:SemaphoreP_createBinary)
                  00011a74    0000002c     uart_printf.obj (.text:UartPrintf_putch)
                  00011aa0    0000002c     drivers_cc26x2_v1.aem4f : NVSSPI25X.oem4f (.text:extFlashPowerDown)
                  00011acc    0000002c     collector.obj (.text:findDeviceStatusBit$34)
                  00011af8    0000002c     collector.obj (.text:getMsduHandle$34)
                  00011b24    0000002c     maclib_secure_cc2652_2_4g.a : mac_beacon.obj (.text:macBeaconInit)
                  00011b50    0000002c                                 : mac_pib.obj (.text:macPibReset)
                  00011b7c    0000002c                                 : mac_radio.obj (.text:macRadioSetIEEEAddr)
                  00011ba8    0000002c                                 : mac_radio.obj (.text:macRadioStopScan)
                  00011bd4    0000002c                                 : mac_tx.obj (.text:macTxTimestampCallback)
                  00011c00    0000002c     rom_sysbios.aem4f : rom_sysbios.obj (.text:ti_sysbios_knl_Clock_getTicksUntilInterrupt__E)
                  00011c2c    0000002c     maclib_secure_cc2652_2_4g.a : mac_tx.obj (.text:txGo$71)
                  00011c58    0000002b     rom_sysbios.aem4f : rom_sysbios.obj (.text:xdc_runtime_Text_printVisFxn__I)
                  00011c83    00000001     --HOLE-- [fill = 0]
                  00011c84    0000002a     drivers_cc26x2_v1.aem4f : List.oem4f (.text:List_insert)
                  00011cae    0000002a     nvoctp.obj (.text:NVOCTP_verifyCRC$29)
                  00011cd8    0000002a     rf_multiMode_cc26x2_v1.aem4f : RFCC26X2_multiMode.oem4f (.text:RF_ratSuspendChannels)
                  00011d02    0000002a     rom_sysbios.aem4f : rom_sysbios.obj (.text:ti_sysbios_knl_Clock_getTimeout__E)
                  00011d2c    0000002a                       : rom_sysbios.obj (.text:xdc_runtime_System_putchar__I)
                  00011d56    00000002     --HOLE-- [fill = 0]
                  00011d58    00000028     csf.obj (.text:ICall_malloc$35)
                  00011d80    00000028     maclib_secure_cc2652_2_4g.a : mac_security_pib.obj (.text:MAC_MlmeGetPointerSecurityReq)
                  00011da8    00000028     driverlib.lib : aes.obj (.text:NOROM_AESVerifyTag)
                  00011dd0    00000028                   : aes.obj (.text:NOROM_AESWaitForIRQFlags)
                  00011df8    00000028                   : osc.obj (.text:NOROM_OSCHF_TurnOnXosc)
                  00011e20    00000028                   : rfc.obj (.text:NOROM_RFCOverrideSearch)
                  00011e48    00000028     dpl_cc26x2_v1.aem4f : PowerCC26X2_tirtos.oem4f (.text:PowerCC26XX_schedulerDisable)
                  00011e70    00000028                         : PowerCC26X2_tirtos.oem4f (.text:PowerCC26XX_schedulerRestore)
                  00011e98    00000028     drivers_cc26x2_v1.aem4f : PowerCC26X2.oem4f (.text:Power_registerNotify)
                  00011ec0    00000028                             : SPICC26XXDMA.oem4f (.text:SPICC26XXDMA_flushFifos)
                  00011ee8    00000028     maclib_secure_cc2652_2_4g.a : mac_mgmt.obj (.text:macApiPending)
                  00011f10    00000028                                 : mac_beacon.obj (.text:macBeaconCheckSched)
                  00011f38    00000028                                 : mac_mgmt.obj (.text:macCoordAddrCmp)
                  00011f60    00000028                                 : mac_mgmt.obj (.text:macGetCoordAddress)
                  00011f88    00000028                                 : mac_rx_onoff.obj (.text:macRxHardDisable)
                  00011fb0    00000028                                 : mac_coord.obj (.text:macStartComplete)
                  00011fd8    00000028     drivers_cc26x2_v1.aem4f : PowerCC26X2.oem4f (.text:oscillatorISR)
                  00012000    00000028     collector.obj (.text:processConfigRetry$34)
                  00012028    00000028     drivers_cc26x2_v1.aem4f : NVSCC26XX.oem4f (.text:restoreFlashCache)
                  00012050    00000026                             : List.oem4f (.text:List_put)
                  00012076    00000026                             : List.oem4f (.text:List_putHead)
                  0001209c    00000026                             : List.oem4f (.text:List_remove)
                  000120c2    00000026     maclib_secure_cc2652_2_4g.a : mac_radio.obj (.text:radioComputeED$66)
                  000120e8    00000026     rom_sysbios.aem4f : rom_sysbios.obj (.text:xdc_runtime_System_vprintf__E)
                  0001210e    00000002     --HOLE-- [fill = 0]
                  00012110    00000024     drivers_cc26x2_v1.aem4f : AESCCMCC26XX.oem4f (.text:AESCCM_hwiFxn)
                  00012134    00000024     driverlib.lib : rfc.obj (.text:NOROM_RFCDoorbellSendTo)
                  00012158    00000024     rf_multiMode_cc26x2_v1.aem4f : RFCC26X2_multiMode.oem4f (.text:RF_clkPowerUp)
                  0001217c    00000024                                  : RFCC26X2_multiMode.oem4f (.text:RF_cmdAlloc)
                  000121a0    00000024                                  : RFCC26X2_multiMode.oem4f (.text:RF_getPAOverrideOffsetAndValue)
                  000121c4    00000024                                  : RFCC26X2_multiMode.oem4f (.text:RF_invokeGlobalCallback)
                  000121e8    00000024     drivers_cc26x2_v1.aem4f : PowerCC26X2_calibrateRCOSC.oem4f (.text:getTdcSemaphore)
                  0001220c    00000024     maclib_secure_cc2652_2_4g.a : mac_beacon.obj (.text:macBeaconReset)
                  00012230    00000024                                 : mac_rx_onoff.obj (.text:macRxSoftDisable)
                  00012254    00000024                                 : mac_timer.obj (.text:macTimerAligned)
                  00012278    00000024     rtsv7M4_T_le_v4SPD16_eabi.lib : memcmp.c.obj (.text:memcmp)
                  0001229c    00000024     app_pem4f.oem4f (.text:ti_sysbios_BIOS_registerRTSLock__I)
                  000122c0    00000024     app_pem4f.oem4f (.text:ti_sysbios_BIOS_removeRTSLock__I)
                  000122e4    00000024     rom_sysbios.aem4f : rom_sysbios.obj (.text:ti_sysbios_family_arm_cc26xx_Timer_getMaxTicks__E)
                  00012308    00000024     app_pem4f.oem4f (.text:ti_sysbios_gates_GateMutexPri_Object__delete__S)
                  0001232c    00000022     drivers_cc26x2_v1.aem4f : List.oem4f (.text:List_get)
                  0001234e    00000022     rf_multiMode_cc26x2_v1.aem4f : RFCC26X2_multiMode.oem4f (.text:RF_isRadioSetup)
                  00012370    00000022     maclib_secure_cc2652_2_4g.a : mac_data.obj (.text:macFrameDurationIeee)
                  00012392    00000022     collector.obj (.text:pollIndCB$34)
                  000123b4    00000020     api_mac.obj (.text:ICall_free$31)
                  000123d4    00000020     maclib_secure_cc2652_2_4g.a : mac_symbol_timer.obj (.text:ICall_signal$70)
                  000123f4    00000020                                 : mac_autopend.obj (.text:MAC_SrcMatchAckAllPending)
                  00012414    00000020     drivers_cc26x2_v1.aem4f : PowerCC26X2.oem4f (.text:Power_unregisterNotify)
                  00012434    00000020     rf_multiMode_cc26x2_v1.aem4f : RFCC26X2_multiMode.oem4f (.text:RF_getSwitchingTimeInUs)
                  00012454    00000020                                  : RFCC26X2_multiMode.oem4f (.text:RF_hwiCpe0ChangePhy)
                  00012474    00000020                                  : RFCC26X2_multiMode.oem4f (.text:RF_ratIsRunning)
                  00012494    00000020                                  : RFCC26X2_multiMode.oem4f (.text:RF_swiFsm)
                  000124b4    00000020     crc.obj (.text:crc_update)
                  000124d4    00000020     maclib_secure_cc2652_2_4g.a : mac_beacon_coord.obj (.text:macBeaconCoordReset)
                  000124f4    00000020                                 : mac_beacon_coord.obj (.text:macBeaconSetPrepareTime)
                  00012514    00000020                                 : mac_data.obj (.text:macDataRxMemAlloc)
                  00012534    00000020                                 : mac_data.obj (.text:macDataSend)
                  00012554    00000020                                 : mac_radio.obj (.text:macGetRadioState)
                  00012574    00000020                                 : mac_radio.obj (.text:macRadioSetShortAddr)
                  00012594    00000020                                 : mac_radio.obj (.text:macRadioSwInit)
                  000125b4    00000020                                 : mac_coord.obj (.text:macRxBeaconReq)
                  000125d4    00000020                                 : mac_rx_onoff.obj (.text:macRxOff)
                  000125f4    00000020                                 : mac_rx_onoff.obj (.text:macRxSoftEnable)
                  00012614    00000020                                 : mac.obj (.text:macSendFsCmd)
                  00012634    00000020                                 : mac_timer.obj (.text:macTimer)
                  00012654    00000020     app_pem4f.oem4f (.text:ti_sysbios_BIOS_rtsLock__I)
                  00012674    00000020     rom_sysbios.aem4f : rom_sysbios.obj (.text:ti_sysbios_family_arm_cc26xx_Timer_dynamicStub__E)
                  00012694    00000020                       : rom_sysbios.obj (.text:xdc_runtime_Registry_findById__E)
                  000126b4    0000001e     drivers_cc26x2_v1.aem4f : PINCC26XX.oem4f (.text:PIN_close)
                  000126d2    0000001e                             : PowerCC26X2.oem4f (.text:Power_getTransitionLatency)
                  000126f0    0000001e     rf_multiMode_cc26x2_v1.aem4f : RFCC26X2_multiMode.oem4f (.text:RF_searchAndReplacePAOverride)
                  0001270e    0000001e     maclib_secure_cc2652_2_4g.a : mac_hl_patch.obj (.text:macPibIndex)
                  0001272c    0000001e                                 : mac_scan.obj (.text:macScanFailedInProgress)
                  0001274a    0000001e                                 : mac_timer.obj (.text:macTimerRemoveTimer)
                  00012768    0000001c     drivers_cc26x2_v1.aem4f : AESCCMCC26XX.oem4f (.text:AESCCM_close)
                  00012784    0000001c     cllc.obj (.text:Cllc_securityFill)
                  000127a0    0000001c     driverlib.lib : chipinfo.obj (.text:NOROM_ChipInfo_GetChipFamily)
                  000127bc    0000001c                   : flash.obj (.text:NOROM_FlashProgram)
                  000127d8    0000001c                   : flash.obj (.text:NOROM_FlashSectorErase)
                  000127f4    0000001c     nvoctp.obj (.text:NVOCTP_writeByte$29)
                  00012810    0000001c     drivers_cc26x2_v1.aem4f : NVSCC26XX.oem4f (.text:NVSCC26XX_getAttrs)
                  0001282c    0000001c                             : NVSCC26XX.oem4f (.text:NVSCC26XX_lock)
                  00012848    0000001c                             : NVSSPI25X.oem4f (.text:NVSSPI25X_initSpiCs)
                  00012864    0000001c                             : NVSSPI25X.oem4f (.text:NVSSPI25X_lock)
                  00012880    0000001c                             : PINCC26XX.oem4f (.text:PINCC26XX_setIoCfgMux)
                  0001289c    0000001c                             : PINCC26XX.oem4f (.text:PIN_hwi)
                  000128b8    0000001c     rf_multiMode_cc26x2_v1.aem4f : RFCC26X2_multiMode.oem4f (.text:RF_clkInactivity)
                  000128d4    0000001c                                  : RFCC26X2_multiMode.oem4f (.text:RF_getRssi)
                  000128f0    0000001c                                  : RFCC26X2_multiMode.oem4f (.text:RF_powerConstraintSet)
                  0001290c    0000001c     drivers_cc26x2_v1.aem4f : UDMACC26XX.oem4f (.text:UDMACC26XX_initHw)
                  00012928    0000001c     cllc.obj (.text:dataIndCb$33)
                  00012944    0000001c     cllc.obj (.text:findDevice$33)
                  00012960    0000001c     maclib_secure_cc2652_2_4g.a : mac_mgmt.obj (.text:macConflictSyncLossInd)
                  0001297c    0000001c                                 : mac_mcu.obj (.text:macMcuTimerCapture)
                  00012998    0000001c                                 : mac_radio.obj (.text:macRadioSetPanID)
                  000129b4    0000001c                                 : mac_rx.obj (.text:macRxAckTxDoneCallback)
                  000129d0    0000001c                                 : mac_symbol_timer.obj (.text:macSymbolTimerSetTriggerRollover)
                  000129ec    0000001c     csf.obj (.text:processBroadcastTimeoutCallback$35)
                  00012a08    0000001c     csf.obj (.text:processConfigTimeoutCallback$35)
                  00012a24    0000001c     csf.obj (.text:processJoinTimeoutCallback$35)
                  00012a40    0000001c     csf.obj (.text:processTackingTimeoutCallback$35)
                  00012a5c    0000001c     maclib_secure_cc2652_2_4g.a : mac_rx.obj (.text:rxDone$67)
                  00012a78    0000001c     app_pem4f.oem4f (.text:ti_sysbios_BIOS_errorRaiseHook__I)
                  00012a94    0000001c     rom_sysbios.aem4f : rom_sysbios.obj (.text:ti_sysbios_knl_Swi_construct2__E)
                  00012ab0    0000001a     drivers_cc26x2_v1.aem4f : PowerCC26X2.oem4f (.text:PowerCC26XX_calibrate)
                  00012aca    0000001a     rf_multiMode_cc26x2_v1.aem4f : RFCC26X2_multiMode.oem4f (.text:RF_findEndOfChain)
                  00012ae4    0000001a     api_mac.obj (.text:copyApiMacAddrToMacAddr)
                  00012afe    0000001a     maclib_secure_cc2652_2_4g.a : mac_low_level.obj (.text:macLowLevelDiags)
                  00012b18    0000001a     rom_sysbios.aem4f : rom_sysbios_config.obj (.text:xdc_runtime_System_printf__E)
                  00012b32    00000002     --HOLE-- [fill = 0]
                  00012b34    00000018     drivers_cc26x2_v1.aem4f : AESCCMCC26XX.oem4f (.text:AESCCM_waitForAccess)
                  00012b4c    00000018     api_mac.obj (.text:ApiMac_mlmeSetReqBool)
                  00012b64    00000018     api_mac.obj (.text:ApiMac_mlmeSetReqUint16)
                  00012b7c    00000018     api_mac.obj (.text:ApiMac_mlmeSetReqUint8)
                  00012b94    00000018     driverlib.lib : chipinfo.obj (.text:NOROM_ChipInfo_GetPackageType)
                  00012bac    00000018     drivers_cc26x2_v1.aem4f : PINCC26XX.oem4f (.text:PIN_getConfig)
                  00012bc4    00000018                             : PowerCC26X2.oem4f (.text:Power_idleFunc)
                  00012bdc    00000018                             : UARTCC26XX.oem4f (.text:UARTCC26XX_init)
                  00012bf4    00000018                             : UART.oem4f (.text:UART_Params_init)
                  00012c0c    00000018     rtsv7M4_T_le_v4SPD16_eabi.lib : args_main.c.obj (.text:_args_main)
                  00012c24    00000018     board_key.obj (.text:board_key_changeHandler$5)
                  00012c3c    00000018     collector.obj (.text:commStatusIndCB$34)
                  00012c54    00000018     api_mac.obj (.text:copyMacAddrToApiMacAddr$31)
                  00012c6c    00000018     maclib_secure_cc2652_2_4g.a : mac_mgmt.obj (.text:macGetMyAddrMode)
                  00012c84    00000018                                 : mac_rx_onoff.obj (.text:macRxOnRequest)
                  00012c9c    00000018                                 : mac.obj (.text:macSetupFsCmd)
                  00012cb4    00000018                                 : mac_main.obj (.text:macStateIdleOrPolling)
                  00012ccc    00000018                                 : mac_symbol_timer.obj (.text:macSymbolTimerRestore)
                  00012ce4    00000018                                 : mac_timer.obj (.text:macTimerInit)
                  00012cfc    00000018                                 : macwrapper.obj (.text:macWrapper8ByteUnused)
                  00012d14    00000018     csf.obj (.text:processKeyChangeCallback$35)
                  00012d2c    00000018     rtsv7M4_T_le_v4SPD16_eabi.lib : ll_mul_t2.asm.obj (.text)
                  00012d44    00000018     app_pem4f.oem4f (.text:ti_sysbios_BIOS_rtsUnlock__I)
                  00012d5c    00000018     app_pem4f.oem4f (.text:ti_sysbios_gates_GateMutexPri_Handle__label__S)
                  00012d74    00000018     rom_sysbios.aem4f : rom_sysbios.obj (.text:ti_sysbios_gates_GateMutexPri_Instance_init__E)
                  00012d8c    00000018                       : rom_sysbios.obj (.text:ti_sysbios_knl_Swi_or__E)
                  00012da4    00000018     app_pem4f.oem4f (.text:ti_sysbios_rom_cortexm_cc26xx_agama_CC26xx_checkRevision__E)
                  00012dbc    00000018     cllc.obj (.text:updateState$33)
                  00012dd4    00000018     app_pem4f.oem4f (.text:xdc_runtime_Startup_exec__I)
                  00012dec    00000016     rf_multiMode_cc26x2_v1.aem4f : RFCC26X2_multiMode.oem4f (.text:RF_cancelCmd)
                  00012e02    00000016                                  : RFCC26X2_multiMode.oem4f (.text:RF_restartClockTimeout)
                  00012e18    00000016     app_pem4f.oem4f (.text:ti_sysbios_BIOS_exitFunc__I)
                  00012e2e    00000016     rom_sysbios.aem4f : rom_sysbios.obj (.text:ti_sysbios_knl_Task_block__E)
                  00012e44    00000014     api_mac.obj (.text:ApiMac_mcpsDataReq)
                  00012e58    00000014     drivers_cc26x2_v1.aem4f : List.oem4f (.text:List_clearList)
                  00012e6c    00000014     macstack.obj (.text:MAC_CbackQueryRetransmit)
                  00012e80    00000014     maclib_secure_cc2652_2_4g.a : mac_autopend.obj (.text:MAC_SrcMatchCheckAllPending)
                  00012e94    00000014     driverlib.lib : rfc.obj (.text:NOROM_RFCCpeIntGetAndClear)
                  00012ea8    00000014     drivers_cc26x2_v1.aem4f : PINCC26XX.oem4f (.text:PINCC26XX_getInputValue)
                  00012ebc    00000014                             : PowerCC26X2_calibrateRCOSC.oem4f (.text:PowerCC26X2_calibrate)
                  00012ed0    00000014     rf_multiMode_cc26x2_v1.aem4f : RFCC26X2_multiMode.oem4f (.text:RF_Params_init)
                  00012ee4    00000014                                  : RFCC26X2_multiMode.oem4f (.text:RF_RatConfigCompare_init)
                  00012ef8    00000014                                  : RFCC26X2_multiMode.oem4f (.text:RF_dbellSyncOnAck)
                  00012f0c    00000014                                  : RFCC26X2_multiMode.oem4f (.text:RF_flushCmd)
                  00012f20    00000014                                  : RFCC26X2_multiMode.oem4f (.text:RF_ratCompare)
                  00012f34    00000014                                  : RFCC26X2_multiMode.oem4f (.text:RF_ratGetChannel)
                  00012f48    00000014                                  : RFCC26X2_multiMode.oem4f (.text:RF_triggDispatcher)
                  00012f5c    00000014     drivers_cc26x2_v1.aem4f : SPI.oem4f (.text:SPI_Params_init)
                  00012f70    00000014                             : PowerCC26X2.oem4f (.text:configureRFCoreClocks)
                  00012f84    00000014     maclib_secure_cc2652_2_4g.a : mac_main.obj (.text:macMainReserve)
                  00012f98    00000014                                 : mac_mcu.obj (.text:macMcuInit)
                  00012fac    00000014                                 : mac_mcu.obj (.text:macMcuOverflowCapture)
                  00012fc0    00000014                                 : mac_coord.obj (.text:macRxPanConflict)
                  00012fd4    00000014                                 : mac_autopend.obj (.text:macSrcMatchGetEnableBit$63)
                  00012fe8    00000014                                 : mac_main.obj (.text:macStateScanning)
                  00012ffc    00000014                                 : mac_rx.obj (.text:rxDiscardFrame$67)
                  00013010    00000014     rtsv7M4_T_le_v4SPD16_eabi.lib : strlen.c.obj (.text:strlen)
                  00013024    00000014     cllc.obj (.text:switchState$33)
                  00013038    00000014     rom_sysbios.aem4f : rom_sysbios.obj (.text:ti_sysbios_family_arm_cc26xx_Timer_getCount64__E)
                  0001304c    00000014     app_pem4f.oem4f (.text:ti_sysbios_knl_Clock_doTick__I)
                  00013060    00000013     board_lcd.obj (.text:Board_Lcd_writeString)
                  00013073    00000001     --HOLE-- [fill = 0]
                  00013074    00000012     drivers_cc26x2_v1.aem4f : NVSSPI25X.oem4f (.text:NVSSPI25X_assertSpiCs)
                  00013086    00000012                             : NVSSPI25X.oem4f (.text:NVSSPI25X_deassertSpiCs)
                  00013098    00000012                             : NVSSPI25X.oem4f (.text:NVSSPI25X_getAttrs)
                  000130aa    00000012     rf_multiMode_cc26x2_v1.aem4f : RFCC26X2_multiMode.oem4f (.text:RF_getCmdOp)
                  000130bc    00000012     drivers_cc26x2_v1.aem4f : RingBuf.oem4f (.text:RingBuf_construct)
                  000130ce    00000012     dpl_cc26x2_v1.aem4f : SemaphoreP_tirtos.oem4f (.text:SemaphoreP_pend)
                  000130e0    00000012     maclib_secure_cc2652_2_4g.a : mac_radio.obj (.text:macRadioSetTxPower)
                  000130f2    00000012                                 : mac_security_pib.obj (.text:macSecurityPibIndex)
                  00013104    00000010     drivers_cc26x2_v1.aem4f : AESCCM.oem4f (.text:AESCCM_Params_init)
                  00013114    00000010     api_mac.obj (.text:ApiMac_mlmeGetReqUint16)
                  00013124    00000010     api_mac.obj (.text:ApiMac_mlmeSetReqArray)
                  00013134    00000010     api_mac.obj (.text:ApiMac_mlmeSetSecurityReqStruct)
                  00013144    00000010     dpl_cc26x2_v1.aem4f : ClockP_tirtos.oem4f (.text:ClockP_isActive)
                  00013154    00000010                         : HwiP_tirtos.oem4f (.text:HwiP_Params_init)
                  00013164    00000010     main.obj (.text:Main_assertHandler)
                  00013174    00000010     driverlib.lib : rfc.obj (.text:NOROM_RFCHwIntGetAndClear)
                  00013184    00000010     drivers_cc26x2_v1.aem4f : PINCC26XX.oem4f (.text:PINCC26XX_getPinCount)
                  00013194    00000010     rf_multiMode_cc26x2_v1.aem4f : RFCC26X2_multiMode.oem4f (.text:RF_dbellSubmitCmdAsync)
                  000131a4    00000010                                  : RFCC26X2_multiMode.oem4f (.text:RF_isClientOwner)
                  000131b4    00000010                                  : RFCC26X2_multiMode.oem4f (.text:RF_ratGetChannelValue)
                  000131c4    00000010     dpl_cc26x2_v1.aem4f : SwiP_tirtos.oem4f (.text:SwiP_Params_init)
                  000131d4    00000010     maclib_secure_cc2652_2_4g.a : mac_data.obj (.text:macCheckSched)
                  000131e4    00000010                                 : mac_rx_onoff.obj (.text:macRxEnable)
                  000131f4    00000010                                 : mac_main.obj (.text:macSetEvent16)
                  00013204    00000010                                 : mac_main.obj (.text:macSetEvent)
                  00013214    00000010     rom_sysbios.aem4f : rom_sysbios.obj (.text:ti_sysbios_family_arm_m3_Hwi_post__E)
                  00013224    00000010                       : rom_sysbios.obj (.text:ti_sysbios_gates_GateMutexPri_Instance_finalize__E)
                  00013234    00000010     drivers_cc26x2_v1.aem4f : UARTCC26XX.oem4f (.text:uartPostNotify)
                  00013244    00000010     rom_sysbios.aem4f : rom_sysbios.obj (.text:xdc_runtime_SysCallback_flush__E)
                  00013254    00000010                       : rom_sysbios.obj (.text:xdc_runtime_SysCallback_putch__E)
                  00013264    00000010                       : rom_sysbios.obj (.text:xdc_runtime_SysCallback_ready__E)
                  00013274    00000010                       : rom_sysbios.obj (.text:xdc_runtime_System_vsnprintf__E)
                  00013284    0000000e     drivers_cc26x2_v1.aem4f : CryptoKeyPlaintextCC26XX.oem4f (.text:CryptoKeyPlaintext_initKey)
                  00013292    0000000e                             : NVS.oem4f (.text:NVS_write)
                  000132a0    0000000e     rf_multiMode_cc26x2_v1.aem4f : RFCC26X2_multiMode.oem4f (.text:RF_ScheduleCmdParams_init)
                  000132ae    0000000e     drivers_cc26x2_v1.aem4f : SPICC26XXDMA.oem4f (.text:SPICC26XXDMA_init)
                  000132bc    0000000e     rtsv7M4_T_le_v4SPD16_eabi.lib : copy_decompress_none.c.obj (.text:decompress:none:__TI_decompress_none)
                  000132ca    0000000e     rom_sysbios.aem4f : rom_sysbios.obj (.text:ti_sysbios_family_arm_cc26xx_TimestampProvider_get32__E)
                  000132d8    0000000c     driverlib.lib : cpu.obj (.text:NOROM_CPUcpsid)
                  000132e4    0000000c                   : cpu.obj (.text:NOROM_CPUcpsie)
                  000132f0    0000000c     nvoctp.obj (.text:NVOCTP_doRAMCRC$29)
                  000132fc    0000000c     drivers_cc26x2_v1.aem4f : NVSCC26XX.oem4f (.text:NVSCC26XX_unlock)
                  00013308    0000000c                             : NVSSPI25X.oem4f (.text:NVSSPI25X_unlock)
                  00013314    0000000c                             : PINCC26XX.oem4f (.text:PIN_registerIntCb)
                  00013320    0000000c                             : PowerCC26X2.oem4f (.text:Power_getConstraintMask)
                  0001332c    0000000c                             : PowerCC26X2.oem4f (.text:Power_getDependencyCount)
                  00013338    0000000c                             : PowerCC26X2.oem4f (.text:Power_getTransitionState)
                  00013344    0000000c     rf_multiMode_cc26x2_v1.aem4f : RFCC26X2_multiMode.oem4f (.text:RF_powerConstraintGet)
                  00013350    0000000c                                  : RFCC26X2_multiMode.oem4f (.text:RF_ratGetValue)
                  0001335c    0000000c     dpl_cc26x2_v1.aem4f : SemaphoreP_tirtos.oem4f (.text:SemaphoreP_delete)
                  00013368    0000000c     rtsv7M4_T_le_v4SPD16_eabi.lib : _lock.c.obj (.text:_register_lock)
                  00013374    0000000c                                   : _lock.c.obj (.text:_register_unlock)
                  00013380    0000000c                                   : copy_zero_init.c.obj (.text:decompress:ZI:__TI_zero_init)
                  0001338c    0000000c     maclib_secure_cc2652_2_4g.a : mac_data.obj (.text:macDataRxMemFree)
[...]
1003c244  ti_sysbios_knl_Mailbox_Object__PARAMS__C                             
1003c278  ti_sysbios_family_arm_m3_Hwi_Object__PARAMS__C                       
1003c2a8  ti_sysbios_hal_Hwi_Object__PARAMS__C                                 
1003c2d4  ti_sysbios_knl_Swi_Object__PARAMS__C                                 
1003c2fc  ti_sysbios_heaps_HeapMem_Object__PARAMS__C                           
1003c320  ti_sysbios_knl_Clock_Object__PARAMS__C                               
1003c344  ti_sysbios_knl_Semaphore_Object__PARAMS__C                           
1003c368  ti_sysbios_gates_GateHwi_Object__PARAMS__C                           
1003c380  ti_sysbios_gates_GateMutex_Object__PARAMS__C                         
1003c398  ti_sysbios_knl_Event_Object__PARAMS__C                               
1003c3b0  ti_sysbios_knl_Queue_Object__PARAMS__C                               
20000000  ti_sysbios_family_arm_m3_Hwi_ramVectors                              
20000100  xdcRomConstPtr                                                       
20000104  xdcRomExternFuncPtr                                                  
20000108  xdcRomStatePtr                                                       
20001920  Main_assertReason                                                    
20001924  uartParams                                                           
20001948  macUser0Cfg                                                          
20001978  myTask                                                               
200019c8  Main_user1Cfg                                                        
20001a2c  myTaskStack                                                          
2000202c  macTaskId                                                            
2000202d  macMgmt                                                              
2000202e  macPanCoordinator                                                    
2000202f  csmPhy                                                               
20002030  pMacDataTx                                                           
20002034  macDataTxIndirect                                                    
20002038  macDataRequeueIndirect                                               
2000203c  macDataRxBeaconCritical                                              
20002040  macDataTxBeaconComplete                                              
20002044  macDataSetSched                                                      
20002048  macDataCheckSched                                                    
2000204c  macDataCheckTxTime                                                   
20002050  macDataBeaconRequeue                                                 
20002054  timerUnalignedQ                                                      
20002058  timerAlignedQ                                                        
2000205c  macTimerRollover                                                     
20002060  macTimerNewRollover                                                  
20002064  macTimerActive                                                       
20002068  AESCCM_handle                                                        
2000206c  macCryptoDrvTblPtr                                                   
20002070  macBeaconCoordAction1                                                
20002078  macCoordAction1                                                      
20002080  macMain                                                              
2000208c  macBeaconDeviceAction                                                
2000209c  macCoordAction3                                                      
200020ac  macData                                                              
200020bc  macDataTxDelay                                                       
200020cc  macDeviceAction2                                                     
200020e0  macStateTbl                                                          
200020f4  macMgmtAction2                                                       
20002108  macScanAction                                                        
20002120  macCoordAction2                                                      
2000213c  macReset                                                             
20002158  macBeaconMargin                                                      
20002178  macBeacon                                                            
20002198  macActionSet                                                         
200021bc  macMgmtAction1                                                       
200021e4  macCoord                                                             
20002210  macDevice                                                            
2000223c  macBeaconDevice                                                      
20002270  macBeaconPayload                                                     
200022a4  macDeviceAction1                                                     
200022dc  macBeaconCoord                                                       
20002318  macSecurityPib                                                       
20002358  macScan                                                              
200023ac  fhObject                                                             
20002418  macPib                                                               
200024a0  enhancedAckBuf                                                       
200025a0  hUart                                                                
200029a6  Cllc_events                                                          
200029e8  Cllc_statistics                                                      
20002a44  Cllc_associatedDevList                                               
20002c9c  ROM_stateStruct                                                      
20002c9c  ti_sysbios_knl_Clock_Module__state__V                                
20002cc8  ti_sysbios_family_arm_cc26xx_TimestampProvider_Module__state__V      
20002ccc  xdc_runtime_Startup_Module__state__V                                 
20002cd4  ti_sysbios_BIOS_Module__state__V                                     
20002cf8  ti_sysbios_knl_Swi_Module__state__V                                  
20002d14  ti_sysbios_knl_Task_Module__state__V                                 
20002d58  xdc_runtime_Memory_Module__state__V                                  
20002d5c  xdc_runtime_System_Module__state__V                                  
20002d64  ti_sysbios_family_arm_m3_Hwi_Module__state__V                        
20002d98  xdc_runtime_Error_Module__state__V                                   
20002d9c  ti_sysbios_family_arm_cc26xx_Timer_Module__state__V                  
20002da6  Csf_keys                                                             
20002da7  savedCllcState                                                       
20002da8  Csf_events                                                           
20002ea8  PowerCC26X2_module                                                   
20002f70  RF_cmdNop                                                            
20002f80  RF_cmdRadioSetup                                                     
20002f98  RF_cmdIEEETx                                                         
20002fb0  RF_cmdIEEECsma                                                       
20002fd0  RF_cmdIEEERx                                                         
20003010  Collector_events                                                     
20003024  Collector_statistics                                                 
20003060  Collector_macCallbacks                                               
200030a8  rxCmdHandle                                                          
200030aa  fsCmdHandle                                                          
200030ac  lastPostCmd                                                          
200030b0  macSfdDetectCback                                                    
200030b8  macTxTimestamp                                                       
200030bc  pMacRadioConfig                                                      
200030c0  macRfDrvTblPtr                                                       
200030c4  pRfIeeeTable                                                         
200030c8  pMacRfAntSwitchSel                                                   
200030cc  macRxOutputIeee                                                      
200030dc  macFrmFilter                                                         
200030ec  macSrcShortAddrList                                                  
20003108  macSrcExtAddrList                                                    
2000313c  ICall_enterCriticalSection                                           
20003140  ICall_leaveCriticalSection                                           
20003158  HEAPMGR_SIZE                                                         
2000315c  ICall_dispatcher                                                     
200031c0  ti_sysbios_knl_Task_Object__table__V                                 
20003254  pwrmgr_initialized                                                   
20003256  pwrmgr_attribute                                                     
20003258  ti_sysbios_family_arm_cc26xx_Timer_Object__table__V                  
20003358  ti_sysbios_gates_GateMutex_Object__table__V                          
20003391  osal_entity                                                          
20003398  osal_qHead                                                           
2000339c  osal_eventloop_hook                                                  
200033a0  osal_icallMsg_hook                                                   
200033a4  osal_semaphore                                                       
200033a8  osal_last_timestamp                                                  
200033ac  osal_tickperiod                                                      
200033b0  osal_max_msecs                                                       
200033c0  ti_sysbios_knl_Swi_Module_State_0_readyQ__A                          
200033f0  ti_sysbios_knl_Swi_Object__table__V                                  
20003420  ti_sysbios_knl_Task_Module_State_0_readyQ__A                         
20003454  RF_handle                                                            
20003458  macPhyTxPower                                                        
20003460  RF_params                                                            
2000347c  gpioPinConfigs                                                       
200034a8  txCmdHandle                                                          
200034aa  macRadioAckIeeeFrame                                                 
200034b0  macAckTimer                                                          
200034d0  macTxSlottedDelayFactor                                              
200034d1  macTxType                                                            
200034d2  macTxBe                                                              
200034d3  macTxGpInterframeDelay                                               
200034d4  txAckReq                                                             
200034d9  numTx                                                                
200034da  macTxCsmaBackoffDelay                                                
200034dc  macCsmaRtcTimerId                                                    
200034e0  macAckDbg                                                            
200034f4  ti_sysbios_knl_Clock_Object__table__V                                
20003514  xdc_runtime_Error_IgnoreBlock                                        
20003534  macSpecUsecsPerSymbol                                                
20003538  macPrevPeriodRatCount                                                
2000353c  macSymbolTimerRollover                                               
20003540  macSymbolTimerTrigger                                                
2000354c  ti_sysbios_family_arm_m3_Hwi_Object__table__V                        
20003564  ti_sysbios_heaps_HeapMem_Object__table__V                            
2000357c  ApiMac_appEntity                                                     
20003588  ApiMac_extAddr                                                       
20003590  gpioCallbackFunctions                                                
200035a0  macCfg                                                               
200035b0  AppTaskId                                                            
200035b4  pMacCbackQueryRetransmit                                             
200035b8  pMacCbackCheckPending                                                
200035bc  macTxSlottedDelay                                                    
200035bd  macUnitBackoffPeriod                                                 
200035be  rxFhRsl                                                              
200035bf  macPhyChannel                                                        
200035c0  macSrcMatchIsEnabled                                                 
200035c8  OSAL_timeSeconds                                                     
200035d4  _lock                                                                
200035d8  _unlock                                                              
200035dc  pinUpperBound                                                        
200035e0  pinLowerBound                                                        
200035e4  lastRatChanA                                                         
200035e5  lastRatChanB                                                         
200035e6  macRxCmdActive                                                       
200035e7  macTxCmdActive                                                       
200035e8  macFsCmdActive                                                       
200035e9  numRfCmd                                                             
200035ea  numRxCmd                                                             
200035eb  numRxPostCmd                                                         
200035ec  ti_sysbios_family_arm_m3_Hwi_Module__root__V                         
200035f4  ti_sysbios_gates_GateHwi_Module__root__V                             
200035fc  ti_sysbios_gates_GateMutexPri_Module__root__V                        
20003604  ti_sysbios_gates_GateMutex_Module__root__V                           
2000360c  ti_sysbios_hal_Hwi_Module__root__V                                   
20003614  ti_sysbios_heaps_HeapMem_Module__root__V                             
2000361c  ti_sysbios_knl_Clock_Module__root__V                                 
20003624  ti_sysbios_knl_Event_Module__root__V                                 
2000362c  ti_sysbios_knl_Mailbox_Module__root__V                               
20003634  ti_sysbios_knl_Queue_Module__root__V                                 
2000363c  ti_sysbios_knl_Semaphore_Module__root__V                             
20003644  ti_sysbios_knl_Swi_Module__root__V                                   
2000364c  ti_sysbios_knl_Task_Module__root__V                                  
20003654  xdc_runtime_Registry_Module__state__V                                
20003661  CryptoResourceCC26XX_pollingFlag                                     
20003664  macSrcMatchIsAckAllPending                                           
20003665  macSrcResIndex                                                       
20003670  pOverridesTable_ieee                                                 
20003674  main_func_sp                                                         
20003678  ti_sysbios_family_arm_m3_Hwi_Module_State_0_excContext__A            
2000367c  ti_sysbios_family_arm_m3_Hwi_Module_State_0_excStack__A              
20003680  ti_sysbios_knl_Task_Module_State_0_idleTask__A                       
20003684  bInSwi                                                               
20003685  macRadioYielded                                                      
20003686  ti_sysbios_family_arm_m3_Hwi_Module_State_0_excActive__A             
20003690  ti_sysbios_heaps_HeapMem_Instance_State_0_buf__A                     
20003d48  uartCC26XXObjects                                                    
20003f98  ti_sysbios_knl_Task_Instance_State_0_stack__A                        
20004198  spiCC26XXDMAObjects                                                  
20004520  ti_sysbios_family_arm_m3_Hwi_dispatchTable                           
200046c0  pinHandleTable                                                       
200047a8  aesccmCC26XXObjects                                                  
20004834  uartCC26XXRingBuffer                                                 
20004968  macRxFilter                                                          
20004969  rxPromiscuousMode                                                    
20004974  macRxDataEntryOffset                                                 
20004978  rxRadioBufferPtr                                                     
20004984  macRxDataEntryQueue                                                  
20004a10  udmaObjects                                                          
20004aa0  CryptoResourceCC26XX_accessSemaphore                                 
20004abc  CryptoResourceCC26XX_hwi                                             
20004ad8  CryptoResourceCC26XX_operationSemaphore                              
20004ba0  nvsSPI25XObjects                                                     
20004bac  timerHead                                                            
20004bc4  ClockP_tickPeriod                                                    
20004bc8  PowerCC26XX_swiKey                                                   
20004bcc  PowerCC26XX_taskKey                                                  
20004bd0  macTasksEvents                                                       
20004bd4  nvsCC26xxObjects                                                     
20004bd9  driverlib_release_0_51995                                            
20004bda  macPwr                                                               
20004bdb  macRxActive                                                          
20004bdc  macRxEnableFlags                                                     
20004bdd  macRxOutgoingAckFlag                                                 
20004bde  macSymbolTimerImpending                                              
20004bdf  macTxActive                                                          
20004be0  heapStart                                                            
20013b00  __stack                                                              
20013b00  heapEnd                                                              
20014000  __STACK_END                                                          
20014000  __STACK_TOP                                                          
e000e000  ti_sysbios_family_arm_m3_Hwi_nvic                                    
ffffffff  __TI_pprof_out_hndl                                                  
ffffffff  __TI_prof_data_size                                                  
ffffffff  __TI_prof_data_start                                                 
ffffffff  __binit__                                                            
ffffffff  __c_args__                                                           
ffffffff  binit                                                                
UNDEFED   SHT$$INIT_ARRAY$$Base                                                
UNDEFED   SHT$$INIT_ARRAY$$Limit                                               

[1452 symbols]
