******************************************************************************
                  TI ARM Linker PC v18.1.2                     
******************************************************************************
>> Linked Wed Jun 27 11:04:19 2018

OUTPUT FILE NAME:   <sensor_2_4g_cc26x2lp.out>
ENTRY POINT SYMBOL: "ResetISR"  address: 0000e4f9


MEMORY CONFIGURATION

         name            origin    length      used     unused   attr    fill
----------------------  --------  ---------  --------  --------  ----  --------
  FLASH                 00000000   00052000  000149a9  0003d657  R  X
  FLASH_NV              00052000   00004000  00004000  00000000  RW X
  FLASH_LAST            00056000   00002000  00001cba  00000346  R  X
  SRAM                  20000000   00014000  0000367c  00010984  RW X


SEGMENT ALLOCATION MAP

run origin  load origin   length   init length attrs members
----------  ----------- ---------- ----------- ----- -------
00000000    00000000    000149b0   000149b0    r-x
  00000000    00000000    0000003c   0000003c    r-- .resetVecs
  00000040    00000040    00012d7c   00012d7c    r-x .text
  00012dbc    00012dbc    00000fe4   00000fe4    r-- .const
  00013da0    00013da0    0000087d   0000087d    r-- config_const
  00014620    00014620    00000390   00000390    r-- .cinit
00052000    00052000    00004000   00000000    rw-
  00052000    00052000    00004000   00000000    rw- .TI.bound:flashBuf$3
00056000    00056000    00001c62   00001c62    r-x
  00056000    00056000    00001c62   00001c62    r-x flash_last_text
00057fa8    00057fa8    00000058   00000058    r--
  00057fa8    00057fa8    00000058   00000058    r-- .ccfg
20000100    20000100    0000000c   00000000    rw-
  20000100    20000100    00000004   00000000    rw- .data:xdcRomConstPtr
  20000104    20000104    00000004   00000000    rw- .data:xdcRomExternFuncPtr
  20000108    20000108    00000004   00000000    rw- .data:xdcRomStatePtr
20001830    20001830    00000010   00000000    rw-
  20001830    20001830    00000010   00000000    rw- .TI.bound:dmaSpi0RxControlTableEntry
20001840    20001840    00000010   00000000    rw-
  20001840    20001840    00000010   00000000    rw- .TI.bound:dmaSpi0TxControlTableEntry
20001900    20001900    00000010   00000000    rw-
  20001900    20001900    00000010   00000000    rw- .TI.bound:dmaSpi1RxControlTableEntry
20001910    20001910    00003068   00000000    rw-
  20001910    20001910    00000010   00000000    rw- .TI.bound:dmaSpi1TxControlTableEntry
  20001920    20001920    00001b05   00000000    rw- .data
  20003428    20003428    00001550   00000000    rw- .bss
20013b00    20013b00    00000500   00000000    rw-
  20013b00    20013b00    00000500   00000000    rw- .stack


SECTION ALLOCATION MAP

 output                                  attributes/
section   page    origin      length       input sections
--------  ----  ----------  ----------   ----------------
.text      0    00000040    00012d7c     
                  00000040    0000082c     maclib_secure_cc2652_2_4g.a : mac.obj (.text:macRxCbIeee$61)
                  0000086c    0000050c                                 : mac_rx.obj (.text:rxPayloadIsr$66)
                  00000d78    000004bc     main.obj (.text:taskFxn)
                  00001234    000003d4     maclib_secure_cc2652_2_4g.a : mac_data.obj (.text:macApiDataReq)
                  00001608    0000039c     sensor.obj (.text:Sensor_process)
                  000019a4    00000370     maclib_secure_cc2652_2_4g.a : mac_mgmt.obj (.text:macBuildHeader)
                  00001d14    0000036c                                 : macwrapper.obj (.text:macWrapperAddDevice)
                  00002080    00000366     api_mac.obj (.text:processIncomingICallMsg$31)
                  000023e6    00000002     driverlib.lib : rfc.obj (.text:NOROM_RFCCpePatchReset)
                  000023e8    00000344     maclib_secure_cc2652_2_4g.a : mac_mgmt.obj (.text:MAC_MlmeResetReq)
                  0000272c    00000314     rom_sysbios.aem4f : rom_sysbios.obj (.text:xdc_runtime_System_doPrint__I)
                  00002a40    000002f8     rf_multiMode_cc26x2_v1.aem4f : RFCC26X2_multiMode.oem4f (.text:RF_fsmActiveState)
                  00002d38    000002c8     maclib_secure_cc2652_2_4g.a : mac_pwr.obj (.text:macPwrVote)
                  00003000    00000280                                 : mac_data.obj (.text:MAC_McpsDataReq)
                  00003280    00000268     sensor.obj (.text:processSensorMsgEvt$36)
                  000034e8    00000260     maclib_secure_cc2652_2_4g.a : mac_security_pib.obj (.text:MAC_MlmeSetSecurityReq)
                  00003748    0000024c     sensor.obj (.text:dataIndCB$36)
                  00003994    00000222     maclib_secure_cc2652_2_4g.a : mac_security.obj (.text:macIncomingFrameSecurityMaterialRetrieval)
                  00003bb6    00000002     drivers_cc26x2_v1.aem4f : NVSSPI25X.oem4f (.text:NVSSPI25X_deinitSpiCs)
                  00003bb8    00000220     driverlib.lib : setup.obj (.text:TrimAfterColdResetWakeupFromShutDown$44)
                  00003dd8    00000218     drivers_cc26x2_v1.aem4f : SPICC26XXDMA.oem4f (.text:SPICC26XXDMA_transfer)
                  00003ff0    000001d4     macstack.obj (.text:macStackEventLoop)
                  000041c4    000001c0     maclib_secure_cc2652_2_4g.a : mac_security_pib.obj (.text:MAC_MlmeGetSecurityReq)
                  00004384    000001c0     drivers_cc26x2_v1.aem4f : PINCC26XX.oem4f (.text:PIN_init)
                  00004544    000001bc     maclib_secure_cc2652_2_4g.a : mac_beacon_device.obj (.text:macRxBeaconCritical)
                  00004700    000001b0                                 : mac.obj (.text:macSendReceiveCmdIeee)
                  000048b0    000001a8                                 : mac_scan.obj (.text:macApiScanReq)
                  00004a58    000001a8                                 : mac_tx.obj (.text:macTxFrame)
                  00004c00    000001a4                                 : mac_pib.obj (.text:MAC_MlmeSetReq)
                  00004da4    000001a4     drivers_cc26x2_v1.aem4f : PowerCC26X2.oem4f (.text:Power_sleep)
                  00004f48    00000198     maclib_secure_cc2652_2_4g.a : macwrapper.obj (.text:macWrapperAddKeyInitFCtr)
                  000050e0    00000194     drivers_cc26x2_v1.aem4f : PowerCC26X2_calibrateRCOSC.oem4f (.text:runCalibrateFsm)
                  00005274    0000018c     rf_multiMode_cc26x2_v1.aem4f : RFCC26X2_multiMode.oem4f (.text:RF_scheduleCmd)
                  00005400    00000170                                  : RFCC26X2_multiMode.oem4f (.text:RF_fsmSetupState)
                  00005570    00000170     maclib_secure_cc2652_2_4g.a : mac_data.obj (.text:macTxCompleteCallback)
                  000056e0    00000168     nvoctp.obj (.text:NVOCTP_newItem$29)
                  00005848    00000168     drivers_cc26x2_v1.aem4f : NVSSPI25X.oem4f (.text:NVSSPI25X_write)
                  000059b0    00000160                             : SPICC26XXDMA.oem4f (.text:SPICC26XXDMA_initIO)
                  00005b10    0000015c                             : UARTCC26XX.oem4f (.text:UARTCC26XX_open)
                  00005c6c    0000015c                             : PowerCC26X2_calibrateRCOSC.oem4f (.text:calibrateRcoscHf1)
                  00005dc8    0000015c     maclib_secure_cc2652_2_4g.a : mac_mgmt.obj (.text:macTxCsmaDelay)
                  00005f24    00000154     drivers_cc26x2_v1.aem4f : UARTCC26XX.oem4f (.text:UARTCC26XX_hwiIntFxn)
                  00006078    00000138     nvoctp.obj (.text:NVOCTP_initNvApi$29)
                  000061b0    00000138     drivers_cc26x2_v1.aem4f : NVSCC26XX.oem4f (.text:NVSCC26XX_write)
                  000062e8    00000138     maclib_secure_cc2652_2_4g.a : mac_device.obj (.text:macApiAssociateReq)
                  00006420    00000138                                 : mac_radio_tx.obj (.text:macRadioTxGoIeee$74)
                  00006558    00000134     sensor.obj (.text:Sensor_sendMsg)
                  0000668c    00000134     maclib_secure_cc2652_2_4g.a : mac_beacon_device.obj (.text:macAutoPoll)
                  000067c0    00000130     nvoctp.obj (.text:NVOCTP_compactPage$29)
                  000068f0    00000130     drivers_cc26x2_v1.aem4f : PowerCC26X2.oem4f (.text:Power_init)
                  00006a20    0000012c     rf_multiMode_cc26x2_v1.aem4f : RFCC26X2_multiMode.oem4f (.text:RF_getInfo)
                  00006b4c    0000012c     maclib_secure_cc2652_2_4g.a : mac_data.obj (.text:macAutoPendAddSrcMatchTableEntry)
                  00006c78    00000128     rf_multiMode_cc26x2_v1.aem4f : RFCC26X2_multiMode.oem4f (.text:RF_close)
                  00006da0    00000128                                  : RFCC26X2_multiMode.oem4f (.text:RF_fsmChangePhyState)
                  00006ec8    00000128     maclib_secure_cc2652_2_4g.a : mac_radio_tx.obj (.text:macRadioCsmaTxCbIeee$74)
                  00006ff0    00000124     rf_multiMode_cc26x2_v1.aem4f : RFCC26X2_multiMode.oem4f (.text:RF_abortCmd)
                  00007114    00000124                                  : RFCC26X2_multiMode.oem4f (.text:RF_init)
                  00007238    00000120     drivers_cc26x2_v1.aem4f : UARTCC26XX.oem4f (.text:UARTCC26XX_read)
                  00007358    0000011c                             : SPICC26XXDMA.oem4f (.text:SPICC26XXDMA_configDMA)
                  00007474    0000011c                             : SPICC26XXDMA.oem4f (.text:SPICC26XXDMA_open)
                  00007590    0000011c     jdllc.obj (.text:assocCnfCb$33)
                  000076ac    0000011c     sensor.obj (.text:dataCnfCB$36)
                  000077c8    00000114     driverlib.lib : sys_ctrl.obj (.text:NOROM_SysCtrlStandby)
                  000078dc    00000114     rf_multiMode_cc26x2_v1.aem4f : RFCC26X2_multiMode.oem4f (.text:RF_radioOpDoneCb)
                  000079f0    00000114     maclib_secure_cc2652_2_4g.a : mac_radio.obj (.text:macRadioInitIeee)
                  00007b04    00000110                                 : mac_data.obj (.text:macDataTxSend)
                  00007c14    00000110                                 : mac.obj (.text:macSetupRATChanCompare)
                  00007d24    00000108     ssf.obj (.text:Ssf_networkUpdate)
                  00007e2c    00000104     rf_multiMode_cc26x2_v1.aem4f : RFCC26X2_multiMode.oem4f (.text:RF_open)
                  00007f30    00000100     drivers_cc26x2_v1.aem4f : GPIOCC26XX.oem4f (.text:GPIO_setConfig)
                  00008030    00000100     rf_multiMode_cc26x2_v1.aem4f : RFCC26X2_multiMode.oem4f (.text:RF_fsmPowerUpState)
                  00008130    00000100     drivers_cc26x2_v1.aem4f : UARTCC26XX.oem4f (.text:UARTCC26XX_write)
                  00008230    00000100     maclib_secure_cc2652_2_4g.a : mac.obj (.text:macRatCb_B)
                  00008330    000000fc                                 : mac_beacon_device.obj (.text:macApiSyncReq)
                  0000842c    000000f8     drivers_cc26x2_v1.aem4f : NVSSPI25X.oem4f (.text:NVSSPI25X_open)
                  00008524    000000f8     maclib_secure_cc2652_2_4g.a : mac_mgmt.obj (.text:macSetDefaultsByPhyID)
                  0000861c    000000f8     app_pem4f.oem4f (.text:xdc_runtime_System_printfExtend__I)
                  00008714    000000f0     drivers_cc26x2_v1.aem4f : AESCCMCC26XX.oem4f (.text:AESCCM_startOperation)
                  00008804    000000f0     rf_multiMode_cc26x2_v1.aem4f : RFCC26X2_multiMode.oem4f (.text:RF_pendCmd)
                  000088f4    000000f0     drivers_cc26x2_v1.aem4f : SPICC26XXDMA.oem4f (.text:SPICC26XXDMA_transferCancel)
                  000089e4    000000ec     maclib_secure_cc2652_2_4g.a : mac_data.obj (.text:macAllocTxBuffer)
                  00008ad0    000000ec                                 : mac_device.obj (.text:macDeviceReset)
                  00008bbc    000000ec                                 : mac_scan.obj (.text:macScanNextChan)
                  00008ca8    000000e0     drivers_cc26x2_v1.aem4f : PINCC26XX.oem4f (.text:PINCC26XX_setIoCfg)
                  00008d88    000000e0     maclib_secure_cc2652_2_4g.a : mac_beacon.obj (.text:macBeaconSetSched)
                  00008e68    000000d8     drivers_cc26x2_v1.aem4f : GPIOCC26XX.oem4f (.text:GPIO_init)
                  00008f40    000000d8     rf_multiMode_cc26x2_v1.aem4f : RFCC26X2_multiMode.oem4f (.text:RF_dispatchNextCmd)
                  00009018    000000d8     maclib_secure_cc2652_2_4g.a : mac_beacon.obj (.text:macBeaconCheckTxTime)
                  000090f0    000000d8                                 : mac_mgmt.obj (.text:macCommStatusInd)
                  000091c8    000000d4     rf_multiMode_cc26x2_v1.aem4f : RFCC26X2_multiMode.oem4f (.text:RF_swiHw)
                  0000929c    000000d4     maclib_secure_cc2652_2_4g.a : mac.obj (.text:macRatCb_A)
                  00009370    000000d0     macstack.obj (.text:MAC_CbackEvent)
                  00009440    000000d0     maclib_secure_cc2652_2_4g.a : mac_tx.obj (.text:txCsmaPrep$70)
                  00009510    000000cc     nvoctp.obj (.text:NVOCTP_readHeader$29)
                  000095dc    000000cc     maclib_secure_cc2652_2_4g.a : mac_data.obj (.text:macDataTxEnqueue)
                  000096a8    000000cc                                 : mac_security.obj (.text:macOutgoingFrameKeyDescRetrieval)
                  00009774    000000cc                                 : mac_scan.obj (.text:macScanRxBeacon)
                  00009840    000000c8     drivers_cc26x2_v1.aem4f : PowerCC26X2.oem4f (.text:Power_releaseDependency)
                  00009908    000000c8     rf_multiMode_cc26x2_v1.aem4f : RFCC26X2_multiMode.oem4f (.text:RF_control)
                  000099d0    000000c8     maclib_secure_cc2652_2_4g.a : mac_security.obj (.text:macCcmStarTransform)
                  00009a98    000000c4     jdllc.obj (.text:Jdllc_init)
                  00009b5c    000000c4     drivers_cc26x2_v1.aem4f : PowerCC26X2.oem4f (.text:Power_setDependency)
                  00009c20    000000c4     rf_multiMode_cc26x2_v1.aem4f : RFCC26X2_multiMode.oem4f (.text:RF_setTxPower)
                  00009ce4    000000c0     drivers_cc26x2_v1.aem4f : UARTCC26XX.oem4f (.text:UARTCC26XX_initIO)
                  00009da4    000000c0     maclib_secure_cc2652_2_4g.a : mac_mgmt.obj (.text:macApiDisassociateReq)
                  00009e64    000000c0                                 : mac_mgmt.obj (.text:macBuildBeaconNotifyInd)
                  00009f24    000000bc                                 : mac_scan.obj (.text:MAC_MlmeScanReq)
                  00009fe0    000000bc     rf_multiMode_cc26x2_v1.aem4f : RFCC26X2_multiMode.oem4f (.text:RF_hwiCpe0Active)
                  0000a09c    000000bc     jdllc.obj (.text:pollCnfCb$33)
                  0000a158    000000b8     drivers_cc26x2_v1.aem4f : UARTCC26XX.oem4f (.text:UARTCC26XX_initHw)
                  0000a210    000000b8     maclib_secure_cc2652_2_4g.a : mac_data.obj (.text:macAutoPendMaintainSrcMatchTable)
                  0000a2c8    000000b4     dpl_cc26x2_v1.aem4f : PowerCC26X2_tirtos.oem4f (.text:PowerCC26XX_standbyPolicy)
                  0000a37c    000000b0     nvoctp.obj (.text:NVOCTP_findItem$29)
                  0000a42c    000000b0     rf_multiMode_cc26x2_v1.aem4f : RFCC26X2_multiMode.oem4f (.text:RF_corePowerDown)
                  0000a4dc    000000b0     jdllc.obj (.text:processCoordRealign$33)
                  0000a58c    000000b0     maclib_secure_cc2652_2_4g.a : mac_rx.obj (.text:rxPostRxUpdates$66)
                  0000a63c    000000ac     jdllc.obj (.text:beaconNotifyIndCb$33)
                  0000a6e8    000000ac     api_mac.obj (.text:processBeaconNotifyInd$31)
                  0000a794    000000a8     rf_multiMode_cc26x2_v1.aem4f : RFCC26X2_multiMode.oem4f (.text:RF_getTxPower)
                  0000a83c    000000a6     rom_sysbios.aem4f : rom_sysbios.obj (.text:xdc_runtime_Text_putSite__E)
                  0000a8e2    00000002     rf_multiMode_cc26x2_v1.aem4f : RFCC26X2_multiMode.oem4f (.text:RF_defaultCallback)
                  0000a8e4    000000a4     driverlib.lib : aes.obj (.text:NOROM_AESWriteToKeyStore)
                  0000a988    000000a4     nvoctp.obj (.text:NVOCTP_checkItem$29)
                  0000aa2c    000000a4     sensor.obj (.text:jdllcJoinedCb$36)
                  0000aad0    000000a4     maclib_secure_cc2652_2_4g.a : mac_beacon_device.obj (.text:macBeaconSyncLoss)
                  0000ab74    000000a2     drivers_cc26x2_v1.aem4f : SPICC26XXDMA.oem4f (.text:SPICC26XXDMA_hwiFxn)
                  0000ac16    00000002     rtsv7M4_T_le_v4SPD16_eabi.lib : _lock.c.obj (.text:_nop)
                  0000ac18    000000a0     rf_multiMode_cc26x2_v1.aem4f : RFCC26X2_multiMode.oem4f (.text:RF_postCmd)
                  0000acb8    000000a0     ssf.obj (.text:Ssf_findBlackListIndex)
                  0000ad58    000000a0     auto_init.aem4f : auto_init.oem4f (.text)
                  0000adf8    000000a0     maclib_secure_cc2652_2_4g.a : mac_coord.obj (.text:macIndirectSend)
                  0000ae98    000000a0                                 : mac_main.obj (.text:macSendDataMsg)
                  0000af38    000000a0     rom_sysbios.aem4f : rom_sysbios.obj (.text:ti_sysbios_knl_Task_setPri__E)
                  0000afd8    0000009c     driverlib.lib : setup.obj (.text:NOROM_SetupTrimDevice)
                  0000b074    0000009c     drivers_cc26x2_v1.aem4f : UARTCC26XX.oem4f (.text:UARTCC26XX_swiIntFxn)
                  0000b110    0000009c                             : NVSSPI25X.oem4f (.text:doErase)
                  0000b1ac    0000009c     rtsv7M4_T_le_v4SPD16_eabi.lib : memcpy_t2.asm.obj (.text)
                  0000b248    00000098     driverlib.lib : osc.obj (.text:NOROM_OSCHF_GetStartupTime)
                  0000b2e0    00000098     maclib_secure_cc2652_2_4g.a : mac_mgmt.obj (.text:macRxBeacon)
                  0000b378    00000098                                 : mac_scan.obj (.text:macScanRxCoordRealign)
                  0000b410    00000098                                 : mac.obj (.text:macSetupReceiveCmd)
                  0000b4a8    00000098     rom_sysbios.aem4f : rom_sysbios.obj (.text:ti_sysbios_knl_Clock_workFuncDynamic__E)
                  0000b540    00000098                       : rom_sysbios.obj (.text:xdc_runtime_Text_putMod__E)
                  0000b5d8    00000096     rtsv7M4_T_le_v4SPD16_eabi.lib : ull_div_t2.asm.obj (.text)
                  0000b66e    00000002     drivers_cc26x2_v1.aem4f : PowerCC26X2.oem4f (.text:emptyClockFunc)
                  0000b670    00000094                             : PINCC26XX.oem4f (.text:PIN_open)
                  0000b704    00000094     maclib_secure_cc2652_2_4g.a : mac_main.obj (.text:macCbackForEvent)
                  0000b798    00000094                                 : mac_security.obj (.text:macCcmStarInverseTransform)
                  0000b82c    00000090     rf_multiMode_cc26x2_v1.aem4f : RFCC26X2_multiMode.oem4f (.text:RF_discardPendCmd)
                  0000b8bc    00000090     jdllc.obj (.text:scanCnfCb$33)
                  0000b94c    00000090     drivers_cc26x2_v1.aem4f : UARTCC26XX.oem4f (.text:writeTxFifoFlush)
                  0000b9dc    0000008e                             : SPICC26XXDMA.oem4f (.text:SPICC26XXDMA_swiFxn)
                  0000ba6a    00000002                             : CryptoResourceCC26XX.oem4f (.text:errorSpin)
                  0000ba6c    0000008c     jdllc.obj (.text:Jdllc_securityInit)
                  0000baf8    0000008c     driverlib.lib : setup_rom.obj (.text:NOROM_SetupStepVddrTrimTo)
                  0000bb84    0000008c     drivers_cc26x2_v1.aem4f : SPICC26XXDMA.oem4f (.text:SPICC26XXDMA_control)
                  0000bc10    0000008c                             : UARTCC26XX.oem4f (.text:UARTCC26XX_close)
                  0000bc9c    0000008c                             : UARTCC26XX.oem4f (.text:UARTCC26XX_writeCancel)
                  0000bd28    0000008c     api_mac.obj (.text:copyDataInd$31)
                  0000bdb4    0000008c     rom_sysbios.aem4f : rom_sysbios.obj (.text:ti_sysbios_gates_GateMutexPri_enter__E)
                  0000be40    0000008a     rf_multiMode_cc26x2_v1.aem4f : RFCC26X2_multiMode.oem4f (.text:RF_schChkCmdInsert)
                  0000beca    00000002     maclib_secure_cc2652_2_4g.a : mac_pwr.obj (.text:macApiPwrOnReq)
                  0000becc    00000088     rf_multiMode_cc26x2_v1.aem4f : RFCC26X2_multiMode.oem4f (.text:RF_ratFreeChannel)
                  0000bf54    00000088     drivers_cc26x2_v1.aem4f : PowerCC26X2_calibrateRCOSC.oem4f (.text:calibrateRcoscHf2)
                  0000bfdc    00000088     maclib_secure_cc2652_2_4g.a : mac_mgmt.obj (.text:macBuildCommonReq)
                  0000c064    00000088                                 : mac_data.obj (.text:macDataTxComplete)
                  0000c0ec    00000084                                 : mac_autopend.obj (.text:MAC_SrcMatchEnable)
                  0000c170    00000084     rf_multiMode_cc26x2_v1.aem4f : RFCC26X2_multiMode.oem4f (.text:RF_hwiHw)
                  0000c1f4    00000084     maclib_secure_cc2652_2_4g.a : mac_device.obj (.text:macRxAssocRsp)
                  0000c278    00000084                                 : mac_autopend.obj (.text:macSrcMatchCheckSrcAddr$62)
                  0000c2fc    00000080     drivers_cc26x2_v1.aem4f : AESCCMCC26XX.oem4f (.text:AESCCM_open)
                  0000c37c    00000080     nvoctp.obj (.text:NVOCTP_writeItemApi$29)
                  0000c3fc    00000080     drivers_cc26x2_v1.aem4f : NVSCC26XX.oem4f (.text:NVSCC26XX_open)
                  0000c47c    00000080     rf_multiMode_cc26x2_v1.aem4f : RFCC26X2_multiMode.oem4f (.text:RF_yield)
                  0000c4fc    00000080     maclib_secure_cc2652_2_4g.a : mac_timer.obj (.text:macTimerCancel)
                  0000c57c    00000080     rom_sysbios.aem4f : rom_sysbios.obj (.text:ti_sysbios_family_arm_cc26xx_Timer_start__E)
                  0000c5fc    0000007c     drivers_cc26x2_v1.aem4f : NVSSPI25X.oem4f (.text:NVSSPI25X_close)
                  0000c678    0000007c                             : NVSSPI25X.oem4f (.text:doRead)
                  0000c6f4    0000007c     maclib_secure_cc2652_2_4g.a : mac_beacon_device.obj (.text:macTrackPeriodCallback)
                  0000c770    0000007c                                 : mac_tx.obj (.text:macTxDoneCallback)
                  0000c7ec    0000007c     jdllc.obj (.text:syncLossCb$33)
                  0000c868    0000007c     maclib_secure_cc2652_2_4g.a : mac_tx.obj (.text:txComplete)
                  0000c8e4    0000007c     drivers_cc26x2_v1.aem4f : PowerCC26X2_calibrateRCOSC.oem4f (.text:updateSubSecInc)
                  0000c960    0000007a     rtsv7M4_T_le_v4SPD16_eabi.lib : memset_t2.asm.obj (.text)
                  0000c9da    00000002     maclib_secure_cc2652_2_4g.a : mac_mgmt.obj (.text:macNoAction)
                  0000c9dc    00000078     rf_multiMode_cc26x2_v1.aem4f : RFCC26X2_multiMode.oem4f (.text:RF_howToSchedule)
                  0000ca54    00000078                                  : RFCC26X2_multiMode.oem4f (.text:RF_ratDispatchTime)
                  0000cacc    00000078     drivers_cc26x2_v1.aem4f : NVSSPI25X.oem4f (.text:doWriteVerify)
                  0000cb44    00000078     maclib_secure_cc2652_2_4g.a : mac_radio.obj (.text:macRadioUpdateChannel)
                  0000cbbc    00000078                                 : mac_radio.obj (.text:macRadioUpdateTxPower)
                  0000cc34    00000078                                 : mac_scan.obj (.text:macScanStartTimer)
                  0000ccac    00000078                                 : mac_beacon_device.obj (.text:macTrackTimeoutCallback)
                  0000cd24    00000078     main.obj (.text:main)
                  0000cd9c    00000078     jdllc.obj (.text:sendAssocReq$33)
                  0000ce14    00000076     maclib_secure_cc2652_2_4g.a : mac_security.obj (.text:macKeyDescriptorLookup)
                  0000ce8a    00000002                                 : mac_symbol_timer.obj (.text:macSymbolTimerICallPwrNotify$69)
                  0000ce8c    00000074     drivers_cc26x2_v1.aem4f : PowerCC26X2_calibrateRCOSC.oem4f (.text:PowerCC26X2_auxISR)
                  0000cf00    00000074     rf_multiMode_cc26x2_v1.aem4f : RFCC26X2_multiMode.oem4f (.text:RF_issueRadioFreeCb)
                  0000cf74    00000074     jdllc.obj (.text:dataCnfCb$33)
                  0000cfe8    00000074     maclib_secure_cc2652_2_4g.a : mac_mcu.obj (.text:macMcuOverflowSetCompare)
                  0000d05c    00000074                                 : mac_mcu.obj (.text:macMcuOverflowSetPeriod)
                  0000d0d0    00000074     mac_user_config.obj (.text:rf_patch_mce_ieee_802_15_4$34)
                  0000d144    00000074     rom_sysbios.aem4f : rom_sysbios.obj (.text:ti_sysbios_gates_GateMutexPri_leave__E)
                  0000d1b8    0000006e     rtsv7M4_T_le_v4SPD16_eabi.lib : ll_div_t2.asm.obj (.text)
                  0000d226    00000002                                   : div0.asm.obj (.text)
                  0000d228    0000006d     rom_sysbios.aem4f : rom_sysbios.obj (.text:xdc_runtime_System_formatNum__I)
                  0000d295    00000001     --HOLE-- [fill = 0]
                  0000d296    00000002     app_pem4f.oem4f (.text:ti_sysbios_BIOS_nullFunc__I)
                  0000d298    0000006c     drivers_cc26x2_v1.aem4f : PINCC26XX.oem4f (.text:PIN_add)
                  0000d304    0000006c                             : UARTCC26XX.oem4f (.text:UARTCC26XX_readCancel)
                  0000d370    0000006c     maclib_secure_cc2652_2_4g.a : mac_hl_patch.obj (.text:macCcmDecrypt)
                  0000d3dc    0000006c                                 : mac_mgmt.obj (.text:macDisassocComplete)
                  0000d448    0000006c                                 : mac_main.obj (.text:macExecute)
                  0000d4b4    0000006c                                 : mac_main.obj (.text:macSendMsg)
                  0000d520    00000068     driverlib.lib : osc.obj (.text:NOROM_OSCHF_AttemptToSwitchToXosc)
                  0000d588    00000068     rf_multiMode_cc26x2_v1.aem4f : RFCC26X2_multiMode.oem4f (.text:RF_getCurrentTime)
                  0000d5f0    00000068                                  : RFCC26X2_multiMode.oem4f (.text:RF_ratDisableChannel)
                  0000d658    00000068                                  : RFCC26X2_multiMode.oem4f (.text:RF_ratSetupChannel)
                  0000d6c0    00000068     rtsv7M4_T_le_v4SPD16_eabi.lib : copy_decompress_lzss.c.obj (.text:decompress:lzss:__TI_decompress_lzss)
                  0000d728    00000068     maclib_secure_cc2652_2_4g.a : mac_hl_patch.obj (.text:macCcmEncrypt)
                  0000d790    00000068                                 : mac_rx_onoff.obj (.text:macRxOn)
                  0000d7f8    00000068     jdllc.obj (.text:updateState$33)
                  0000d860    00000066     rf_multiMode_cc26x2_v1.aem4f : RFCC26X2_multiMode.oem4f (.text:RF_syncCb)
                  0000d8c6    00000002     app_pem4f.oem4f (.text:ti_sysbios_rom_cortexm_cc26xx_agama_CC26xx_badRomRevision__E)
                  0000d8c8    00000064     drivers_cc26x2_v1.aem4f : CryptoResourceCC26XX.oem4f (.text:CryptoResourceCC26XX_constructRTOSObjects)
                  0000d92c    00000064                             : UARTCC26XX.oem4f (.text:UARTCC26XX_control)
                  0000d990    00000064     maclib_secure_cc2652_2_4g.a : mac_device.obj (.text:macAssocDataRxInd)
                  0000d9f4    00000064                                 : mac_device.obj (.text:macRxCoordRealign)
                  0000da58    00000064                                 : mac_mgmt.obj (.text:macRxDisassoc)
                  0000dabc    00000064                                 : mac_symbol_timer.obj (.text:macSymbolTimerInit)
                  0000db20    00000064     jdllc.obj (.text:sendScanReq$33)
                  0000db84    00000060     drivers_cc26x2_v1.aem4f : GPIOCC26XX.oem4f (.text:GPIO_write)
                  0000dbe4    00000060     nvoctp.obj (.text:NVOCTP_copyItem$29)
                  0000dc44    00000060     nvoctp.obj (.text:NVOCTP_readItemApi$29)
                  0000dca4    00000060     rf_multiMode_cc26x2_v1.aem4f : RFCC26X2_multiMode.oem4f (.text:RF_ratAllocChannel)
                  0000dd04    00000060                                  : RFCC26X2_multiMode.oem4f (.text:RF_ratArmChannel)
                  0000dd64    00000060     drivers_cc26x2_v1.aem4f : SPICC26XXDMA.oem4f (.text:SPICC26XXDMA_initHw)
                  0000ddc4    00000060     ssf.obj (.text:Ssf_getNetworkInfo)
                  0000de24    00000060     maclib_secure_cc2652_2_4g.a : mac_radio_tx.obj (.text:macRadioTxPrepCsmaSlottedIeee)
                  0000de84    00000060                                 : mac_radio_tx.obj (.text:macRadioTxPrepCsmaUnslottedIeee)
                  0000dee4    00000060                                 : mac_rx.obj (.text:macRxHaltCleanup)
                  0000df44    00000060                                 : mac_scan.obj (.text:macScanComplete)
                  0000dfa4    0000005f     rom_sysbios.aem4f : rom_sysbios.obj (.text:xdc_runtime_Text_putLab__E)
                  0000e003    00000001     --HOLE-- [fill = 0]
                  0000e004    0000005c     jdllc.obj (.text:Jdllc_addSecDevice)
                  0000e060    0000005c     nvoctp.obj (.text:NVOCTP_createItemApi$29)
                  0000e0bc    0000005c     drivers_cc26x2_v1.aem4f : PINCC26XX.oem4f (.text:PIN_remove)
                  0000e118    0000005c     rf_multiMode_cc26x2_v1.aem4f : RFCC26X2_multiMode.oem4f (.text:RF_dispatchNextEvent)
                  0000e174    0000005c                                  : RFCC26X2_multiMode.oem4f (.text:RF_fsmXOSCState)
                  0000e1d0    0000005c                                  : RFCC26X2_multiMode.oem4f (.text:RF_hwiCpe0PowerFsm)
                  0000e22c    0000005c     drivers_cc26x2_v1.aem4f : NVSCC26XX.oem4f (.text:doErase)
                  0000e288    0000005c     maclib_secure_cc2652_2_4g.a : mac_device.obj (.text:macPollDataRxInd)
                  0000e2e4    0000005c     app_pem4f.oem4f (.text:xdc_runtime_Startup_getState__I)
                  0000e340    00000058     maclib_secure_cc2652_2_4g.a : mac_mgmt.obj (.text:MAC_ResumeReq)
                  0000e398    00000058     drivers_cc26x2_v1.aem4f : PowerCC26X2_calibrateRCOSC.oem4f (.text:PowerCC26X2_initiateCalibration)
                  0000e3f0    00000058     rf_multiMode_cc26x2_v1.aem4f : RFCC26X2_multiMode.oem4f (.text:RF_TxPowerTable_findValue)
                  0000e448    00000058                                  : RFCC26X2_multiMode.oem4f (.text:RF_cmdDispatchTime)
                  0000e4a0    00000058     mac_user_config.obj (.text:applyIeee802154Patch$34)
                  0000e4f8    00000058     boot.aem4f : boot.oem4f (.text)
                  0000e550    00000058     drivers_cc26x2_v1.aem4f : PowerCC26X2.oem4f (.text:disableLFClockQualifiers)
                  0000e5a8    00000058     maclib_secure_cc2652_2_4g.a : mac_timer.obj (.text:macTimerAddTimer)
                  0000e600    00000058                                 : mac_timer.obj (.text:macTimerUpdateSymbolTimer)
                  0000e658    00000054     drivers_cc26x2_v1.aem4f : AESCCMCC26XX.oem4f (.text:AESCCM_cleanup)
                  0000e6ac    00000054                             : AESCCMCC26XX.oem4f (.text:AESCCM_waitForResult)
                  0000e700    00000054     nvoctp.obj (.text:NVOCTP_deleteItemApi$29)
                  0000e754    00000054     nvoctp.obj (.text:NVOCTP_doNVCRC$29)
                  0000e7a8    00000054     nvoctp.obj (.text:NVOCTP_readItem$29)
                  0000e7fc    00000054     drivers_cc26x2_v1.aem4f : NVSCC26XX.oem4f (.text:NVSCC26XX_init)
                  0000e850    00000054     uart_printf.obj (.text:UartPrintf_flush)
                  0000e8a4    00000054     maclib_secure_cc2652_2_4g.a : mac_device.obj (.text:macApiPollReq)
                  0000e8f8    00000054                                 : mac_radio.obj (.text:macRadioSetChannel)
                  0000e94c    00000054                                 : mac_beacon_device.obj (.text:macSyncTimeoutCallback)
                  0000e9a0    00000054                                 : mac_ie_parse.obj (.text:macUpdatePayloadIEPtr)
                  0000e9f4    00000054     drivers_cc26x2_v1.aem4f : GPIOCC26XX.oem4f (.text:powerPostNotify)
                  0000ea48    00000054     api_mac.obj (.text:processScanCnf$31)
                  0000ea9c    00000052     drivers_cc26x2_v1.aem4f : SPICC26XXDMA.oem4f (.text:SPICC26XXDMA_close)
                  0000eaee    00000002     rom_sysbios.aem4f : rom_sysbios.obj (.text:xdc_runtime_SysCallback_defaultAbort)
                  0000eaf0    00000050     dpl_cc26x2_v1.aem4f : ClockP_tirtos.oem4f (.text:ClockP_construct)
                  0000eb40    00000050     drivers_cc26x2_v1.aem4f : GPIOCC26XX.oem4f (.text:GPIO_enableInt)
                  0000eb90    00000050     nvoctp.obj (.text:NVOCTP_findOffset$29)
                  0000ebe0    00000050     rf_multiMode_cc26x2_v1.aem4f : RFCC26X2_multiMode.oem4f (.text:RF_applyRfCorePatch)
                  0000ec30    00000050                                  : RFCC26X2_multiMode.oem4f (.text:RF_ratGenerateChCmd)
                  0000ec80    00000050                                  : RFCC26X2_multiMode.oem4f (.text:RF_schCmdRunInsert)
                  0000ecd0    00000050                                  : RFCC26X2_multiMode.oem4f (.text:RF_wakeupNotification)
                  0000ed20    00000050     drivers_cc26x2_v1.aem4f : PowerCC26X2.oem4f (.text:configureXOSCHF)
                  0000ed70    00000050                             : NVSSPI25X.oem4f (.text:extFlashSpiRead)
                  0000edc0    00000050                             : NVSSPI25X.oem4f (.text:extFlashSpiWrite)
                  0000ee10    00000050     maclib_secure_cc2652_2_4g.a : mac_device.obj (.text:macAssocDataReqComplete)
                  0000ee60    00000050                                 : mac_rx_onoff.obj (.text:macRxOffRequest)
                  0000eeb0    00000050                                 : mac_symbol_timer.obj (.text:macSymbolTimerSetRollover)
                  0000ef00    00000050                                 : mac_beacon_device.obj (.text:macTrackStartCallback)
                  0000ef50    0000004c     driverlib.lib : chipinfo.obj (.text:NOROM_ChipInfo_GetChipType)
                  0000ef9c    0000004c     rf_multiMode_cc26x2_v1.aem4f : RFCC26X2_multiMode.oem4f (.text:RF_ratRestartChannels)
                  0000efe8    0000004c     drivers_cc26x2_v1.aem4f : UDMACC26XX.oem4f (.text:UDMACC26XX_open)
                  0000f034    0000004c     rtsv7M4_T_le_v4SPD16_eabi.lib : cpy_tbl.c.obj (.text:copy_in)
                  0000f080    0000004c     drivers_cc26x2_v1.aem4f : NVSSPI25X.oem4f (.text:extFlashWaitReady)
                  0000f0cc    0000004c     maclib_secure_cc2652_2_4g.a : mac_radio.obj (.text:macRadioWakeupCb)
                  0000f118    0000004c                                 : mac_symbol_timer.obj (.text:macSymbolTimerEventHandler$69)
                  0000f164    0000004c                                 : mac_tx.obj (.text:macTxAckNotReceivedCallback)
                  0000f1b0    0000004c     drivers_cc26x2_v1.aem4f : UARTCC26XX.oem4f (.text:startTxFifoEmptyClk)
                  0000f1fc    0000004a     macstack.obj (.text:icall_slimMsgParser)
                  0000f246    00000002     rom_sysbios.aem4f : rom_sysbios.obj (.text:xdc_runtime_SysCallback_defaultExit)
                  0000f248    00000048     board_lcd.obj (.text:Board_Lcd_writeStringValue)
                  0000f290    00000048     jdllc.obj (.text:Jdllc_sendDisassociationRequest)
                  0000f2d8    00000048     maclib_secure_cc2652_2_4g.a : mac_pib.obj (.text:MAC_MlmeGetReq)
                  0000f320    00000048     driverlib.lib : aes.obj (.text:NOROM_AESStartDMAOperation)
                  0000f368    00000048                   : rfc.obj (.text:NOROM_RFCSynthPowerDown)
                  0000f3b0    00000048     nvoctp.obj (.text:NVOCTP_write$29)
                  0000f3f8    00000048     drivers_cc26x2_v1.aem4f : NVSSPI25X.oem4f (.text:NVSSPI25X_read)
                  0000f440    00000048                             : NVS.oem4f (.text:NVS_open)
                  0000f488    00000048                             : PINCC26XX.oem4f (.text:PIN_setOutputEnable)
                  0000f4d0    00000048     ssf.obj (.text:Ssf_configurationUpdate)
                  0000f518    00000048     drivers_cc26x2_v1.aem4f : NVSCC26XX.oem4f (.text:disableFlashCache)
                  0000f560    00000048                             : NVSSPI25X.oem4f (.text:extFlashMassErase)
                  0000f5a8    00000048     maclib_secure_cc2652_2_4g.a : mac_beacon_device.obj (.text:macBeaconStartFrameResponseTimer)
                  0000f5f0    00000048     drivers_cc26x2_v1.aem4f : UARTCC26XX.oem4f (.text:writeFinishedDoCallback)
                  0000f638    00000046                             : RingBuf.oem4f (.text:RingBuf_put)
                  0000f67e    00000002     rom_sysbios.aem4f : rom_sysbios.obj (.text:xdc_runtime_SysCallback_defaultFlush)
                  0000f680    00000044     drivers_cc26x2_v1.aem4f : CryptoResourceCC26XX.oem4f (.text:CryptoResourceCC26XX_destructRTOSObjects)
                  0000f6c4    00000044     driverlib.lib : osc.obj (.text:NOROM_OSCHF_SwitchToRcOscTurnOffXosc)
                  0000f708    00000044     nvoctp.obj (.text:NVOCTP_getItemLenApi$29)
                  0000f74c    00000044     nvoctp.obj (.text:NVOCTP_setPageActive$29)
                  0000f790    00000044     drivers_cc26x2_v1.aem4f : NVSCC26XX.oem4f (.text:NVSCC26XX_read)
                  0000f7d4    00000044                             : PINCC26XX.oem4f (.text:PIN_swi)
                  0000f818    00000044                             : SPICC26XXDMA.oem4f (.text:SPICC26XXDMA_csnCallback)
                  0000f85c    00000044                             : SPI.oem4f (.text:SPI_init)
                  0000f8a0    00000044                             : UART.oem4f (.text:UART_init)
                  0000f8e4    00000044     ssf.obj (.text:getNumBlackListEntries$37)
                  0000f928    00000044     jdllc.obj (.text:handleMaxDataFail$33)
                  0000f96c    00000044     maclib_secure_cc2652_2_4g.a : mac_device.obj (.text:macAssocDataReq)
                  0000f9b0    00000044                                 : mac_mgmt.obj (.text:macDestSAddrCmp)
                  0000f9f4    00000044                                 : mac_device.obj (.text:macPollDataReqComplete)
                  0000fa38    00000044                                 : mac_main.obj (.text:mac_msg_deallocate)
                  0000fa7c    00000044     jdllc.obj (.text:populateInfo$33)
                  0000fac0    00000044     drivers_cc26x2_v1.aem4f : PowerCC26X2.oem4f (.text:switchXOSCHF)
                  0000fb04    00000044     rom_sysbios.aem4f : rom_sysbios.obj (.text:xdc_runtime_Text_xprintf__I)
                  0000fb48    00000042     api_mac.obj (.text:copyMacPanDescToApiMacPanDesc$31)
                  0000fb8a    00000002     --HOLE-- [fill = 0]
                  0000fb8c    00000040     maclib_secure_cc2652_2_4g.a : mac_symbol_timer.obj (.text:ICall_setTimer$69)
                  0000fbcc    00000040     driverlib.lib : aes.obj (.text:NOROM_AESWriteCCMInitializationVector)
                  0000fc0c    00000040     nvoctp.obj (.text:NVOCTP_compactNvApi$29)
                  0000fc4c    00000040     drivers_cc26x2_v1.aem4f : PowerCC26X2.oem4f (.text:PowerCC26XX_isStableXOSC_HF)
                  0000fc8c    00000040                             : PowerCC26X2.oem4f (.text:PowerCC26XX_switchXOSC_HF)
                  0000fccc    00000040                             : RingBuf.oem4f (.text:RingBuf_get)
                  0000fd0c    00000040     maclib_secure_cc2652_2_4g.a : mac_hl_patch.obj (.text:macCheckPhyRate)
                  0000fd4c    00000040                                 : mac_device.obj (.text:macPollFrameResponseTimeout)
                  0000fd8c    00000040                                 : mac_autopend.obj (.text:macSrcMatchSetEnableBit$62)
                  0000fdcc    00000040     rtsv7M4_T_le_v4SPD16_eabi.lib : u_divt2.asm.obj (.text)
                  0000fe0c    00000040     jdllc.obj (.text:sendPollReq$33)
                  0000fe4c    00000040     rom_sysbios.aem4f : rom_sysbios.obj (.text:ti_sysbios_family_arm_cc26xx_Timer_setThreshold__I)
                  0000fe8c    0000003e     dpl_cc26x2_v1.aem4f : HwiP_tirtos.oem4f (.text:HwiP_construct)
                  0000feca    00000002     --HOLE-- [fill = 0]
                  0000fecc    0000003c     drivers_cc26x2_v1.aem4f : AESCCMCC26XX.oem4f (.text:AESCCM_init)
                  0000ff08    0000003c     api_mac.obj (.text:ICall_sendServiceMsg$31)
                  0000ff44    0000003c     driverlib.lib : chipinfo.obj (.text:NOROM_ChipInfo_GetHwRevision)
                  0000ff80    0000003c     drivers_cc26x2_v1.aem4f : PINCC26XX.oem4f (.text:PINCC26XX_getConfig)
                  0000ffbc    0000003c                             : PINCC26XX.oem4f (.text:PIN_setOutputValue)
                  0000fff8    0000003c     rf_multiMode_cc26x2_v1.aem4f : RFCC26X2_multiMode.oem4f (.text:RF_calculateDispatchTime)
                  00010034    0000003c                                  : RFCC26X2_multiMode.oem4f (.text:RF_cmdGet)
                  00010070    0000003c     drivers_cc26x2_v1.aem4f : SPI.oem4f (.text:SPI_open)
                  000100ac    0000003c     dpl_cc26x2_v1.aem4f : SwiP_tirtos.oem4f (.text:SwiP_construct)
                  000100e8    0000003c     drivers_cc26x2_v1.aem4f : UART.oem4f (.text:UART_open)
                  00010124    0000003c                             : NVSCC26XX.oem4f (.text:checkEraseRange)
                  00010160    0000003c     maclib_secure_cc2652_2_4g.a : mac_rx_onoff.obj (.text:macRxDisable)
                  0001019c    0000003c                                 : mac_device.obj (.text:macStartFrameResponseTimer)
                  000101d8    0000003c                                 : mac_symbol_timer.obj (.text:macSymbolTimerSetTrigger)
                  00010214    0000003c     rom_sysbios.aem4f : rom_sysbios.obj (.text:ti_sysbios_family_arm_m3_Hwi_construct2__E)
                  00010250    0000003a     drivers_cc26x2_v1.aem4f : NVSSPI25X.oem4f (.text:checkEraseRange)
                  0001028a    00000002     --HOLE-- [fill = 0]
                  0001028c    00000038     macstack.obj (.text:ICall_enrollService$25)
                  000102c4    00000038     main.obj (.text:Main_assertHandler)
                  000102fc    00000038     drivers_cc26x2_v1.aem4f : PINCC26XX.oem4f (.text:PIN_setInterrupt)
                  00010334    00000038     board_key.obj (.text:board_key_keyFxn$5)
                  0001036c    00000038     jdllc.obj (.text:disassoCnfCb$33)
                  000103a4    00000038     maclib_secure_cc2652_2_4g.a : mac_device.obj (.text:macAssocFailed)
                  000103dc    00000038                                 : mac_beacon.obj (.text:macBeaconRequeue)
                  00010414    00000038                                 : mac_beacon_device.obj (.text:macBeaconStopTrack)
                  0001044c    00000038                                 : mac_radio.obj (.text:macGetRadioTxPowerReg)
                  00010484    00000038                                 : mac_radio.obj (.text:macRadioSetPanCoordinator)
                  000104bc    00000038                                 : mac_symbol_timer.obj (.text:macSymbolTimerCount)
                  000104f4    00000038                                 : mac_symbol_timer.obj (.text:macSymbolTimerRealignIeee)
                  0001052c    00000038     drivers_cc26x2_v1.aem4f : PowerCC26X2.oem4f (.text:notify)
                  00010564    00000038                             : UARTCC26XX.oem4f (.text:readData)
                  0001059c    00000038     rom_sysbios.aem4f : rom_sysbios.obj (.text:ti_sysbios_family_arm_cc26xx_Timer_getCurrentTick__E)
                  000105d4    00000038     drivers_cc26x2_v1.aem4f : UARTCC26XX.oem4f (.text:writeData)
                  0001060c    00000036                             : UDMACC26XX.oem4f (.text:UDMACC26XX_close)
                  00010642    00000002     --HOLE-- [fill = 0]
                  00010644    00000034     driverlib.lib : aes.obj (.text:NOROM_AESConfigureCCMCtrl)
                  00010678    00000034                   : aes.obj (.text:NOROM_AESReadFromKeyStore)
                  000106ac    00000034                   : aes.obj (.text:NOROM_AESReadTag)
                  000106e0    00000034                   : sys_ctrl.obj (.text:NOROM_SysCtrlIdle)
                  00010714    00000034     nvoctp.obj (.text:NVOCTP_erase$29)
                  00010748    00000034     drivers_cc26x2_v1.aem4f : NVSSPI25X.oem4f (.text:NVSSPI25X_init)
                  0001077c    00000034                             : PINCC26XX.oem4f (.text:PIN_setConfig)
                  000107b0    00000034                             : PowerCC26X2.oem4f (.text:Power_releaseConstraint)
                  000107e4    00000034     rf_multiMode_cc26x2_v1.aem4f : RFCC26X2_multiMode.oem4f (.text:RF_cacheFsCmd)
                  00010818    00000034                                  : RFCC26X2_multiMode.oem4f (.text:RF_checkCmdFsError)
                  0001084c    00000034                                  : RFCC26X2_multiMode.oem4f (.text:RF_ieeeRequestFgCommand)
                  00010880    00000034                                  : RFCC26X2_multiMode.oem4f (.text:RF_powerConstraintRelease)
                  000108b4    00000034                                  : RFCC26X2_multiMode.oem4f (.text:RF_ratGenerateIoCmd)
                  000108e8    00000034                                  : RFCC26X2_multiMode.oem4f (.text:RF_runDirectImmediateCmd)
                  0001091c    00000034     ssf.obj (.text:Ssf_setPollClock)
                  00010950    00000034     ssf.obj (.text:Ssf_setReadingClock)
                  00010984    00000034     drivers_cc26x2_v1.aem4f : NVSSPI25X.oem4f (.text:extFlashPowerStandby)
                  000109b8    00000034                             : NVSSPI25X.oem4f (.text:extFlashWriteEnable)
                  000109ec    00000034     maclib_secure_cc2652_2_4g.a : mac_device.obj (.text:macAssociateCnf)
                  00010a20    00000034                                 : mac_data.obj (.text:macDataRxInd)
                  00010a54    00000034                                 : mac.obj (.text:macSetUserConfig)
                  00010a88    00000034                                 : mac_beacon_device.obj (.text:macStartBroadcastPendTimer)
                  00010abc    00000034                                 : mac.obj (.text:macStopCmd)
                  00010af0    00000034                                 : mac_timer.obj (.text:macTimerRecalcUnaligned)
                  00010b24    00000034                                 : mac_tx.obj (.text:macTxDecrypt)
                  00010b58    00000034                                 : mac_tx.obj (.text:macTxUpdateIE)
                  00010b8c    00000034     drivers_cc26x2_v1.aem4f : UARTCC26XX.oem4f (.text:readData2RingBuf)
                  00010bc0    00000034     rom_sysbios.aem4f : rom_sysbios.obj (.text:ti_sysbios_knl_Swi_setPri__E)
                  00010bf4    00000032     rf_multiMode_cc26x2_v1.aem4f : RFCC26X2_multiMode.oem4f (.text:RF_queueEnd)
                  00010c26    00000032     maclib_secure_cc2652_2_4g.a : mac_scan.obj (.text:macScanCnfInit)
                  00010c58    00000032     rom_sysbios.aem4f : rom_sysbios.obj (.text:ti_sysbios_family_arm_cc26xx_Timer_setNextTick__E)
                  00010c8a    00000032                       : rom_sysbios.obj (.text:ti_sysbios_gates_GateMutexPri_insertPri__I)
                  00010cbc    00000030     drivers_cc26x2_v1.aem4f : GPIOCC26XX.oem4f (.text:GPIO_hwiIntFxn)
                  00010cec    00000030     nvoctp.obj (.text:NVOCTP_setItemInactive$29)
                  00010d1c    00000030     drivers_cc26x2_v1.aem4f : NVSCC26XX.oem4f (.text:NVSCC26XX_erase)
                  00010d4c    00000030                             : NVSSPI25X.oem4f (.text:NVSSPI25X_erase)
                  00010d7c    00000030                             : PowerCC26X2.oem4f (.text:Power_setConstraint)
                  00010dac    00000030     rf_multiMode_cc26x2_v1.aem4f : RFCC26X2_multiMode.oem4f (.text:RF_calculateDeltaTimeUs)
                  00010ddc    00000030     ssf.obj (.text:Ssf_setScanBackoffClock)
                  00010e0c    00000030     jdllc.obj (.text:disassocIndCb$33)
                  00010e3c    00000030     maclib_secure_cc2652_2_4g.a : mac_symbol_timer.obj (.text:macSymbolTimerICallTimerCback$69)
                  00010e6c    00000030                                 : mac_timer.obj (.text:macTimerSetRollover)
                  00010e9c    00000030     drivers_cc26x2_v1.aem4f : PowerCC26X2_calibrateRCOSC.oem4f (.text:startTDC)
                  00010ecc    00000030     app_pem4f.oem4f (.text:ti_sysbios_BIOS_atExitFunc__I)
                  00010efc    00000030     app_pem4f.oem4f (.text:ti_sysbios_BIOS_startFunc__I)
                  00010f2c    00000030     rom_sysbios.aem4f : rom_sysbios.obj (.text:ti_sysbios_family_arm_cc26xx_Timer_initDevice__I)
                  00010f5c    00000030     app_pem4f.oem4f (.text:ti_sysbios_gates_GateMutexPri_Object__create__S)
                  00010f8c    00000030     app_pem4f.oem4f (.text:ti_sysbios_gates_GateMutexPri_create)
                  00010fbc    0000002c     drivers_cc26x2_v1.aem4f : AESCCMCC26XX.oem4f (.text:AESCCM_swiFxn)
                  00010fe8    0000002c                             : GPIOCC26XX.oem4f (.text:GPIO_setCallback)
                  00011014    0000002c                             : NVSSPI25X.oem4f (.text:NVSSPI25X_control)
                  00011040    0000002c                             : NVS.oem4f (.text:NVS_init)
                  0001106c    0000002c                             : PINCC26XX.oem4f (.text:PINCC26XX_setMux)
                  00011098    0000002c     rf_multiMode_cc26x2_v1.aem4f : RFCC26X2_multiMode.oem4f (.text:RF_executeDirectImmediateCmd)
                  000110c4    0000002c                                  : RFCC26X2_multiMode.oem4f (.text:RF_ratReleaseChannels)
                  000110f0    0000002c     dpl_cc26x2_v1.aem4f : SemaphoreP_tirtos.oem4f (.text:SemaphoreP_constructBinary)
                  0001111c    0000002c                         : SemaphoreP_tirtos.oem4f (.text:SemaphoreP_createBinary)
                  00011148    0000002c     ssf.obj (.text:Ssf_clearNetworkInfo)
                  00011174    0000002c     uart_printf.obj (.text:UartPrintf_putch)
                  000111a0    0000002c     drivers_cc26x2_v1.aem4f : NVSSPI25X.oem4f (.text:extFlashPowerDown)
                  000111cc    0000002c     maclib_secure_cc2652_2_4g.a : mac_pib.obj (.text:macPibReset)
                  000111f8    0000002c                                 : mac_radio.obj (.text:macRadioSetIEEEAddr)
                  00011224    0000002c                                 : mac_radio.obj (.text:macRadioStopScan)
                  00011250    0000002c                                 : mac_tx.obj (.text:macTxTimestampCallback)
                  0001127c    0000002c     rom_sysbios.aem4f : rom_sysbios.obj (.text:ti_sysbios_knl_Clock_getTicksUntilInterrupt__E)
                  000112a8    0000002c     maclib_secure_cc2652_2_4g.a : mac_tx.obj (.text:txGo$70)
                  000112d4    0000002b     rom_sysbios.aem4f : rom_sysbios.obj (.text:xdc_runtime_Text_printVisFxn__I)
                  000112ff    00000001     --HOLE-- [fill = 0]
                  00011300    0000002a     drivers_cc26x2_v1.aem4f : List.oem4f (.text:List_insert)
                  0001132a    0000002a     nvoctp.obj (.text:NVOCTP_verifyCRC$29)
                  00011354    0000002a     rf_multiMode_cc26x2_v1.aem4f : RFCC26X2_multiMode.oem4f (.text:RF_ratSuspendChannels)
                  0001137e    0000002a     rom_sysbios.aem4f : rom_sysbios.obj (.text:ti_sysbios_knl_Clock_getTimeout__E)
                  000113a8    0000002a                       : rom_sysbios.obj (.text:xdc_runtime_System_putchar__I)
                  000113d2    00000002     --HOLE-- [fill = 0]
                  000113d4    00000028     ssf.obj (.text:ICall_malloc$37)
                  000113fc    00000028     maclib_secure_cc2652_2_4g.a : mac_security_pib.obj (.text:MAC_MlmeGetPointerSecurityReq)
                  00011424    00000028     driverlib.lib : aes.obj (.text:NOROM_AESVerifyTag)
                  0001144c    00000028                   : aes.obj (.text:NOROM_AESWaitForIRQFlags)
                  00011474    00000028                   : osc.obj (.text:NOROM_OSCHF_TurnOnXosc)
                  0001149c    00000028                   : rfc.obj (.text:NOROM_RFCOverrideSearch)
                  000114c4    00000028     dpl_cc26x2_v1.aem4f : PowerCC26X2_tirtos.oem4f (.text:PowerCC26XX_schedulerDisable)
                  000114ec    00000028                         : PowerCC26X2_tirtos.oem4f (.text:PowerCC26XX_schedulerRestore)
                  00011514    00000028     drivers_cc26x2_v1.aem4f : PowerCC26X2.oem4f (.text:Power_registerNotify)
                  0001153c    00000028                             : SPICC26XXDMA.oem4f (.text:SPICC26XXDMA_flushFifos)
                  00011564    00000028     maclib_secure_cc2652_2_4g.a : mac_mgmt.obj (.text:macApiPending)
                  0001158c    00000028                                 : mac_beacon.obj (.text:macBeaconCheckSched)
                  000115b4    00000028                                 : mac_mgmt.obj (.text:macCoordAddrCmp)
                  000115dc    00000028                                 : mac_mgmt.obj (.text:macGetCoordAddress)
                  00011604    00000028     drivers_cc26x2_v1.aem4f : PowerCC26X2.oem4f (.text:oscillatorISR)
                  0001162c    00000028                             : NVSCC26XX.oem4f (.text:restoreFlashCache)
                  00011654    00000026                             : List.oem4f (.text:List_put)
                  0001167a    00000026                             : List.oem4f (.text:List_putHead)
                  000116a0    00000026                             : List.oem4f (.text:List_remove)
                  000116c6    00000026     maclib_secure_cc2652_2_4g.a : mac_radio.obj (.text:radioComputeED$65)
                  000116ec    00000026     rom_sysbios.aem4f : rom_sysbios.obj (.text:xdc_runtime_System_vprintf__E)
                  00011712    00000002     --HOLE-- [fill = 0]
                  00011714    00000024     drivers_cc26x2_v1.aem4f : AESCCMCC26XX.oem4f (.text:AESCCM_hwiFxn)
                  00011738    00000024     driverlib.lib : rfc.obj (.text:NOROM_RFCDoorbellSendTo)
                  0001175c    00000024     rf_multiMode_cc26x2_v1.aem4f : RFCC26X2_multiMode.oem4f (.text:RF_clkPowerUp)
                  00011780    00000024                                  : RFCC26X2_multiMode.oem4f (.text:RF_cmdAlloc)
                  000117a4    00000024                                  : RFCC26X2_multiMode.oem4f (.text:RF_getPAOverrideOffsetAndValue)
                  000117c8    00000024                                  : RFCC26X2_multiMode.oem4f (.text:RF_invokeGlobalCallback)
                  000117ec    00000024     drivers_cc26x2_v1.aem4f : PowerCC26X2_calibrateRCOSC.oem4f (.text:getTdcSemaphore)
                  00011810    00000024     maclib_secure_cc2652_2_4g.a : mac_device.obj (.text:macAssocFrameResponseTimeout)
                  00011834    00000024                                 : mac_beacon.obj (.text:macBeaconReset)
                  00011858    00000024                                 : mac_rx_onoff.obj (.text:macRxSoftDisable)
                  0001187c    00000024                                 : mac_timer.obj (.text:macTimerAligned)
                  000118a0    00000024     rtsv7M4_T_le_v4SPD16_eabi.lib : memcmp.c.obj (.text:memcmp)
                  000118c4    00000024     app_pem4f.oem4f (.text:ti_sysbios_BIOS_registerRTSLock__I)
                  000118e8    00000024     app_pem4f.oem4f (.text:ti_sysbios_BIOS_removeRTSLock__I)
                  0001190c    00000024     rom_sysbios.aem4f : rom_sysbios.obj (.text:ti_sysbios_family_arm_cc26xx_Timer_getMaxTicks__E)
                  00011930    00000024     app_pem4f.oem4f (.text:ti_sysbios_gates_GateMutexPri_Object__delete__S)
                  00011954    00000022     drivers_cc26x2_v1.aem4f : List.oem4f (.text:List_get)
                  00011976    00000022     rf_multiMode_cc26x2_v1.aem4f : RFCC26X2_multiMode.oem4f (.text:RF_isRadioSetup)
                  00011998    00000022     maclib_secure_cc2652_2_4g.a : mac_data.obj (.text:macFrameDurationIeee)
                  000119ba    00000002     --HOLE-- [fill = 0]
                  000119bc    00000020     api_mac.obj (.text:ICall_free$31)
                  000119dc    00000020     sensor.obj (.text:ICall_getTicks$36)
                  000119fc    00000020     maclib_secure_cc2652_2_4g.a : mac_symbol_timer.obj (.text:ICall_signal$69)
                  00011a1c    00000020                                 : mac_autopend.obj (.text:MAC_SrcMatchAckAllPending)
                  00011a3c    00000020     drivers_cc26x2_v1.aem4f : PowerCC26X2.oem4f (.text:Power_unregisterNotify)
                  00011a5c    00000020     rf_multiMode_cc26x2_v1.aem4f : RFCC26X2_multiMode.oem4f (.text:RF_getSwitchingTimeInUs)
                  00011a7c    00000020                                  : RFCC26X2_multiMode.oem4f (.text:RF_hwiCpe0ChangePhy)
                  00011a9c    00000020                                  : RFCC26X2_multiMode.oem4f (.text:RF_ratIsRunning)
                  00011abc    00000020                                  : RFCC26X2_multiMode.oem4f (.text:RF_swiFsm)
                  00011adc    00000020     crc.obj (.text:crc_update)
                  00011afc    00000020     maclib_secure_cc2652_2_4g.a : mac_data.obj (.text:macDataRxMemAlloc)
                  00011b1c    00000020                                 : mac_data.obj (.text:macDataSend)
                  00011b3c    00000020                                 : mac_radio.obj (.text:macGetRadioState)
                  00011b5c    00000020                                 : mac_radio.obj (.text:macRadioSetShortAddr)
                  00011b7c    00000020                                 : mac_radio.obj (.text:macRadioSwInit)
                  00011b9c    00000020                                 : mac_rx_onoff.obj (.text:macRxOff)
                  00011bbc    00000020                                 : mac_rx_onoff.obj (.text:macRxSoftEnable)
                  00011bdc    00000020                                 : mac.obj (.text:macSendFsCmd)
                  00011bfc    00000020                                 : mac_timer.obj (.text:macTimer)
                  00011c1c    00000020     ssf.obj (.text:processScanBackoffTimeoutCallback$37)
                  00011c3c    00000020     app_pem4f.oem4f (.text:ti_sysbios_BIOS_rtsLock__I)
                  00011c5c    00000020     rom_sysbios.aem4f : rom_sysbios.obj (.text:ti_sysbios_family_arm_cc26xx_Timer_dynamicStub__E)
                  00011c7c    00000020                       : rom_sysbios.obj (.text:xdc_runtime_Registry_findById__E)
                  00011c9c    0000001e     drivers_cc26x2_v1.aem4f : PINCC26XX.oem4f (.text:PIN_close)
                  00011cba    0000001e                             : PowerCC26X2.oem4f (.text:Power_getTransitionLatency)
                  00011cd8    0000001e     rf_multiMode_cc26x2_v1.aem4f : RFCC26X2_multiMode.oem4f (.text:RF_searchAndReplacePAOverride)
                  00011cf6    0000001e     maclib_secure_cc2652_2_4g.a : mac_hl_patch.obj (.text:macPibIndex)
                  00011d14    0000001e                                 : mac_scan.obj (.text:macScanFailedInProgress)
                  00011d32    0000001e                                 : mac_timer.obj (.text:macTimerRemoveTimer)
                  00011d50    0000001c     drivers_cc26x2_v1.aem4f : AESCCMCC26XX.oem4f (.text:AESCCM_close)
                  00011d6c    0000001c     driverlib.lib : chipinfo.obj (.text:NOROM_ChipInfo_GetChipFamily)
                  00011d88    0000001c                   : flash.obj (.text:NOROM_FlashProgram)
                  00011da4    0000001c                   : flash.obj (.text:NOROM_FlashSectorErase)
                  00011dc0    0000001c     nvoctp.obj (.text:NVOCTP_writeByte$29)
                  00011ddc    0000001c     drivers_cc26x2_v1.aem4f : NVSCC26XX.oem4f (.text:NVSCC26XX_getAttrs)
                  00011df8    0000001c                             : NVSCC26XX.oem4f (.text:NVSCC26XX_lock)
                  00011e14    0000001c                             : NVSSPI25X.oem4f (.text:NVSSPI25X_initSpiCs)
                  00011e30    0000001c                             : NVSSPI25X.oem4f (.text:NVSSPI25X_lock)
                  00011e4c    0000001c                             : PINCC26XX.oem4f (.text:PINCC26XX_setIoCfgMux)
                  00011e68    0000001c                             : PINCC26XX.oem4f (.text:PIN_hwi)
                  00011e84    0000001c     rf_multiMode_cc26x2_v1.aem4f : RFCC26X2_multiMode.oem4f (.text:RF_clkInactivity)
                  00011ea0    0000001c                                  : RFCC26X2_multiMode.oem4f (.text:RF_getRssi)
                  00011ebc    0000001c                                  : RFCC26X2_multiMode.oem4f (.text:RF_powerConstraintSet)
                  00011ed8    0000001c     ssf.obj (.text:Ssf_initializeReadingClock)
                  00011ef4    0000001c     ssf.obj (.text:Ssf_stateChangeUpdate)
                  00011f10    0000001c     drivers_cc26x2_v1.aem4f : UDMACC26XX.oem4f (.text:UDMACC26XX_initHw)
                  00011f2c    0000001c     maclib_secure_cc2652_2_4g.a : mac_mgmt.obj (.text:macConflictSyncLossInd)
                  00011f48    0000001c                                 : mac_mcu.obj (.text:macMcuTimerCapture)
                  00011f64    0000001c                                 : mac_device.obj (.text:macPollRxDisassoc)
                  00011f80    0000001c                                 : mac_radio.obj (.text:macRadioSetPanID)
                  00011f9c    0000001c                                 : mac_rx.obj (.text:macRxAckTxDoneCallback)
                  00011fb8    0000001c                                 : mac_symbol_timer.obj (.text:macSymbolTimerSetTriggerRollover)
                  00011fd4    0000001c     ssf.obj (.text:processPollTimeoutCallback$37)
                  00011ff0    0000001c     ssf.obj (.text:processReadingTimeoutCallback$37)
                  0001200c    0000001c     maclib_secure_cc2652_2_4g.a : mac_rx.obj (.text:rxDone$66)
                  00012028    0000001c     app_pem4f.oem4f (.text:ti_sysbios_BIOS_errorRaiseHook__I)
                  00012044    0000001c     rom_sysbios.aem4f : rom_sysbios.obj (.text:ti_sysbios_knl_Swi_construct2__E)
                  00012060    0000001a     drivers_cc26x2_v1.aem4f : PowerCC26X2.oem4f (.text:PowerCC26XX_calibrate)
                  0001207a    0000001a     rf_multiMode_cc26x2_v1.aem4f : RFCC26X2_multiMode.oem4f (.text:RF_findEndOfChain)
                  00012094    0000001a     api_mac.obj (.text:copyApiMacAddrToMacAddr)
                  000120ae    0000001a     maclib_secure_cc2652_2_4g.a : mac_low_level.obj (.text:macLowLevelDiags)
                  000120c8    0000001a     rom_sysbios.aem4f : rom_sysbios_config.obj (.text:xdc_runtime_System_printf__E)
                  000120e2    00000002     --HOLE-- [fill = 0]
                  000120e4    00000018     drivers_cc26x2_v1.aem4f : AESCCMCC26XX.oem4f (.text:AESCCM_waitForAccess)
                  000120fc    00000018     api_mac.obj (.text:ApiMac_mlmeSetReqBool)
                  00012114    00000018     api_mac.obj (.text:ApiMac_mlmeSetReqUint16)
                  0001212c    00000018     api_mac.obj (.text:ApiMac_mlmeSetReqUint8)
                  00012144    00000018     driverlib.lib : chipinfo.obj (.text:NOROM_ChipInfo_GetPackageType)
                  0001215c    00000018     drivers_cc26x2_v1.aem4f : PINCC26XX.oem4f (.text:PIN_getConfig)
                  00012174    00000018                             : PowerCC26X2.oem4f (.text:Power_idleFunc)
                  0001218c    00000018                             : UARTCC26XX.oem4f (.text:UARTCC26XX_init)
                  000121a4    00000018                             : UART.oem4f (.text:UART_Params_init)
                  000121bc    00000018     rtsv7M4_T_le_v4SPD16_eabi.lib : args_main.c.obj (.text:_args_main)
                  000121d4    00000018     board_key.obj (.text:board_key_changeHandler$5)
                  000121ec    00000018     api_mac.obj (.text:copyMacAddrToApiMacAddr$31)
                  00012204    00000018     maclib_secure_cc2652_2_4g.a : mac_mgmt.obj (.text:macGetMyAddrMode)
                  0001221c    00000018                                 : mac_device.obj (.text:macPollCnf)
                  00012234    00000018                                 : mac_device.obj (.text:macPollRxAssocRsp)
                  0001224c    00000018                                 : mac_rx_onoff.obj (.text:macRxOnRequest)
                  00012264    00000018                                 : mac.obj (.text:macSetupFsCmd)
                  0001227c    00000018                                 : mac_device.obj (.text:macStartResponseTimer)
                  00012294    00000018                                 : mac_main.obj (.text:macStateIdleOrPolling)
                  000122ac    00000018                                 : mac_symbol_timer.obj (.text:macSymbolTimerRestore)
                  000122c4    00000018                                 : mac_timer.obj (.text:macTimerInit)
                  000122dc    00000018                                 : macwrapper.obj (.text:macWrapper8ByteUnused)
                  000122f4    00000018     ssf.obj (.text:processKeyChangeCallback$37)
                  0001230c    00000018     rtsv7M4_T_le_v4SPD16_eabi.lib : ll_mul_t2.asm.obj (.text)
                  00012324    00000018     jdllc.obj (.text:switchState$33)
                  0001233c    00000018     app_pem4f.oem4f (.text:ti_sysbios_BIOS_rtsUnlock__I)
                  00012354    00000018     app_pem4f.oem4f (.text:ti_sysbios_gates_GateMutexPri_Handle__label__S)
                  0001236c    00000018     rom_sysbios.aem4f : rom_sysbios.obj (.text:ti_sysbios_gates_GateMutexPri_Instance_init__E)
                  00012384    00000018                       : rom_sysbios.obj (.text:ti_sysbios_knl_Swi_or__E)
                  0001239c    00000018     app_pem4f.oem4f (.text:ti_sysbios_rom_cortexm_cc26xx_agama_CC26xx_checkRevision__E)
                  000123b4    00000018     app_pem4f.oem4f (.text:xdc_runtime_Startup_exec__I)
                  000123cc    00000016     rf_multiMode_cc26x2_v1.aem4f : RFCC26X2_multiMode.oem4f (.text:RF_cancelCmd)
                  000123e2    00000016                                  : RFCC26X2_multiMode.oem4f (.text:RF_restartClockTimeout)
                  000123f8    00000016     app_pem4f.oem4f (.text:ti_sysbios_BIOS_exitFunc__I)
                  0001240e    00000016     rom_sysbios.aem4f : rom_sysbios.obj (.text:ti_sysbios_knl_Task_block__E)
                  00012424    00000014     api_mac.obj (.text:ApiMac_randomByte)
                  00012438    00000014     jdllc.obj (.text:Jdllc_setPollRate)
                  0001244c    00000014     drivers_cc26x2_v1.aem4f : List.oem4f (.text:List_clearList)
                  00012460    00000014     macstack.obj (.text:MAC_CbackQueryRetransmit)
                  00012474    00000014     maclib_secure_cc2652_2_4g.a : mac_autopend.obj (.text:MAC_SrcMatchCheckAllPending)
                  00012488    00000014     driverlib.lib : rfc.obj (.text:NOROM_RFCCpeIntGetAndClear)
                  0001249c    00000014     drivers_cc26x2_v1.aem4f : PINCC26XX.oem4f (.text:PINCC26XX_getInputValue)
                  000124b0    00000014                             : PowerCC26X2_calibrateRCOSC.oem4f (.text:PowerCC26X2_calibrate)
                  000124c4    00000014     rf_multiMode_cc26x2_v1.aem4f : RFCC26X2_multiMode.oem4f (.text:RF_Params_init)
                  000124d8    00000014                                  : RFCC26X2_multiMode.oem4f (.text:RF_RatConfigCompare_init)
                  000124ec    00000014                                  : RFCC26X2_multiMode.oem4f (.text:RF_dbellSyncOnAck)
                  00012500    00000014                                  : RFCC26X2_multiMode.oem4f (.text:RF_flushCmd)
                  00012514    00000014                                  : RFCC26X2_multiMode.oem4f (.text:RF_ratCompare)
                  00012528    00000014                                  : RFCC26X2_multiMode.oem4f (.text:RF_ratGetChannel)
                  0001253c    00000014                                  : RFCC26X2_multiMode.oem4f (.text:RF_triggDispatcher)
                  00012550    00000014     drivers_cc26x2_v1.aem4f : SPI.oem4f (.text:SPI_Params_init)
                  00012564    00000014     main.obj (.text:SysCtrlSystemReset$35)
                  00012578    00000014     drivers_cc26x2_v1.aem4f : PowerCC26X2.oem4f (.text:configureRFCoreClocks)
                  0001258c    00000014     maclib_secure_cc2652_2_4g.a : mac_main.obj (.text:macMainReserve)
                  000125a0    00000014                                 : mac_mcu.obj (.text:macMcuInit)
                  000125b4    00000014                                 : mac_mcu.obj (.text:macMcuOverflowCapture)
                  000125c8    00000014                                 : mac_autopend.obj (.text:macSrcMatchGetEnableBit$62)
                  000125dc    00000014                                 : mac_main.obj (.text:macStateScanning)
                  000125f0    00000014                                 : mac_rx.obj (.text:rxDiscardFrame$66)
                  00012604    00000014     rtsv7M4_T_le_v4SPD16_eabi.lib : strlen.c.obj (.text:strlen)
                  00012618    00000014     rom_sysbios.aem4f : rom_sysbios.obj (.text:ti_sysbios_family_arm_cc26xx_Timer_getCount64__E)
                  0001262c    00000014     app_pem4f.oem4f (.text:ti_sysbios_knl_Clock_doTick__I)
                  00012640    00000013     board_lcd.obj (.text:Board_Lcd_writeString)
                  00012653    00000001     --HOLE-- [fill = 0]
                  00012654    00000012     drivers_cc26x2_v1.aem4f : NVSSPI25X.oem4f (.text:NVSSPI25X_assertSpiCs)
                  00012666    00000012                             : NVSSPI25X.oem4f (.text:NVSSPI25X_deassertSpiCs)
                  00012678    00000012                             : NVSSPI25X.oem4f (.text:NVSSPI25X_getAttrs)
                  0001268a    00000012     rf_multiMode_cc26x2_v1.aem4f : RFCC26X2_multiMode.oem4f (.text:RF_getCmdOp)
                  0001269c    00000012     drivers_cc26x2_v1.aem4f : RingBuf.oem4f (.text:RingBuf_construct)
                  000126ae    00000012     dpl_cc26x2_v1.aem4f : SemaphoreP_tirtos.oem4f (.text:SemaphoreP_pend)
                  000126c0    00000012     maclib_secure_cc2652_2_4g.a : mac_radio.obj (.text:macRadioSetTxPower)
                  000126d2    00000012                                 : mac_security_pib.obj (.text:macSecurityPibIndex)
                  000126e4    00000010     drivers_cc26x2_v1.aem4f : AESCCM.oem4f (.text:AESCCM_Params_init)
                  000126f4    00000010     api_mac.obj (.text:ApiMac_mlmeGetReqArray)
                  00012704    00000010     api_mac.obj (.text:ApiMac_mlmeGetReqUint16)
                  00012714    00000010     api_mac.obj (.text:ApiMac_mlmeGetReqUint32)
                  00012724    00000010     api_mac.obj (.text:ApiMac_mlmeSetReqArray)
                  00012734    00000010     api_mac.obj (.text:ApiMac_mlmeSetSecurityReqStruct)
                  00012744    00000010     dpl_cc26x2_v1.aem4f : ClockP_tirtos.oem4f (.text:ClockP_isActive)
                  00012754    00000010                         : HwiP_tirtos.oem4f (.text:HwiP_Params_init)
                  00012764    00000010     driverlib.lib : rfc.obj (.text:NOROM_RFCHwIntGetAndClear)
                  00012774    00000010     drivers_cc26x2_v1.aem4f : PINCC26XX.oem4f (.text:PINCC26XX_getPinCount)
                  00012784    00000010     rf_multiMode_cc26x2_v1.aem4f : RFCC26X2_multiMode.oem4f (.text:RF_dbellSubmitCmdAsync)
                  00012794    00000010                                  : RFCC26X2_multiMode.oem4f (.text:RF_isClientOwner)
                  000127a4    00000010                                  : RFCC26X2_multiMode.oem4f (.text:RF_ratGetChannelValue)
                  000127b4    00000010     dpl_cc26x2_v1.aem4f : SwiP_tirtos.oem4f (.text:SwiP_Params_init)
                  000127c4    00000010     maclib_secure_cc2652_2_4g.a : mac_device.obj (.text:macAssocRxDisassoc)
                  000127d4    00000010                                 : mac_rx_onoff.obj (.text:macRxEnable)
                  000127e4    00000010                                 : mac_main.obj (.text:macSetEvent16)
                  000127f4    00000010                                 : mac_main.obj (.text:macSetEvent)
                  00012804    00000010     rom_sysbios.aem4f : rom_sysbios.obj (.text:ti_sysbios_family_arm_m3_Hwi_post__E)
                  00012814    00000010                       : rom_sysbios.obj (.text:ti_sysbios_gates_GateMutexPri_Instance_finalize__E)
                  00012824    00000010     drivers_cc26x2_v1.aem4f : UARTCC26XX.oem4f (.text:uartPostNotify)
                  00012834    00000010     rom_sysbios.aem4f : rom_sysbios.obj (.text:xdc_runtime_SysCallback_flush__E)
                  00012844    00000010                       : rom_sysbios.obj (.text:xdc_runtime_SysCallback_putch__E)
                  00012854    00000010                       : rom_sysbios.obj (.text:xdc_runtime_SysCallback_ready__E)
                  00012864    00000010                       : rom_sysbios.obj (.text:xdc_runtime_System_vsnprintf__E)
                  00012874    0000000e     drivers_cc26x2_v1.aem4f : CryptoKeyPlaintextCC26XX.oem4f (.text:CryptoKeyPlaintext_initKey)
                  00012882    0000000e                             : NVS.oem4f (.text:NVS_write)
                  00012890    0000000e     rf_multiMode_cc26x2_v1.aem4f : RFCC26X2_multiMode.oem4f (.text:RF_ScheduleCmdParams_init)
                  0001289e    0000000e     drivers_cc26x2_v1.aem4f : SPICC26XXDMA.oem4f (.text:SPICC26XXDMA_init)
                  000128ac    0000000e     rtsv7M4_T_le_v4SPD16_eabi.lib : copy_decompress_none.c.obj (.text:decompress:none:__TI_decompress_none)
                  000128ba    0000000e     sensor.obj (.text:jdllcDisassocCnfCb$36)
                  000128c8    0000000e     sensor.obj (.text:jdllcDisassocIndCb$36)
                  000128d6    0000000e     rom_sysbios.aem4f : rom_sysbios.obj (.text:ti_sysbios_family_arm_cc26xx_TimestampProvider_get32__E)
                  000128e4    0000000c     driverlib.lib : cpu.obj (.text:NOROM_CPUcpsid)
                  000128f0    0000000c                   : cpu.obj (.text:NOROM_CPUcpsie)
                  000128fc    0000000c     nvoctp.obj (.text:NVOCTP_doRAMCRC$29)
                  00012908    0000000c     drivers_cc26x2_v1.aem4f : NVSCC26XX.oem4f (.text:NVSCC26XX_unlock)
                  00012914    0000000c                             : NVSSPI25X.oem4f (.text:NVSSPI25X_unlock)
                  00012920    0000000c                             : PINCC26XX.oem4f (.text:PIN_registerIntCb)
                  0001292c    0000000c                             : PowerCC26X2.oem4f (.text:Power_getConstraintMask)
                  00012938    0000000c                             : PowerCC26X2.oem4f (.text:Power_getDependencyCount)
                  00012944    0000000c                             : PowerCC26X2.oem4f (.text:Power_getTransitionState)
                  00012950    0000000c     rf_multiMode_cc26x2_v1.aem4f : RFCC26X2_multiMode.oem4f (.text:RF_powerConstraintGet)
                  0001295c    0000000c                                  : RFCC26X2_multiMode.oem4f (.text:RF_ratGetValue)
                  00012968    0000000c     dpl_cc26x2_v1.aem4f : SemaphoreP_tirtos.oem4f (.text:SemaphoreP_delete)
                  00012974    0000000c     rtsv7M4_T_le_v4SPD16_eabi.lib : _lock.c.obj (.text:_register_lock)
                  00012980    0000000c                                   : _lock.c.obj (.text:_register_unlock)
                  0001298c    0000000c                                   : copy_zero_init.c.obj (.text:decompress:ZI:__TI_zero_init)
                  00012998    0000000c     maclib_secure_cc2652_2_4g.a : mac_data.obj (.text:macDataRxMemFree)
                  000129a4    0000000c                                 : mac_mgmt.obj (.text:macIsCsmOperational)
                  000129b0    0000000c                                 : mac_radio_tx.obj (.text:macRadioTxCancelAckTimeout)
                  000129bc    0000000c                                 : mac_radio_tx.obj (.text:macRadioTxCancelTxAck)
                  000129c8    0000000c     drivers_cc26x2_v1.aem4f : SPICC26XXDMA.oem4f (.text:spiPostNotify)
                  000129d4    0000000c     rom_sysbios.aem4f : rom_sysbios.obj (.text:ti_sysbios_BIOS_getThreadType__E)
                  000129e0    0000000c     app_pem4f.oem4f (.text:ti_sysbios_gates_GateMutexPri_Params__init__S)
                  000129ec    00000004     dpl_cc26x2_v1.aem4f : PowerCC26X2_tirtos.oem4f (.text:CPUwfi)
                  000129f0    0000000c     rom_sysbios.aem4f : rom_sysbios_config.obj (.text:ti_sysbios_hal_Hwi_Params__init__S)
                  000129fc    0000000c                       : rom_sysbios.obj (.text:ti_sysbios_knl_Swi_getTrigger__E)
                  00012a08    0000000c     app_pem4f.oem4f (.text:xdc_runtime_Startup_reset__I)
                  00012a14    0000000a     dpl_cc26x2_v1.aem4f : ClockP_tirtos.oem4f (.text:ClockP_Params_init)
                  00012a1e    0000000a     maclib_secure_cc2652_2_4g.a : mac_device.obj (.text:MAC_MlmeAssociateReq)
                  00012a28    0000000a                                 : mac_mgmt.obj (.text:MAC_MlmeDisassociateReq)
                  00012a32    0000000a     drivers_cc26x2_v1.aem4f : NVS.oem4f (.text:NVS_erase)
                  00012a3c    0000000a                             : NVS.oem4f (.text:NVS_getAttrs)
                  00012a46    0000000a                             : NVS.oem4f (.text:NVS_read)
                  00012a50    0000000a                             : SPI.oem4f (.text:SPI_close)
                  00012a5a    0000000a                             : SPI.oem4f (.text:SPI_transfer)
                  00012a64    0000000a                             : UART.oem4f (.text:UART_write)
[...]
1003c1df  ti_sysbios_knl_Task_SupportProxy_swap__E__mangled__                  
1003c1eb  ti_sysbios_knl_Task_swapReturn                                       
1003c1f7  ti_sysbios_family_arm_m3_TaskSupport_glue                            
1003c208  ti_sysbios_knl_Task_Object__PARAMS__C                                
1003c244  ti_sysbios_knl_Mailbox_Object__PARAMS__C                             
1003c278  ti_sysbios_family_arm_m3_Hwi_Object__PARAMS__C                       
1003c2a8  ti_sysbios_hal_Hwi_Object__PARAMS__C                                 
1003c2d4  ti_sysbios_knl_Swi_Object__PARAMS__C                                 
1003c2fc  ti_sysbios_heaps_HeapMem_Object__PARAMS__C                           
1003c320  ti_sysbios_knl_Clock_Object__PARAMS__C                               
1003c344  ti_sysbios_knl_Semaphore_Object__PARAMS__C                           
1003c368  ti_sysbios_gates_GateHwi_Object__PARAMS__C                           
1003c380  ti_sysbios_gates_GateMutex_Object__PARAMS__C                         
1003c398  ti_sysbios_knl_Event_Object__PARAMS__C                               
1003c3b0  ti_sysbios_knl_Queue_Object__PARAMS__C                               
20000000  ti_sysbios_family_arm_m3_Hwi_ramVectors                              
20000100  xdcRomConstPtr                                                       
20000104  xdcRomExternFuncPtr                                                  
20000108  xdcRomStatePtr                                                       
20001920  uartParams                                                           
20001944  macUser0Cfg                                                          
20001974  myTask                                                               
200019c4  Main_user1Cfg                                                        
20001a28  myTaskStack                                                          
20002028  macTaskId                                                            
20002029  macMgmt                                                              
2000202a  macPanCoordinator                                                    
2000202b  csmPhy                                                               
2000202c  pMacDataTx                                                           
20002030  macDataTxIndirect                                                    
20002034  macDataRequeueIndirect                                               
20002038  macDataRxBeaconCritical                                              
2000203c  macDataTxBeaconComplete                                              
20002040  macDataSetSched                                                      
20002044  macDataCheckSched                                                    
20002048  macDataCheckTxTime                                                   
2000204c  macDataBeaconRequeue                                                 
20002050  timerUnalignedQ                                                      
20002054  timerAlignedQ                                                        
20002058  macTimerRollover                                                     
2000205c  macTimerNewRollover                                                  
20002060  macTimerActive                                                       
20002064  AESCCM_handle                                                        
20002068  macCryptoDrvTblPtr                                                   
2000206c  macCoordAction1                                                      
20002074  macMain                                                              
20002080  macBeaconDeviceAction                                                
20002090  macCoordAction3                                                      
200020a0  macData                                                              
200020b0  macDataTxDelay                                                       
200020c0  macDeviceAction2                                                     
200020d4  macStateTbl                                                          
200020e8  macMgmtAction2                                                       
200020fc  macScanAction                                                        
20002114  macCoordAction2                                                      
20002130  macReset                                                             
2000214c  macBeaconMargin                                                      
2000216c  macBeacon                                                            
2000218c  macActionSet                                                         
200021b0  macMgmtAction1                                                       
200021d8  macCoord                                                             
20002204  macDevice                                                            
20002230  macBeaconDevice                                                      
20002264  macBeaconPayload                                                     
20002298  macDeviceAction1                                                     
200022d0  macSecurityPib                                                       
20002310  macScan                                                              
20002364  fhObject                                                             
200023d0  macPib                                                               
20002458  enhancedAckBuf                                                       
20002558  hUart                                                                
2000295c  ROM_stateStruct                                                      
2000295c  ti_sysbios_knl_Clock_Module__state__V                                
20002988  ti_sysbios_family_arm_cc26xx_TimestampProvider_Module__state__V      
2000298c  xdc_runtime_Startup_Module__state__V                                 
20002994  ti_sysbios_BIOS_Module__state__V                                     
200029b8  ti_sysbios_knl_Swi_Module__state__V                                  
200029d4  ti_sysbios_knl_Task_Module__state__V                                 
20002a18  xdc_runtime_Memory_Module__state__V                                  
20002a1c  xdc_runtime_System_Module__state__V                                  
20002a24  ti_sysbios_family_arm_m3_Hwi_Module__state__V                        
20002a58  xdc_runtime_Error_Module__state__V                                   
20002a5c  ti_sysbios_family_arm_cc26xx_Timer_Module__state__V                  
20002a64  Ssf_resetReseason                                                    
20002a68  Ssf_resetCount                                                       
20002b6a  Sensor_events                                                        
20002bbc  Sensor_msgStats                                                      
20002c34  PowerCC26X2_module                                                   
20002cfc  initBroadcastMsg                                                     
20002cfe  parentFound                                                          
20002d06  Jdllc_events                                                         
20002d28  Jdllc_statistics                                                     
20002da8  RF_cmdNop                                                            
20002db8  RF_cmdRadioSetup                                                     
20002dd0  RF_cmdIEEETx                                                         
20002de8  RF_cmdIEEECsma                                                       
20002e08  RF_cmdIEEERx                                                         
20002e44  rxCmdHandle                                                          
20002e46  fsCmdHandle                                                          
20002e48  lastPostCmd                                                          
20002e4c  macSfdDetectCback                                                    
20002e54  macTxTimestamp                                                       
20002e58  pMacRadioConfig                                                      
20002e5c  macRfDrvTblPtr                                                       
20002e60  pRfIeeeTable                                                         
20002e64  pMacRfAntSwitchSel                                                   
20002e68  macRxOutputIeee                                                      
20002e78  macFrmFilter                                                         
20002e88  macSrcShortAddrList                                                  
20002ea4  macSrcExtAddrList                                                    
20002ed8  ICall_enterCriticalSection                                           
20002edc  ICall_leaveCriticalSection                                           
20002ef4  HEAPMGR_SIZE                                                         
20002ef8  ICall_dispatcher                                                     
20002f5c  ti_sysbios_knl_Task_Object__table__V                                 
20002ff0  ti_sysbios_family_arm_cc26xx_Timer_Object__table__V                  
200030f0  ti_sysbios_gates_GateMutex_Object__table__V                          
20003129  osal_entity                                                          
20003130  osal_qHead                                                           
20003134  osal_eventloop_hook                                                  
20003138  osal_icallMsg_hook                                                   
2000313c  osal_semaphore                                                       
20003140  osal_last_timestamp                                                  
20003144  osal_tickperiod                                                      
20003148  osal_max_msecs                                                       
20003158  ti_sysbios_knl_Swi_Module_State_0_readyQ__A                          
20003188  ti_sysbios_knl_Swi_Object__table__V                                  
200031b8  ti_sysbios_knl_Task_Module_State_0_readyQ__A                         
200031ec  RF_handle                                                            
200031f0  macPhyTxPower                                                        
200031f8  RF_params                                                            
20003214  gpioPinConfigs                                                       
20003240  txCmdHandle                                                          
20003242  macRadioAckIeeeFrame                                                 
20003248  macAckTimer                                                          
20003268  macTxSlottedDelayFactor                                              
20003269  macTxType                                                            
2000326a  macTxBe                                                              
2000326b  macTxGpInterframeDelay                                               
2000326c  txAckReq                                                             
20003271  numTx                                                                
20003272  macTxCsmaBackoffDelay                                                
20003274  macCsmaRtcTimerId                                                    
20003278  macAckDbg                                                            
2000328c  ti_sysbios_knl_Clock_Object__table__V                                
200032ac  xdc_runtime_Error_IgnoreBlock                                        
200032cc  macSpecUsecsPerSymbol                                                
200032d0  macPrevPeriodRatCount                                                
200032d4  macSymbolTimerRollover                                               
200032d8  macSymbolTimerTrigger                                                
200032e4  ti_sysbios_family_arm_m3_Hwi_Object__table__V                        
200032fc  ti_sysbios_heaps_HeapMem_Object__table__V                            
20003314  ApiMac_appEntity                                                     
20003320  ApiMac_extAddr                                                       
20003328  gpioCallbackFunctions                                                
20003338  macCfg                                                               
20003348  AppTaskId                                                            
2000334c  pMacCbackQueryRetransmit                                             
20003350  pMacCbackCheckPending                                                
20003358  OSAL_timeSeconds                                                     
20003364  _lock                                                                
20003368  _unlock                                                              
2000336c  pinUpperBound                                                        
20003370  pinLowerBound                                                        
20003374  lastRatChanA                                                         
20003375  lastRatChanB                                                         
20003376  macRxCmdActive                                                       
20003377  macTxCmdActive                                                       
20003378  macFsCmdActive                                                       
20003379  numRfCmd                                                             
2000337a  numRxCmd                                                             
2000337b  numRxPostCmd                                                         
2000337c  ti_sysbios_family_arm_m3_Hwi_Module__root__V                         
20003384  ti_sysbios_gates_GateHwi_Module__root__V                             
2000338c  ti_sysbios_gates_GateMutexPri_Module__root__V                        
20003394  ti_sysbios_gates_GateMutex_Module__root__V                           
2000339c  ti_sysbios_hal_Hwi_Module__root__V                                   
200033a4  ti_sysbios_heaps_HeapMem_Module__root__V                             
200033ac  ti_sysbios_knl_Clock_Module__root__V                                 
200033b4  ti_sysbios_knl_Event_Module__root__V                                 
200033bc  ti_sysbios_knl_Mailbox_Module__root__V                               
200033c4  ti_sysbios_knl_Queue_Module__root__V                                 
200033cc  ti_sysbios_knl_Semaphore_Module__root__V                             
200033d4  ti_sysbios_knl_Swi_Module__root__V                                   
200033dc  ti_sysbios_knl_Task_Module__root__V                                  
200033e4  xdc_runtime_Registry_Module__state__V                                
200033f1  macTxSlottedDelay                                                    
200033f2  bInSwi                                                               
200033f3  macRadioYielded                                                      
200033f4  macUnitBackoffPeriod                                                 
200033f5  rxFhRsl                                                              
200033f6  macPhyChannel                                                        
200033f7  macSrcMatchIsEnabled                                                 
200033f8  pwrmgr_initialized                                                   
200033fa  pwrmgr_attribute                                                     
200033fc  macSrcMatchIsAckAllPending                                           
200033fd  macSrcResIndex                                                       
20003408  pOverridesTable_ieee                                                 
2000340c  main_func_sp                                                         
20003410  ti_sysbios_family_arm_m3_Hwi_Module_State_0_excContext__A            
20003414  ti_sysbios_family_arm_m3_Hwi_Module_State_0_excStack__A              
20003418  ti_sysbios_knl_Task_Module_State_0_idleTask__A                       
2000341c  CryptoResourceCC26XX_pollingFlag                                     
2000341e  ti_sysbios_family_arm_m3_Hwi_Module_State_0_excActive__A             
20003428  ti_sysbios_heaps_HeapMem_Instance_State_0_buf__A                     
20003ae0  uartCC26XXObjects                                                    
20003d30  ti_sysbios_knl_Task_Instance_State_0_stack__A                        
20003f30  spiCC26XXDMAObjects                                                  
200042b8  ti_sysbios_family_arm_m3_Hwi_dispatchTable                           
20004458  pinHandleTable                                                       
20004540  aesccmCC26XXObjects                                                  
200045cc  uartCC26XXRingBuffer                                                 
20004700  macRxFilter                                                          
20004701  rxPromiscuousMode                                                    
2000470c  macRxDataEntryOffset                                                 
20004710  rxRadioBufferPtr                                                     
2000471c  macRxDataEntryQueue                                                  
200047a8  udmaObjects                                                          
20004838  CryptoResourceCC26XX_accessSemaphore                                 
20004854  CryptoResourceCC26XX_hwi                                             
20004870  CryptoResourceCC26XX_operationSemaphore                              
20004938  nvsSPI25XObjects                                                     
20004944  timerHead                                                            
2000495c  ClockP_tickPeriod                                                    
20004960  PowerCC26XX_swiKey                                                   
20004964  PowerCC26XX_taskKey                                                  
20004968  macTasksEvents                                                       
2000496c  nvsCC26xxObjects                                                     
20004971  driverlib_release_0_51995                                            
20004972  macPwr                                                               
20004973  macRxActive                                                          
20004974  macRxEnableFlags                                                     
20004975  macRxOutgoingAckFlag                                                 
20004976  macSymbolTimerImpending                                              
20004977  macTxActive                                                          
20004978  heapStart                                                            
20013b00  __stack                                                              
20013b00  heapEnd                                                              
20014000  __STACK_END                                                          
20014000  __STACK_TOP                                                          
e000e000  ti_sysbios_family_arm_m3_Hwi_nvic                                    
ffffffff  __TI_pprof_out_hndl                                                  
ffffffff  __TI_prof_data_size                                                  
ffffffff  __TI_prof_data_start                                                 
ffffffff  __binit__                                                            
ffffffff  __c_args__                                                           
ffffffff  binit                                                                
UNDEFED   SHT$$INIT_ARRAY$$Base                                                
UNDEFED   SHT$$INIT_ARRAY$$Limit                                               

[1440 symbols]
