******************************************************************************
                  TI ARM Linker PC v18.1.2                     
******************************************************************************
>> Linked Wed Jun 27 11:00:58 2018

OUTPUT FILE NAME:   <coprocessor_2_4g_cc26x2lp.out>
ENTRY POINT SYMBOL: "ResetISR"  address: 0000f78d


MEMORY CONFIGURATION

         name            origin    length      used     unused   attr    fill
----------------------  --------  ---------  --------  --------  ----  --------
  FLASH                 00000000   00052000  00016291  0003bd6f  R  X
  FLASH_NV              00052000   00004000  00004000  00000000  RW X
  FLASH_LAST            00056000   00002000  00001c92  0000036e  R  X
  SRAM                  20000000   00014000  000034b4  00010b4c  RW X


SEGMENT ALLOCATION MAP

run origin  load origin   length   init length attrs members
----------  ----------- ---------- ----------- ----- -------
00000000    00000000    00016298   00016298    r-x
  00000000    00000000    0000003c   0000003c    r-- .resetVecs
  00000040    00000040    00014700   00014700    r-x .text
  00014740    00014740    00000f30   00000f30    r-- .const
  00015670    00015670    0000087d   0000087d    r-- config_const
  00015ef0    00015ef0    000003a8   000003a8    r-- .cinit
00052000    00052000    00004000   00000000    rw-
  00052000    00052000    00004000   00000000    rw- .TI.bound:flashBuf$20
00056000    00056000    00001c3a   00001c3a    r-x
  00056000    00056000    00001c3a   00001c3a    r-x flash_last_text
00057fa8    00057fa8    00000058   00000058    r--
  00057fa8    00057fa8    00000058   00000058    r-- .ccfg
20000100    20000100    0000000c   00000000    rw-
  20000100    20000100    00000004   00000000    rw- .data:xdcRomConstPtr
  20000104    20000104    00000004   00000000    rw- .data:xdcRomExternFuncPtr
  20000108    20000108    00000004   00000000    rw- .data:xdcRomStatePtr
20001830    20001830    00000010   00000000    rw-
  20001830    20001830    00000010   00000000    rw- .TI.bound:dmaSpi0RxControlTableEntry
20001840    20001840    00000010   00000000    rw-
  20001840    20001840    00000010   00000000    rw- .TI.bound:dmaSpi0TxControlTableEntry
20001900    20001900    00000010   00000000    rw-
  20001900    20001900    00000010   00000000    rw- .TI.bound:dmaSpi1RxControlTableEntry
20001910    20001910    00002ea0   00000000    rw-
  20001910    20001910    00000010   00000000    rw- .TI.bound:dmaSpi1TxControlTableEntry
  20001920    20001920    0000193d   00000000    rw- .data
  20003260    20003260    00001550   00000000    rw- .bss
20013b00    20013b00    00000500   00000000    rw-
  20013b00    20013b00    00000500   00000000    rw- .stack


SECTION ALLOCATION MAP

 output                                  attributes/
section   page    origin      length       input sections
--------  ----  ----------  ----------   ----------------
.text      0    00000040    00014700     
                  00000040    00000824     mt_mac.obj (.text:MtMac_commandProcessing)
                  00000864    00000814     maclib_secure_cc2652_2_4g.a : mac.obj (.text:macRxCbIeee$69)
                  00001078    00000500                                 : mac_rx.obj (.text:rxPayloadIsr$74)
                  00001578    000003d4                                 : mac_data.obj (.text:macApiDataReq)
                  0000194c    0000036c                                 : macwrapper.obj (.text:macWrapperAddDevice)
                  00001cb8    00000364                                 : mac_mgmt.obj (.text:macBuildHeader)
                  0000201c    00000338                                 : mac_mgmt.obj (.text:MAC_MlmeResetReq)
                  00002354    00000324     api_mac.obj (.text:processIncomingICallMsg$10)
                  00002678    00000314     npi_task.obj (.text:NPITask_process$7)
                  0000298c    000002f8     rf_multiMode_cc26x2_v1.aem4f : RFCC26X2_multiMode.oem4f (.text:RF_fsmActiveState)
                  00002c84    000002e4     mcp.obj (.text:processMsg$14)
                  00002f68    000002b8     maclib_secure_cc2652_2_4g.a : mac_pwr.obj (.text:macPwrVote)
                  00003220    00000280                                 : mac_data.obj (.text:MAC_McpsDataReq)
                  000034a0    00000260                                 : mac_security_pib.obj (.text:MAC_MlmeSetSecurityReq)
                  00003700    0000024c     mt_sys.obj (.text:MtSys_commandProcessing)
                  0000394c    00000228     mcp.obj (.text:MCP_task)
                  00003b74    00000222     maclib_secure_cc2652_2_4g.a : mac_security.obj (.text:macIncomingFrameSecurityMaterialRetrieval)
                  00003d96    00000002     driverlib.lib : rfc.obj (.text:NOROM_RFCCpePatchReset)
                  00003d98    00000220                   : setup.obj (.text:TrimAfterColdResetWakeupFromShutDown$51)
                  00003fb8    00000218     drivers_cc26x2_v1.aem4f : SPICC26XXDMA.oem4f (.text:SPICC26XXDMA_transfer)
                  000041d0    000001d8     maclib_secure_cc2652_2_4g.a : mac_coord.obj (.text:macBuildBeacon)
                  000043a8    000001d4     macstack.obj (.text:macStackEventLoop)
                  0000457c    000001c0     maclib_secure_cc2652_2_4g.a : mac_security_pib.obj (.text:MAC_MlmeGetSecurityReq)
                  0000473c    000001c0     drivers_cc26x2_v1.aem4f : PINCC26XX.oem4f (.text:PIN_init)
                  000048fc    000001b0     maclib_secure_cc2652_2_4g.a : mac.obj (.text:macSendReceiveCmdIeee)
                  00004aac    000001a4                                 : mac_pib.obj (.text:MAC_MlmeSetReq)
                  00004c50    000001a4     drivers_cc26x2_v1.aem4f : PowerCC26X2.oem4f (.text:Power_sleep)
                  00004df4    00000198     mt_util.obj (.text:MtUtil_commandProcessing)
                  00004f8c    00000198     maclib_secure_cc2652_2_4g.a : macwrapper.obj (.text:macWrapperAddKeyInitFCtr)
                  00005124    00000194                                 : mac_scan.obj (.text:macApiScanReq)
                  000052b8    00000194                                 : mac_tx.obj (.text:macTxFrame)
                  0000544c    00000194     drivers_cc26x2_v1.aem4f : PowerCC26X2_calibrateRCOSC.oem4f (.text:runCalibrateFsm)
                  000055e0    00000190     mt.obj (.text:MT_sendResponse)
                  00005770    0000018c     rf_multiMode_cc26x2_v1.aem4f : RFCC26X2_multiMode.oem4f (.text:RF_scheduleCmd)
                  000058fc    0000017c     maclib_secure_cc2652_2_4g.a : mac_beacon_device.obj (.text:macRxBeaconCritical)
                  00005a78    00000170     rf_multiMode_cc26x2_v1.aem4f : RFCC26X2_multiMode.oem4f (.text:RF_fsmSetupState)
                  00005be8    00000170     maclib_secure_cc2652_2_4g.a : mac_data.obj (.text:macTxCompleteCallback)
                  00005d58    0000016c                                 : macwrapper.obj (.text:macWrapperDeleteKeyAndAssociatedDevices)
                  00005ec4    00000168     nvoctp.obj (.text:NVOCTP_newItem$46)
                  0000602c    00000168     drivers_cc26x2_v1.aem4f : NVSSPI25X.oem4f (.text:NVSSPI25X_write)
                  00006194    00000160                             : SPICC26XXDMA.oem4f (.text:SPICC26XXDMA_initIO)
                  000062f4    0000015c                             : UARTCC26XX.oem4f (.text:UARTCC26XX_open)
                  00006450    0000015c                             : PowerCC26X2_calibrateRCOSC.oem4f (.text:calibrateRcoscHf1)
                  000065ac    00000154                             : UARTCC26XX.oem4f (.text:UARTCC26XX_hwiIntFxn)
                  00006700    00000150     maclib_secure_cc2652_2_4g.a : macwrapper.obj (.text:macWrapperDeleteDevice)
                  00006850    00000144                                 : mac_beacon_coord.obj (.text:macTxBeaconCompleteCallback)
                  00006994    00000144                                 : mac_mgmt.obj (.text:macTxCsmaDelay)
                  00006ad8    00000140     main.obj (.text:taskFxn$13)
                  00006c18    00000138     nvoctp.obj (.text:NVOCTP_initNvApi$46)
                  00006d50    00000138     drivers_cc26x2_v1.aem4f : NVSCC26XX.oem4f (.text:NVSCC26XX_write)
                  00006e88    00000134     maclib_secure_cc2652_2_4g.a : mac_beacon_device.obj (.text:macAutoPoll)
                  00006fbc    00000130     nvoctp.obj (.text:NVOCTP_compactPage$46)
                  000070ec    00000130     drivers_cc26x2_v1.aem4f : PowerCC26X2.oem4f (.text:Power_init)
                  0000721c    0000012e     mt_mac.obj (.text:MtMac_BeaconNotifyInd)
                  0000734a    00000002     drivers_cc26x2_v1.aem4f : NVSSPI25X.oem4f (.text:NVSSPI25X_deinitSpiCs)
                  0000734c    0000012c     rf_multiMode_cc26x2_v1.aem4f : RFCC26X2_multiMode.oem4f (.text:RF_getInfo)
                  00007478    0000012c     maclib_secure_cc2652_2_4g.a : mac_data.obj (.text:macAutoPendAddSrcMatchTableEntry)
                  000075a4    0000012c                                 : mac_radio_tx.obj (.text:macRadioTxGoIeee$82)
                  000076d0    00000128     rf_multiMode_cc26x2_v1.aem4f : RFCC26X2_multiMode.oem4f (.text:RF_close)
                  000077f8    00000128                                  : RFCC26X2_multiMode.oem4f (.text:RF_fsmChangePhyState)
                  00007920    00000128     maclib_secure_cc2652_2_4g.a : macwrapper.obj (.text:macWrapperDeleteAllDevices)
                  00007a48    00000124     rf_multiMode_cc26x2_v1.aem4f : RFCC26X2_multiMode.oem4f (.text:RF_abortCmd)
                  00007b6c    00000124                                  : RFCC26X2_multiMode.oem4f (.text:RF_init)
                  00007c90    00000120     drivers_cc26x2_v1.aem4f : UARTCC26XX.oem4f (.text:UARTCC26XX_read)
                  00007db0    0000011c                             : SPICC26XXDMA.oem4f (.text:SPICC26XXDMA_configDMA)
                  00007ecc    0000011c                             : SPICC26XXDMA.oem4f (.text:SPICC26XXDMA_open)
                  00007fe8    0000011c     maclib_secure_cc2652_2_4g.a : mac_radio_tx.obj (.text:macRadioCsmaTxCbIeee$82)
                  00008104    00000118                                 : mac_data.obj (.text:macDataTxSend)
                  0000821c    00000114     driverlib.lib : sys_ctrl.obj (.text:NOROM_SysCtrlStandby)
                  00008330    00000114     rf_multiMode_cc26x2_v1.aem4f : RFCC26X2_multiMode.oem4f (.text:RF_radioOpDoneCb)
                  00008444    00000114     mt_mac.obj (.text:macDataReq$2)
                  00008558    00000110     maclib_secure_cc2652_2_4g.a : mac_radio.obj (.text:macRadioInitIeee)
                  00008668    00000108                                 : mac_device.obj (.text:macApiAssociateReq)
                  00008770    00000104     rf_multiMode_cc26x2_v1.aem4f : RFCC26X2_multiMode.oem4f (.text:RF_open)
                  00008874    00000100     drivers_cc26x2_v1.aem4f : GPIOCC26XX.oem4f (.text:GPIO_setConfig)
                  00008974    00000100     rf_multiMode_cc26x2_v1.aem4f : RFCC26X2_multiMode.oem4f (.text:RF_fsmPowerUpState)
                  00008a74    00000100     drivers_cc26x2_v1.aem4f : UARTCC26XX.oem4f (.text:UARTCC26XX_write)
                  00008b74    00000100     maclib_secure_cc2652_2_4g.a : mac_beacon_coord.obj (.text:macBeaconStartContinue)
                  00008c74    000000fc                                 : mac_beacon_device.obj (.text:macApiSyncReq)
                  00008d70    000000f8     drivers_cc26x2_v1.aem4f : NVSSPI25X.oem4f (.text:NVSSPI25X_open)
                  00008e68    000000f8     maclib_secure_cc2652_2_4g.a : mac_mgmt.obj (.text:macSetDefaultsByPhyID)
                  00008f60    000000f0     drivers_cc26x2_v1.aem4f : AESCCMCC26XX.oem4f (.text:AESCCM_startOperation)
                  00009050    000000f0     rf_multiMode_cc26x2_v1.aem4f : RFCC26X2_multiMode.oem4f (.text:RF_pendCmd)
                  00009140    000000f0     drivers_cc26x2_v1.aem4f : SPICC26XXDMA.oem4f (.text:SPICC26XXDMA_transferCancel)
                  00009230    000000f0     maclib_secure_cc2652_2_4g.a : mac.obj (.text:macRatCb_B)
                  00009320    000000ec                                 : mac_device.obj (.text:macDeviceReset)
                  0000940c    000000ec                                 : mac_scan.obj (.text:macScanNextChan)
                  000094f8    000000e8                                 : mac_data.obj (.text:macAllocTxBuffer)
                  000095e0    000000e8     mt_mac.obj (.text:macStartReq$2)
                  000096c8    000000e0     drivers_cc26x2_v1.aem4f : PINCC26XX.oem4f (.text:PINCC26XX_setIoCfg)
                  000097a8    000000e0     maclib_secure_cc2652_2_4g.a : mac_beacon.obj (.text:macBeaconSetSched)
                  00009888    000000e0                                 : mac.obj (.text:macSetupRATChanCompare)
                  00009968    000000d8     drivers_cc26x2_v1.aem4f : GPIOCC26XX.oem4f (.text:GPIO_init)
                  00009a40    000000d8     rf_multiMode_cc26x2_v1.aem4f : RFCC26X2_multiMode.oem4f (.text:RF_dispatchNextCmd)
                  00009b18    000000d8     maclib_secure_cc2652_2_4g.a : mac_beacon.obj (.text:macBeaconCheckTxTime)
                  00009bf0    000000d8                                 : mac_mgmt.obj (.text:macCommStatusInd)
                  00009cc8    000000d4     rf_multiMode_cc26x2_v1.aem4f : RFCC26X2_multiMode.oem4f (.text:RF_swiHw)
                  00009d9c    000000d0     macstack.obj (.text:MAC_CbackEvent)
                  00009e6c    000000d0     maclib_secure_cc2652_2_4g.a : mac_coord.obj (.text:macIndirectExpire)
                  00009f3c    000000d0                                 : mac_tx.obj (.text:txCsmaPrep$78)
                  0000a00c    000000ce     mt_mac.obj (.text:MtMac_ScanCnf)
                  0000a0da    00000002     rf_multiMode_cc26x2_v1.aem4f : RFCC26X2_multiMode.oem4f (.text:RF_defaultCallback)
                  0000a0dc    000000cc     nvoctp.obj (.text:NVOCTP_readHeader$46)
                  0000a1a8    000000cc     maclib_secure_cc2652_2_4g.a : mac_data.obj (.text:macDataTxEnqueue)
                  0000a274    000000cc                                 : mac_security.obj (.text:macOutgoingFrameKeyDescRetrieval)
                  0000a340    000000cc                                 : mac_scan.obj (.text:macScanRxBeacon)
                  0000a40c    000000ca     mt_mac.obj (.text:dataInd$2)
                  0000a4d6    00000002     rtsv7M4_T_le_v4SPD16_eabi.lib : _lock.c.obj (.text:_nop)
                  0000a4d8    000000c8     drivers_cc26x2_v1.aem4f : PowerCC26X2.oem4f (.text:Power_releaseDependency)
                  0000a5a0    000000c8     rf_multiMode_cc26x2_v1.aem4f : RFCC26X2_multiMode.oem4f (.text:RF_control)
                  0000a668    000000c4     drivers_cc26x2_v1.aem4f : PowerCC26X2.oem4f (.text:Power_setDependency)
                  0000a72c    000000c4     rf_multiMode_cc26x2_v1.aem4f : RFCC26X2_multiMode.oem4f (.text:RF_setTxPower)
                  0000a7f0    000000c0     drivers_cc26x2_v1.aem4f : UARTCC26XX.oem4f (.text:UARTCC26XX_initIO)
                  0000a8b0    000000c0     maclib_secure_cc2652_2_4g.a : mac_mgmt.obj (.text:macApiDisassociateReq)
                  0000a970    000000c0                                 : mac_mgmt.obj (.text:macBuildBeaconNotifyInd)
                  0000aa30    000000c0     mt_mac.obj (.text:macScanReq$2)
                  0000aaf0    000000bc     maclib_secure_cc2652_2_4g.a : mac_scan.obj (.text:MAC_MlmeScanReq)
                  0000abac    000000bc     rf_multiMode_cc26x2_v1.aem4f : RFCC26X2_multiMode.oem4f (.text:RF_hwiCpe0Active)
                  0000ac68    000000bc     maclib_secure_cc2652_2_4g.a : mac_data.obj (.text:macAutoPendMaintainSrcMatchTable)
                  0000ad24    000000b8     drivers_cc26x2_v1.aem4f : UARTCC26XX.oem4f (.text:UARTCC26XX_initHw)
                  0000addc    000000b8     maclib_secure_cc2652_2_4g.a : mac_coord.obj (.text:macCoordReset)
                  0000ae94    000000b8                                 : mac.obj (.text:macRatCb_A)
                  0000af4c    000000b4     dpl_cc26x2_v1.aem4f : PowerCC26X2_tirtos.oem4f (.text:PowerCC26XX_standbyPolicy)
                  0000b000    000000b4     maclib_secure_cc2652_2_4g.a : mac_coord.obj (.text:macApiAssociateRsp)
                  0000b0b4    000000b4                                 : mac_beacon_coord.obj (.text:macApiBeaconStartReq)
                  0000b168    000000b0     nvoctp.obj (.text:NVOCTP_findItem$46)
                  0000b218    000000b0     rf_multiMode_cc26x2_v1.aem4f : RFCC26X2_multiMode.oem4f (.text:RF_corePowerDown)
                  0000b2c8    000000b0     maclib_secure_cc2652_2_4g.a : macwrapper.obj (.text:macWrapperGetDefaultSourceKey)
                  0000b378    000000ac                                 : mac_security.obj (.text:macCcmStarTransform)
                  0000b424    000000ac                                 : mac_coord.obj (.text:macStartSetParams)
                  0000b4d0    000000ac     api_mac.obj (.text:processBeaconNotifyInd$10)
                  0000b57c    000000a8     rf_multiMode_cc26x2_v1.aem4f : RFCC26X2_multiMode.oem4f (.text:RF_getTxPower)
                  0000b624    000000a8     maclib_secure_cc2652_2_4g.a : mac_beacon_device.obj (.text:macBeaconSyncLoss)
                  0000b6cc    000000a8                                 : mac_rx.obj (.text:rxPostRxUpdates$74)
                  0000b774    000000a4     driverlib.lib : aes.obj (.text:NOROM_AESWriteToKeyStore)
                  0000b818    000000a4     nvoctp.obj (.text:NVOCTP_checkItem$46)
                  0000b8bc    000000a4     maclib_secure_cc2652_2_4g.a : mac_coord.obj (.text:macStartBegin)
                  0000b960    000000a2     drivers_cc26x2_v1.aem4f : SPICC26XXDMA.oem4f (.text:SPICC26XXDMA_hwiFxn)
                  0000ba02    00000002                             : PowerCC26X2.oem4f (.text:emptyClockFunc)
                  0000ba04    000000a0     rf_multiMode_cc26x2_v1.aem4f : RFCC26X2_multiMode.oem4f (.text:RF_postCmd)
                  0000baa4    000000a0     auto_init.aem4f : auto_init.oem4f (.text)
                  0000bb44    000000a0     mt_mac.obj (.text:macAddDeviceReq$2)
                  0000bbe4    000000a0     maclib_secure_cc2652_2_4g.a : mac_coord.obj (.text:macIndirectSend)
                  0000bc84    000000a0                                 : mac_main.obj (.text:macSendDataMsg)
                  0000bd24    000000a0     rom_sysbios.aem4f : rom_sysbios.obj (.text:ti_sysbios_knl_Task_setPri__E)
                  0000bdc4    0000009c     driverlib.lib : setup.obj (.text:NOROM_SetupTrimDevice)
                  0000be60    0000009c     npi_tl_uart.obj (.text:NPITLUART_initializeTransport)
                  0000befc    0000009c     drivers_cc26x2_v1.aem4f : UARTCC26XX.oem4f (.text:UARTCC26XX_swiIntFxn)
                  0000bf98    0000009c                             : NVSSPI25X.oem4f (.text:doErase)
                  0000c034    0000009c     rtsv7M4_T_le_v4SPD16_eabi.lib : memcpy_t2.asm.obj (.text)
                  0000c0d0    0000009c     mt_ext.obj (.text:sendFragment$1)
                  0000c16c    00000098     driverlib.lib : osc.obj (.text:NOROM_OSCHF_GetStartupTime)
                  0000c204    00000098     maclib_secure_cc2652_2_4g.a : mac_coord.obj (.text:macBuildRealign)
                  0000c29c    00000098                                 : mac_coord.obj (.text:macIndirectMark)
                  0000c334    00000098                                 : mac_mgmt.obj (.text:macRxBeacon)
                  0000c3cc    00000098                                 : mac_scan.obj (.text:macScanRxCoordRealign)
                  0000c464    00000098                                 : mac.obj (.text:macSetupReceiveCmd)
                  0000c4fc    00000098     rom_sysbios.aem4f : rom_sysbios.obj (.text:ti_sysbios_knl_Clock_workFuncDynamic__E)
                  0000c594    00000096     rtsv7M4_T_le_v4SPD16_eabi.lib : ull_div_t2.asm.obj (.text)
                  0000c62a    00000002     drivers_cc26x2_v1.aem4f : CryptoResourceCC26XX.oem4f (.text:errorSpin)
                  0000c62c    00000094                             : PINCC26XX.oem4f (.text:PIN_open)
                  0000c6c0    00000094     maclib_secure_cc2652_2_4g.a : mac_main.obj (.text:macCbackForEvent)
                  0000c754    00000094                                 : mac_security.obj (.text:macCcmStarInverseTransform)
                  0000c7e8    00000090     npi_tl.obj (.text:NPITL_writeTL)
                  0000c878    00000090     rf_multiMode_cc26x2_v1.aem4f : RFCC26X2_multiMode.oem4f (.text:RF_discardPendCmd)
                  0000c908    00000090     maclib_secure_cc2652_2_4g.a : mac_data.obj (.text:macDataTxComplete)
                  0000c998    00000090     mt_mac.obj (.text:sendCRSP$2)
                  0000ca28    00000090     drivers_cc26x2_v1.aem4f : UARTCC26XX.oem4f (.text:writeTxFifoFlush)
                  0000cab8    0000008e                             : SPICC26XXDMA.oem4f (.text:SPICC26XXDMA_swiFxn)
                  0000cb46    00000002     maclib_secure_cc2652_2_4g.a : mac_pwr.obj (.text:macApiPwrOnReq)
                  0000cb48    0000008c     driverlib.lib : setup_rom.obj (.text:NOROM_SetupStepVddrTrimTo)
                  0000cbd4    0000008c     npi_frame_mt.obj (.text:NPIFrame_frameMsg)
                  0000cc60    0000008c     drivers_cc26x2_v1.aem4f : SPICC26XXDMA.oem4f (.text:SPICC26XXDMA_control)
                  0000ccec    0000008c                             : UARTCC26XX.oem4f (.text:UARTCC26XX_close)
                  0000cd78    0000008c                             : UARTCC26XX.oem4f (.text:UARTCC26XX_writeCancel)
                  0000ce04    0000008c     api_mac.obj (.text:copyDataInd$10)
                  0000ce90    0000008c     maclib_secure_cc2652_2_4g.a : mac_coord.obj (.text:macApiPurgeReq)
                  0000cf1c    0000008c     rom_sysbios.aem4f : rom_sysbios.obj (.text:ti_sysbios_gates_GateMutexPri_enter__E)
                  0000cfa8    0000008a     rf_multiMode_cc26x2_v1.aem4f : RFCC26X2_multiMode.oem4f (.text:RF_schChkCmdInsert)
                  0000d032    00000002     main.obj (.text:macHalAssertHandler$13)
                  0000d034    00000088     rf_multiMode_cc26x2_v1.aem4f : RFCC26X2_multiMode.oem4f (.text:RF_ratFreeChannel)
                  0000d0bc    00000088     drivers_cc26x2_v1.aem4f : PowerCC26X2_calibrateRCOSC.oem4f (.text:calibrateRcoscHf2)
                  0000d144    00000088     maclib_secure_cc2652_2_4g.a : mac_mgmt.obj (.text:macBuildCommonReq)
                  0000d1cc    00000084                                 : mac_autopend.obj (.text:MAC_SrcMatchEnable)
                  0000d250    00000084     rf_multiMode_cc26x2_v1.aem4f : RFCC26X2_multiMode.oem4f (.text:RF_hwiHw)
                  0000d2d4    00000084     maclib_secure_cc2652_2_4g.a : mac_device.obj (.text:macRxAssocRsp)
                  0000d358    00000084                                 : mac_autopend.obj (.text:macSrcMatchCheckSrcAddr$70)
                  0000d3dc    00000080     drivers_cc26x2_v1.aem4f : AESCCMCC26XX.oem4f (.text:AESCCM_open)
                  0000d45c    00000080     npi_tl_uart.obj (.text:NPITLUART_readCallBack$9)
                  0000d4dc    00000080     nvoctp.obj (.text:NVOCTP_writeItemApi$46)
                  0000d55c    00000080     drivers_cc26x2_v1.aem4f : NVSCC26XX.oem4f (.text:NVSCC26XX_open)
                  0000d5dc    00000080     rf_multiMode_cc26x2_v1.aem4f : RFCC26X2_multiMode.oem4f (.text:RF_yield)
                  0000d65c    00000080     maclib_secure_cc2652_2_4g.a : mac_coord.obj (.text:macRxDataReq)
                  0000d6dc    00000080                                 : mac_timer.obj (.text:macTimerCancel)
                  0000d75c    00000080     rom_sysbios.aem4f : rom_sysbios.obj (.text:ti_sysbios_family_arm_cc26xx_Timer_start__E)
                  0000d7dc    0000007c     drivers_cc26x2_v1.aem4f : NVSSPI25X.oem4f (.text:NVSSPI25X_close)
                  0000d858    0000007c                             : NVSSPI25X.oem4f (.text:doRead)
                  0000d8d4    0000007c     maclib_secure_cc2652_2_4g.a : mac_coord.obj (.text:macApiStartReq)
                  0000d950    0000007c                                 : mac_tx.obj (.text:macTxDoneCallback)
                  0000d9cc    0000007c                                 : mac_tx.obj (.text:txComplete)
                  0000da48    0000007c     drivers_cc26x2_v1.aem4f : PowerCC26X2_calibrateRCOSC.oem4f (.text:updateSubSecInc)
                  0000dac4    0000007a     rtsv7M4_T_le_v4SPD16_eabi.lib : memset_t2.asm.obj (.text)
                  0000db3e    00000002     maclib_secure_cc2652_2_4g.a : mac_mgmt.obj (.text:macNoAction)
                  0000db40    00000078     rf_multiMode_cc26x2_v1.aem4f : RFCC26X2_multiMode.oem4f (.text:RF_howToSchedule)
                  0000dbb8    00000078                                  : RFCC26X2_multiMode.oem4f (.text:RF_ratDispatchTime)
                  0000dc30    00000078     drivers_cc26x2_v1.aem4f : NVSSPI25X.oem4f (.text:doWriteVerify)
                  0000dca8    00000078     mt_mac.obj (.text:macAssociateReq$2)
                  0000dd20    00000078     maclib_secure_cc2652_2_4g.a : mac_scan.obj (.text:macScanStartTimer)
                  0000dd98    00000078                                 : mac_beacon_device.obj (.text:macTrackTimeoutCallback)
                  0000de10    00000078     mt_mac.obj (.text:macWriteKeyReq$2)
                  0000de88    00000076     maclib_secure_cc2652_2_4g.a : mac_security.obj (.text:macKeyDescriptorLookup)
                  0000defe    00000002                                 : mac_symbol_timer.obj (.text:macSymbolTimerICallPwrNotify$77)
                  0000df00    00000074     npi_task.obj (.text:NPITask_transportRXCallBack$7)
                  0000df74    00000074     drivers_cc26x2_v1.aem4f : PowerCC26X2_calibrateRCOSC.oem4f (.text:PowerCC26X2_auxISR)
                  0000dfe8    00000074     rf_multiMode_cc26x2_v1.aem4f : RFCC26X2_multiMode.oem4f (.text:RF_issueRadioFreeCb)
                  0000e05c    00000074     mac_user_config.obj (.text:rf_patch_mce_ieee_802_15_4$12)
                  0000e0d0    00000074     rom_sysbios.aem4f : rom_sysbios.obj (.text:ti_sysbios_gates_GateMutexPri_leave__E)
                  0000e144    00000070     maclib_secure_cc2652_2_4g.a : mac_beacon.obj (.text:macBeaconSetupCap)
                  0000e1b4    0000006e     rtsv7M4_T_le_v4SPD16_eabi.lib : ll_div_t2.asm.obj (.text)
                  0000e222    00000002                                   : div0.asm.obj (.text)
                  0000e224    0000006c     drivers_cc26x2_v1.aem4f : PINCC26XX.oem4f (.text:PIN_add)
                  0000e290    0000006c                             : UARTCC26XX.oem4f (.text:UARTCC26XX_readCancel)
                  0000e2fc    0000006c     maclib_secure_cc2652_2_4g.a : mac_hl_patch.obj (.text:macCcmDecrypt)
                  0000e368    0000006c                                 : mac_mgmt.obj (.text:macDisassocComplete)
                  0000e3d4    0000006c                                 : mac_main.obj (.text:macSendMsg)
                  0000e440    0000006c     main.obj (.text:main)
                  0000e4ac    00000068     driverlib.lib : osc.obj (.text:NOROM_OSCHF_AttemptToSwitchToXosc)
                  0000e514    00000068     npi_task.obj (.text:NPITask_task)
                  0000e57c    00000068     rf_multiMode_cc26x2_v1.aem4f : RFCC26X2_multiMode.oem4f (.text:RF_getCurrentTime)
                  0000e5e4    00000068                                  : RFCC26X2_multiMode.oem4f (.text:RF_ratDisableChannel)
                  0000e64c    00000068                                  : RFCC26X2_multiMode.oem4f (.text:RF_ratSetupChannel)
                  0000e6b4    00000068     rtsv7M4_T_le_v4SPD16_eabi.lib : copy_decompress_lzss.c.obj (.text:decompress:lzss:__TI_decompress_lzss)
                  0000e71c    00000068     maclib_secure_cc2652_2_4g.a : mac_hl_patch.obj (.text:macCcmEncrypt)
                  0000e784    00000068     mt_mac.obj (.text:macDisassociateReq$2)
                  0000e7ec    00000068     maclib_secure_cc2652_2_4g.a : mac_radio.obj (.text:macRadioUpdateTxPower)
                  0000e854    00000068                                 : mac_rx_onoff.obj (.text:macRxOn)
                  0000e8bc    00000066     rf_multiMode_cc26x2_v1.aem4f : RFCC26X2_multiMode.oem4f (.text:RF_syncCb)
                  0000e922    00000002     app_pem4f.oem4f (.text:ti_sysbios_BIOS_nullFunc__I)
                  0000e924    00000064     drivers_cc26x2_v1.aem4f : CryptoResourceCC26XX.oem4f (.text:CryptoResourceCC26XX_constructRTOSObjects)
                  0000e988    00000064                             : UARTCC26XX.oem4f (.text:UARTCC26XX_control)
                  0000e9ec    00000064     maclib_secure_cc2652_2_4g.a : mac_coord.obj (.text:macApiOrphanRsp)
                  0000ea50    00000064                                 : mac_device.obj (.text:macAssocDataRxInd)
                  0000eab4    00000064                                 : mac_mcu.obj (.text:macMcuOverflowSetPeriod)
                  0000eb18    00000064                                 : mac_device.obj (.text:macRxCoordRealign)
                  0000eb7c    00000064                                 : mac_mgmt.obj (.text:macRxDisassoc)
                  0000ebe0    00000064                                 : mac_security.obj (.text:macUpdatePanId)
                  0000ec44    00000060     drivers_cc26x2_v1.aem4f : GPIOCC26XX.oem4f (.text:GPIO_write)
                  0000eca4    00000060     nvoctp.obj (.text:NVOCTP_copyItem$46)
                  0000ed04    00000060     nvoctp.obj (.text:NVOCTP_readItemApi$46)
                  0000ed64    00000060     rf_multiMode_cc26x2_v1.aem4f : RFCC26X2_multiMode.oem4f (.text:RF_ratAllocChannel)
                  0000edc4    00000060                                  : RFCC26X2_multiMode.oem4f (.text:RF_ratArmChannel)
                  0000ee24    00000060     drivers_cc26x2_v1.aem4f : SPICC26XXDMA.oem4f (.text:SPICC26XXDMA_initHw)
                  0000ee84    00000060     mt_util.obj (.text:loopTimerCB$4)
                  0000eee4    00000060     maclib_secure_cc2652_2_4g.a : mac_beacon_coord.obj (.text:macBeaconPeriodCallback)
                  0000ef44    00000060                                 : mac_main.obj (.text:macExecute)
                  0000efa4    00000060                                 : mac_coord.obj (.text:macIndirectTxFrame)
                  0000f004    00000060                                 : mac_mcu.obj (.text:macMcuOverflowSetCompare)
                  0000f064    00000060                                 : mac_radio_tx.obj (.text:macRadioTxPrepCsmaSlottedIeee)
                  0000f0c4    00000060                                 : mac_radio_tx.obj (.text:macRadioTxPrepCsmaUnslottedIeee)
                  0000f124    00000060                                 : mac_rx.obj (.text:macRxHaltCleanup)
                  0000f184    00000060                                 : mac_scan.obj (.text:macScanComplete)
                  0000f1e4    0000005c     nvoctp.obj (.text:NVOCTP_createItemApi$46)
                  0000f240    0000005c     drivers_cc26x2_v1.aem4f : PINCC26XX.oem4f (.text:PIN_remove)
                  0000f29c    0000005c     rf_multiMode_cc26x2_v1.aem4f : RFCC26X2_multiMode.oem4f (.text:RF_dispatchNextEvent)
                  0000f2f8    0000005c                                  : RFCC26X2_multiMode.oem4f (.text:RF_fsmXOSCState)
                  0000f354    0000005c                                  : RFCC26X2_multiMode.oem4f (.text:RF_hwiCpe0PowerFsm)
                  0000f3b0    0000005c     drivers_cc26x2_v1.aem4f : NVSCC26XX.oem4f (.text:doErase)
                  0000f40c    0000005c     maclib_secure_cc2652_2_4g.a : mac_device.obj (.text:macPollDataRxInd)
                  0000f468    0000005c                                 : mac_symbol_timer.obj (.text:macSymbolTimerInit)
                  0000f4c4    0000005c                                 : mac_beacon_device.obj (.text:macTrackPeriodCallback)
                  0000f520    0000005c     app_pem4f.oem4f (.text:xdc_runtime_Startup_getState__I)
                  0000f57c    00000058     maclib_secure_cc2652_2_4g.a : mac_mgmt.obj (.text:MAC_ResumeReq)
                  0000f5d4    00000058     npi_task.obj (.text:NPITask_incomingFrameCB$7)
                  0000f62c    00000058     drivers_cc26x2_v1.aem4f : PowerCC26X2_calibrateRCOSC.oem4f (.text:PowerCC26X2_initiateCalibration)
                  0000f684    00000058     rf_multiMode_cc26x2_v1.aem4f : RFCC26X2_multiMode.oem4f (.text:RF_TxPowerTable_findValue)
                  0000f6dc    00000058                                  : RFCC26X2_multiMode.oem4f (.text:RF_cmdDispatchTime)
                  0000f734    00000058     mac_user_config.obj (.text:applyIeee802154Patch$12)
                  0000f78c    00000058     boot.aem4f : boot.oem4f (.text)
                  0000f7e4    00000058     drivers_cc26x2_v1.aem4f : PowerCC26X2.oem4f (.text:disableLFClockQualifiers)
                  0000f83c    00000058     mt_mac.obj (.text:macOrphanRsp$2)
                  0000f894    00000058     maclib_secure_cc2652_2_4g.a : mac_radio.obj (.text:macRadioUpdateChannel)
                  0000f8ec    00000058                                 : mac_timer.obj (.text:macTimerAddTimer)
                  0000f944    00000058                                 : mac_timer.obj (.text:macTimerUpdateSymbolTimer)
                  0000f99c    00000054     drivers_cc26x2_v1.aem4f : AESCCMCC26XX.oem4f (.text:AESCCM_cleanup)
                  0000f9f0    00000054                             : AESCCMCC26XX.oem4f (.text:AESCCM_waitForResult)
                  0000fa44    00000054     nvoctp.obj (.text:NVOCTP_deleteItemApi$46)
                  0000fa98    00000054     nvoctp.obj (.text:NVOCTP_doNVCRC$46)
                  0000faec    00000054     nvoctp.obj (.text:NVOCTP_readItem$46)
                  0000fb40    00000054     drivers_cc26x2_v1.aem4f : NVSCC26XX.oem4f (.text:NVSCC26XX_init)
                  0000fb94    00000054     mt_ext.obj (.text:abortFragMsg$1)
                  0000fbe8    00000054     maclib_secure_cc2652_2_4g.a : mac_device.obj (.text:macApiPollReq)
                  0000fc3c    00000054     mt_mac.obj (.text:macAssociateRsp$2)
                  0000fc90    00000054     mt_mac.obj (.text:macAsyncReq$2)
                  0000fce4    00000054     maclib_secure_cc2652_2_4g.a : mac_beacon_coord.obj (.text:macBeaconTxCallback)
                  0000fd38    00000054                                 : mac_beacon_device.obj (.text:macSyncTimeoutCallback)
                  0000fd8c    00000054     drivers_cc26x2_v1.aem4f : GPIOCC26XX.oem4f (.text:powerPostNotify)
                  0000fde0    00000054     api_mac.obj (.text:processScanCnf$10)
                  0000fe34    00000054     mcp.obj (.text:relayRxMsg$14)
                  0000fe88    00000052     drivers_cc26x2_v1.aem4f : SPICC26XXDMA.oem4f (.text:SPICC26XXDMA_close)
                  0000feda    00000002     app_pem4f.oem4f (.text:ti_sysbios_rom_cortexm_cc26xx_agama_CC26xx_badRomRevision__E)
                  0000fedc    00000050     dpl_cc26x2_v1.aem4f : ClockP_tirtos.oem4f (.text:ClockP_construct)
                  0000ff2c    00000050     drivers_cc26x2_v1.aem4f : GPIOCC26XX.oem4f (.text:GPIO_enableInt)
                  0000ff7c    00000050     npi_task.obj (.text:NPITask_createTask)
                  0000ffcc    00000050     nvoctp.obj (.text:NVOCTP_findOffset$46)
                  0001001c    00000050     rf_multiMode_cc26x2_v1.aem4f : RFCC26X2_multiMode.oem4f (.text:RF_applyRfCorePatch)
                  0001006c    00000050                                  : RFCC26X2_multiMode.oem4f (.text:RF_ratGenerateChCmd)
                  000100bc    00000050                                  : RFCC26X2_multiMode.oem4f (.text:RF_schCmdRunInsert)
                  0001010c    00000050                                  : RFCC26X2_multiMode.oem4f (.text:RF_wakeupNotification)
                  0001015c    00000050     drivers_cc26x2_v1.aem4f : PowerCC26X2.oem4f (.text:configureXOSCHF)
                  000101ac    00000050                             : NVSSPI25X.oem4f (.text:extFlashSpiRead)
                  000101fc    00000050                             : NVSSPI25X.oem4f (.text:extFlashSpiWrite)
                  0001024c    00000050     maclib_secure_cc2652_2_4g.a : mac_device.obj (.text:macAssocDataReqComplete)
                  0001029c    00000050                                 : mac_beacon_coord.obj (.text:macBeaconPrepareCallback)
                  000102ec    00000050                                 : mac_coord.obj (.text:macIndirectRequeueFrame)
                  0001033c    00000050     mt_mac.obj (.text:macPollReq$2)
                  0001038c    00000050     maclib_secure_cc2652_2_4g.a : mac_rx_onoff.obj (.text:macRxOffRequest)
                  000103dc    00000050                                 : mac_beacon_device.obj (.text:macTrackStartCallback)
                  0001042c    0000004c     mt_mac.obj (.text:MtMac_DataCnf)
                  00010478    0000004c     driverlib.lib : chipinfo.obj (.text:NOROM_ChipInfo_GetChipType)
                  000104c4    0000004c     rf_multiMode_cc26x2_v1.aem4f : RFCC26X2_multiMode.oem4f (.text:RF_ratRestartChannels)
                  00010510    0000004c     drivers_cc26x2_v1.aem4f : UDMACC26XX.oem4f (.text:UDMACC26XX_open)
                  0001055c    0000004c     rtsv7M4_T_le_v4SPD16_eabi.lib : cpy_tbl.c.obj (.text:copy_in)
                  000105a8    0000004c     drivers_cc26x2_v1.aem4f : NVSSPI25X.oem4f (.text:extFlashWaitReady)
                  000105f4    0000004c     mt_mac.obj (.text:macGetFhReq$2)
                  00010640    0000004c     maclib_secure_cc2652_2_4g.a : mac_symbol_timer.obj (.text:macSymbolTimerEventHandler$77)
                  0001068c    0000004c                                 : mac_tx.obj (.text:macTxAckNotReceivedCallback)
                  000106d8    0000004c                                 : mac_ie_parse.obj (.text:macUpdatePayloadIEPtr)
                  00010724    0000004c     drivers_cc26x2_v1.aem4f : UARTCC26XX.oem4f (.text:startTxFifoEmptyClk)
                  00010770    0000004a     macstack.obj (.text:icall_slimMsgParser)
                  000107ba    00000002     rom_sysbios.aem4f : rom_sysbios.obj (.text:xdc_runtime_SysCallback_defaultAbort)
                  000107bc    00000048     maclib_secure_cc2652_2_4g.a : mac_pib.obj (.text:MAC_MlmeGetReq)
                  00010804    00000048                                 : mac_security_pib.obj (.text:MAC_MlmeGetSecurityReqSize)
                  0001084c    00000048     driverlib.lib : aes.obj (.text:NOROM_AESStartDMAOperation)
                  00010894    00000048                   : rfc.obj (.text:NOROM_RFCSynthPowerDown)
                  000108dc    00000048     nvoctp.obj (.text:NVOCTP_write$46)
                  00010924    00000048     drivers_cc26x2_v1.aem4f : NVSSPI25X.oem4f (.text:NVSSPI25X_read)
                  0001096c    00000048                             : NVS.oem4f (.text:NVS_open)
                  000109b4    00000048                             : PINCC26XX.oem4f (.text:PIN_setOutputEnable)
                  000109fc    00000048                             : NVSCC26XX.oem4f (.text:disableFlashCache)
                  00010a44    00000048                             : NVSSPI25X.oem4f (.text:extFlashMassErase)
                  00010a8c    00000048     maclib_secure_cc2652_2_4g.a : mac_beacon_device.obj (.text:macBeaconStartFrameResponseTimer)
                  00010ad4    00000048                                 : mac_radio.obj (.text:macRadioSetChannel)
                  00010b1c    00000048                                 : mac_coord.obj (.text:macRxAssociateReq)
                  00010b64    00000048     drivers_cc26x2_v1.aem4f : UARTCC26XX.oem4f (.text:writeFinishedDoCallback)
                  00010bac    00000046                             : RingBuf.oem4f (.text:RingBuf_put)
                  00010bf2    00000002     rom_sysbios.aem4f : rom_sysbios.obj (.text:xdc_runtime_SysCallback_defaultExit)
                  00010bf4    00000044     drivers_cc26x2_v1.aem4f : CryptoResourceCC26XX.oem4f (.text:CryptoResourceCC26XX_destructRTOSObjects)
                  00010c38    00000044     driverlib.lib : osc.obj (.text:NOROM_OSCHF_SwitchToRcOscTurnOffXosc)
                  00010c7c    00000044     nvoctp.obj (.text:NVOCTP_getItemLenApi$46)
                  00010cc0    00000044     nvoctp.obj (.text:NVOCTP_setPageActive$46)
                  00010d04    00000044     drivers_cc26x2_v1.aem4f : NVSCC26XX.oem4f (.text:NVSCC26XX_read)
                  00010d48    00000044                             : PINCC26XX.oem4f (.text:PIN_swi)
                  00010d8c    00000044                             : SPICC26XXDMA.oem4f (.text:SPICC26XXDMA_csnCallback)
                  00010dd0    00000044                             : SPI.oem4f (.text:SPI_init)
                  00010e14    00000044                             : UART.oem4f (.text:UART_init)
                  00010e58    00000044     maclib_secure_cc2652_2_4g.a : mac_device.obj (.text:macAssocDataReq)
                  00010e9c    00000044                                 : mac_mgmt.obj (.text:macDestSAddrCmp)
                  00010ee0    00000044                                 : mac_device.obj (.text:macPollDataReqComplete)
                  00010f24    00000044     drivers_cc26x2_v1.aem4f : PowerCC26X2.oem4f (.text:switchXOSCHF)
                  00010f68    00000042     mt_mac.obj (.text:MtMac_CommStatusInd)
                  00010faa    00000042     api_mac.obj (.text:copyMacPanDescToApiMacPanDesc$10)
                  00010fec    00000040     maclib_secure_cc2652_2_4g.a : mac_symbol_timer.obj (.text:ICall_setTimer$77)
                  0001102c    00000040     driverlib.lib : aes.obj (.text:NOROM_AESWriteCCMInitializationVector)
                  0001106c    00000040     npi_task.obj (.text:NPITask_sendBufToStack$7)
                  000110ac    00000040     nvoctp.obj (.text:NVOCTP_compactNvApi$46)
                  000110ec    00000040     drivers_cc26x2_v1.aem4f : PowerCC26X2.oem4f (.text:PowerCC26XX_isStableXOSC_HF)
                  0001112c    00000040                             : PowerCC26X2.oem4f (.text:PowerCC26XX_switchXOSC_HF)
                  0001116c    00000040                             : RingBuf.oem4f (.text:RingBuf_get)
                  000111ac    00000040     maclib_secure_cc2652_2_4g.a : mac_hl_patch.obj (.text:macCheckPhyRate)
                  000111ec    00000040                                 : mac_device.obj (.text:macPollFrameResponseTimeout)
                  0001122c    00000040                                 : mac_radio.obj (.text:macRadioWakeupCb)
                  0001126c    00000040                                 : mac_autopend.obj (.text:macSrcMatchSetEnableBit$70)
                  000112ac    00000040     rtsv7M4_T_le_v4SPD16_eabi.lib : u_divt2.asm.obj (.text)
                  000112ec    00000040     rom_sysbios.aem4f : rom_sysbios.obj (.text:ti_sysbios_family_arm_cc26xx_Timer_setThreshold__I)
                  0001132c    0000003e     dpl_cc26x2_v1.aem4f : HwiP_tirtos.oem4f (.text:HwiP_construct)
                  0001136a    0000003e     mt_mac.obj (.text:MtMac_SyncLossInd)
                  000113a8    0000003c     drivers_cc26x2_v1.aem4f : AESCCMCC26XX.oem4f (.text:AESCCM_init)
                  000113e4    0000003c     npi_task.obj (.text:ICall_enrollService$7)
                  00011420    0000003c     driverlib.lib : chipinfo.obj (.text:NOROM_ChipInfo_GetHwRevision)
                  0001145c    0000003c     npi_tl.obj (.text:NPITL_transmissionCallBack$8)
                  00011498    0000003c     drivers_cc26x2_v1.aem4f : PINCC26XX.oem4f (.text:PINCC26XX_getConfig)
                  000114d4    0000003c                             : PINCC26XX.oem4f (.text:PIN_setOutputValue)
                  00011510    0000003c     rf_multiMode_cc26x2_v1.aem4f : RFCC26X2_multiMode.oem4f (.text:RF_calculateDispatchTime)
                  0001154c    0000003c                                  : RFCC26X2_multiMode.oem4f (.text:RF_cmdGet)
                  00011588    0000003c     drivers_cc26x2_v1.aem4f : SPI.oem4f (.text:SPI_open)
                  000115c4    0000003c     dpl_cc26x2_v1.aem4f : SwiP_tirtos.oem4f (.text:SwiP_construct)
                  00011600    0000003c     drivers_cc26x2_v1.aem4f : UART.oem4f (.text:UART_open)
                  0001163c    0000003c                             : NVSCC26XX.oem4f (.text:checkEraseRange)
                  00011678    0000003c     maclib_secure_cc2652_2_4g.a : mac_beacon.obj (.text:macBeaconRequeue)
                  000116b4    0000003c                                 : mac_rx_onoff.obj (.text:macRxDisable)
                  000116f0    0000003c                                 : mac_coord.obj (.text:macStartContinue)
                  0001172c    0000003c                                 : mac_device.obj (.text:macStartFrameResponseTimer)
                  00011768    0000003c                                 : mac_symbol_timer.obj (.text:macSymbolTimerRealignIeee)
                  000117a4    0000003c                                 : mac_main.obj (.text:mac_msg_deallocate)
                  000117e0    0000003c     rom_sysbios.aem4f : rom_sysbios.obj (.text:ti_sysbios_family_arm_m3_Hwi_construct2__E)
                  0001181c    0000003a     drivers_cc26x2_v1.aem4f : NVSSPI25X.oem4f (.text:checkEraseRange)
                  00011856    00000038     api_mac.obj (.text:ApiMac_buildMsgCapInfo)
                  0001188e    00000002     rom_sysbios.aem4f : rom_sysbios.obj (.text:xdc_runtime_SysCallback_defaultFlush)
                  00011890    00000038     macstack.obj (.text:ICall_enrollService$42)
                  000118c8    00000038     api_mac.obj (.text:ICall_sendServiceMsg$10)
                  00011900    00000038     drivers_cc26x2_v1.aem4f : PINCC26XX.oem4f (.text:PIN_setInterrupt)
                  00011938    00000038     maclib_secure_cc2652_2_4g.a : mac_device.obj (.text:macAssocFailed)
                  00011970    00000038                                 : mac_beacon_device.obj (.text:macBeaconStopTrack)
                  000119a8    00000038                                 : mac_radio.obj (.text:macGetRadioTxPowerReg)
                  000119e0    00000038                                 : mac_radio.obj (.text:macRadioSetPanCoordinator)
                  00011a18    00000038                                 : mac_symbol_timer.obj (.text:macSymbolTimerCount)
                  00011a50    00000038                                 : mac_symbol_timer.obj (.text:macSymbolTimerSetRollover)
                  00011a88    00000038     drivers_cc26x2_v1.aem4f : PowerCC26X2.oem4f (.text:notify)
                  00011ac0    00000038                             : UARTCC26XX.oem4f (.text:readData)
                  00011af8    00000038     rom_sysbios.aem4f : rom_sysbios.obj (.text:ti_sysbios_family_arm_cc26xx_Timer_getCurrentTick__E)
                  00011b30    00000038     drivers_cc26x2_v1.aem4f : UARTCC26XX.oem4f (.text:writeData)
                  00011b68    00000036     api_mac.obj (.text:ApiMac_convertCapabilityInfo)
                  00011b9e    00000036     mt_mac.obj (.text:MtMac_AssociateInd)
                  00011bd4    00000036     drivers_cc26x2_v1.aem4f : UDMACC26XX.oem4f (.text:UDMACC26XX_close)
                  00011c0a    00000002     rom_sysbios.aem4f : rom_sysbios.obj (.text:xdc_runtime_SysCallback_defaultPutch)
                  00011c0c    00000034     mt_sys.obj (.text:MtSys_resetReq)
                  00011c40    00000034     driverlib.lib : aes.obj (.text:NOROM_AESConfigureCCMCtrl)
                  00011c74    00000034                   : aes.obj (.text:NOROM_AESReadFromKeyStore)
                  00011ca8    00000034                   : aes.obj (.text:NOROM_AESReadTag)
                  00011cdc    00000034                   : sys_ctrl.obj (.text:NOROM_SysCtrlIdle)
                  00011d10    00000034     npi_rxbuf.obj (.text:NPIRxBuf_ReadFromRxBuf)
                  00011d44    00000034     nvoctp.obj (.text:NVOCTP_erase$46)
                  00011d78    00000034     drivers_cc26x2_v1.aem4f : NVSSPI25X.oem4f (.text:NVSSPI25X_init)
                  00011dac    00000034                             : PINCC26XX.oem4f (.text:PIN_setConfig)
                  00011de0    00000034                             : PowerCC26X2.oem4f (.text:Power_releaseConstraint)
                  00011e14    00000034     rf_multiMode_cc26x2_v1.aem4f : RFCC26X2_multiMode.oem4f (.text:RF_cacheFsCmd)
                  00011e48    00000034                                  : RFCC26X2_multiMode.oem4f (.text:RF_checkCmdFsError)
                  00011e7c    00000034                                  : RFCC26X2_multiMode.oem4f (.text:RF_ieeeRequestFgCommand)
                  00011eb0    00000034                                  : RFCC26X2_multiMode.oem4f (.text:RF_powerConstraintRelease)
                  00011ee4    00000034                                  : RFCC26X2_multiMode.oem4f (.text:RF_ratGenerateIoCmd)
                  00011f18    00000034                                  : RFCC26X2_multiMode.oem4f (.text:RF_runDirectImmediateCmd)
                  00011f4c    00000034     drivers_cc26x2_v1.aem4f : NVSSPI25X.oem4f (.text:extFlashPowerStandby)
                  00011f80    00000034                             : NVSSPI25X.oem4f (.text:extFlashWriteEnable)
                  00011fb4    00000034     mt_mac.obj (.text:macAdrToSba$2)
                  00011fe8    00000034     maclib_secure_cc2652_2_4g.a : mac_device.obj (.text:macAssociateCnf)
                  0001201c    00000034                                 : mac_data.obj (.text:macDataRxInd)
                  00012050    00000034                                 : mac.obj (.text:macSetUserConfig)
                  00012084    00000034                                 : mac_beacon_coord.obj (.text:macStartBeaconPrepareCallback)
                  000120b8    00000034                                 : mac_beacon_device.obj (.text:macStartBroadcastPendTimer)
                  000120ec    00000034                                 : mac.obj (.text:macStopCmd)
                  00012120    00000034                                 : mac_symbol_timer.obj (.text:macSymbolTimerSetTrigger)
                  00012154    00000034                                 : mac_tx.obj (.text:macTxDecrypt)
                  00012188    00000034                                 : mac_tx.obj (.text:macTxUpdateIE)
                  000121bc    00000034     drivers_cc26x2_v1.aem4f : UARTCC26XX.oem4f (.text:readData2RingBuf)
                  000121f0    00000034     rom_sysbios.aem4f : rom_sysbios.obj (.text:ti_sysbios_knl_Swi_setPri__E)
                  00012224    00000032     rf_multiMode_cc26x2_v1.aem4f : RFCC26X2_multiMode.oem4f (.text:RF_queueEnd)
                  00012256    00000032     maclib_secure_cc2652_2_4g.a : mac_scan.obj (.text:macScanCnfInit)
                  00012288    00000032     rom_sysbios.aem4f : rom_sysbios.obj (.text:ti_sysbios_family_arm_cc26xx_Timer_setNextTick__E)
                  000122ba    00000032                       : rom_sysbios.obj (.text:ti_sysbios_gates_GateMutexPri_insertPri__I)
                  000122ec    00000030     api_mac.obj (.text:ApiMac_mlmeGetReqArrayLen)
                  0001231c    00000030     drivers_cc26x2_v1.aem4f : GPIOCC26XX.oem4f (.text:GPIO_hwiIntFxn)
                  0001234c    00000030     npi_tl.obj (.text:NPITL_readTL)
                  0001237c    00000030     nvoctp.obj (.text:NVOCTP_setItemInactive$46)
                  000123ac    00000030     drivers_cc26x2_v1.aem4f : NVSCC26XX.oem4f (.text:NVSCC26XX_erase)
                  000123dc    00000030                             : NVSSPI25X.oem4f (.text:NVSSPI25X_erase)
                  0001240c    00000030                             : PowerCC26X2.oem4f (.text:Power_setConstraint)
                  0001243c    00000030     rf_multiMode_cc26x2_v1.aem4f : RFCC26X2_multiMode.oem4f (.text:RF_calculateDeltaTimeUs)
                  0001246c    00000030     maclib_secure_cc2652_2_4g.a : mac_coord.obj (.text:macRxOrphan)
                  0001249c    00000030                                 : mac_timer.obj (.text:macTimerSetRollover)
                  000124cc    00000030     api_mac.obj (.text:mlmeGetFhReq$10)
                  000124fc    00000030     drivers_cc26x2_v1.aem4f : PowerCC26X2_calibrateRCOSC.oem4f (.text:startTDC)
                  0001252c    00000030     app_pem4f.oem4f (.text:ti_sysbios_BIOS_atExitFunc__I)
                  0001255c    00000030     app_pem4f.oem4f (.text:ti_sysbios_BIOS_startFunc__I)
                  0001258c    00000030     rom_sysbios.aem4f : rom_sysbios.obj (.text:ti_sysbios_family_arm_cc26xx_Timer_initDevice__I)
                  000125bc    00000030     app_pem4f.oem4f (.text:ti_sysbios_gates_GateMutexPri_Object__create__S)
                  000125ec    00000030     app_pem4f.oem4f (.text:ti_sysbios_gates_GateMutexPri_create)
                  0001261c    0000002c     drivers_cc26x2_v1.aem4f : AESCCMCC26XX.oem4f (.text:AESCCM_swiFxn)
                  00012648    0000002c                             : GPIOCC26XX.oem4f (.text:GPIO_setCallback)
                  00012674    0000002c     mt_mac.obj (.text:MtMac_AssociateCnf)
                  000126a0    0000002c     mt_mac.obj (.text:MtMac_DisassociateInd)
                  000126cc    0000002c     drivers_cc26x2_v1.aem4f : NVSSPI25X.oem4f (.text:NVSSPI25X_control)
                  000126f8    0000002c                             : NVS.oem4f (.text:NVS_init)
                  00012724    0000002c                             : PINCC26XX.oem4f (.text:PINCC26XX_setMux)
                  00012750    0000002c     rf_multiMode_cc26x2_v1.aem4f : RFCC26X2_multiMode.oem4f (.text:RF_executeDirectImmediateCmd)
                  0001277c    0000002c                                  : RFCC26X2_multiMode.oem4f (.text:RF_ratReleaseChannels)
                  000127a8    0000002c     dpl_cc26x2_v1.aem4f : SemaphoreP_tirtos.oem4f (.text:SemaphoreP_constructBinary)
                  000127d4    0000002c                         : SemaphoreP_tirtos.oem4f (.text:SemaphoreP_createBinary)
                  00012800    0000002c     drivers_cc26x2_v1.aem4f : NVSSPI25X.oem4f (.text:extFlashPowerDown)
                  0001282c    0000002c     maclib_secure_cc2652_2_4g.a : mac_beacon.obj (.text:macBeaconInit)
                  00012858    0000002c                                 : mac_pib.obj (.text:macPibReset)
                  00012884    0000002c                                 : mac_radio.obj (.text:macRadioSetIEEEAddr)
                  000128b0    0000002c                                 : mac_radio.obj (.text:macRadioStopScan)
                  000128dc    0000002c                                 : mac_symbol_timer.obj (.text:macSymbolTimerICallTimerCback$77)
                  00012908    0000002c     mt_ext.obj (.text:sendStatus$1)
                  00012934    0000002c     rom_sysbios.aem4f : rom_sysbios.obj (.text:ti_sysbios_knl_Clock_getTicksUntilInterrupt__E)
                  00012960    0000002c     maclib_secure_cc2652_2_4g.a : mac_tx.obj (.text:txGo$78)
                  0001298c    0000002a     drivers_cc26x2_v1.aem4f : List.oem4f (.text:List_insert)
                  000129b6    0000002a     nvoctp.obj (.text:NVOCTP_verifyCRC$46)
                  000129e0    0000002a     rf_multiMode_cc26x2_v1.aem4f : RFCC26X2_multiMode.oem4f (.text:RF_ratSuspendChannels)
                  00012a0a    0000002a     rom_sysbios.aem4f : rom_sysbios.obj (.text:ti_sysbios_knl_Clock_getTimeout__E)
                  00012a34    00000028     npi_frame_mt.obj (.text:ICall_allocMsg$5)
                  00012a5c    00000028     mt_ext.obj (.text:ICall_malloc$1)
                  00012a84    00000028     mt_mac.obj (.text:ICall_malloc$2)
                  00012aac    00000028     npi_task.obj (.text:ICall_malloc$7)
                  00012ad4    00000028     maclib_secure_cc2652_2_4g.a : mac_security_pib.obj (.text:MAC_MlmeGetPointerSecurityReq)
                  00012afc    00000028     mt_mac.obj (.text:MtMac_DisassociateCnf)
                  00012b24    00000028     driverlib.lib : aes.obj (.text:NOROM_AESVerifyTag)
                  00012b4c    00000028                   : aes.obj (.text:NOROM_AESWaitForIRQFlags)
                  00012b74    00000028                   : osc.obj (.text:NOROM_OSCHF_TurnOnXosc)
                  00012b9c    00000028                   : rfc.obj (.text:NOROM_RFCOverrideSearch)
                  00012bc4    00000028     npi_tl_uart.obj (.text:NPITLUART_writeCallBack$9)
                  00012bec    00000028     dpl_cc26x2_v1.aem4f : PowerCC26X2_tirtos.oem4f (.text:PowerCC26XX_schedulerDisable)
                  00012c14    00000028                         : PowerCC26X2_tirtos.oem4f (.text:PowerCC26XX_schedulerRestore)
                  00012c3c    00000028     drivers_cc26x2_v1.aem4f : PowerCC26X2.oem4f (.text:Power_registerNotify)
                  00012c64    00000028                             : SPICC26XXDMA.oem4f (.text:SPICC26XXDMA_flushFifos)
                  00012c8c    00000028     maclib_secure_cc2652_2_4g.a : mac_mgmt.obj (.text:macApiPending)
                  00012cb4    00000028                                 : mac_beacon.obj (.text:macBeaconCheckSched)
                  00012cdc    00000028                                 : mac_mgmt.obj (.text:macCoordAddrCmp)
                  00012d04    00000028                                 : mac_mgmt.obj (.text:macGetCoordAddress)
                  00012d2c    00000028                                 : mac_rx_onoff.obj (.text:macRxHardDisable)
                  00012d54    00000028                                 : mac_coord.obj (.text:macStartComplete)
                  00012d7c    00000028                                 : mac_timer.obj (.text:macTimerRecalcUnaligned)
                  00012da4    00000028                                 : mac_tx.obj (.text:macTxTimestampCallback)
                  00012dcc    00000028     drivers_cc26x2_v1.aem4f : PowerCC26X2.oem4f (.text:oscillatorISR)
                  00012df4    00000028                             : NVSCC26XX.oem4f (.text:restoreFlashCache)
                  00012e1c    00000026                             : List.oem4f (.text:List_put)
                  00012e42    00000026                             : List.oem4f (.text:List_putHead)
                  00012e68    00000026                             : List.oem4f (.text:List_remove)
                  00012e8e    00000026     mt_mac.obj (.text:MtMac_OrphanInd)
                  00012eb4    00000026     maclib_secure_cc2652_2_4g.a : mac_radio.obj (.text:radioComputeED$73)
                  00012eda    00000002     --HOLE-- [fill = 0]
                  00012edc    00000024     drivers_cc26x2_v1.aem4f : AESCCMCC26XX.oem4f (.text:AESCCM_hwiFxn)
                  00012f00    00000024     mt_mac.obj (.text:MtMac_PollInd)
                  00012f24    00000024     driverlib.lib : rfc.obj (.text:NOROM_RFCDoorbellSendTo)
                  00012f48    00000024     npi_task.obj (.text:NPITask_transportTxDoneCallBack$7)
                  00012f6c    00000024     rf_multiMode_cc26x2_v1.aem4f : RFCC26X2_multiMode.oem4f (.text:RF_clkPowerUp)
                  00012f90    00000024                                  : RFCC26X2_multiMode.oem4f (.text:RF_cmdAlloc)
                  00012fb4    00000024                                  : RFCC26X2_multiMode.oem4f (.text:RF_getPAOverrideOffsetAndValue)
                  00012fd8    00000024                                  : RFCC26X2_multiMode.oem4f (.text:RF_invokeGlobalCallback)
                  00012ffc    00000024     drivers_cc26x2_v1.aem4f : PowerCC26X2_calibrateRCOSC.oem4f (.text:getTdcSemaphore)
                  00013020    00000024     maclib_secure_cc2652_2_4g.a : mac_device.obj (.text:macAssocFrameResponseTimeout)
                  00013044    00000024                                 : mac_beacon.obj (.text:macBeaconReset)
                  00013068    00000024                                 : mac_rx_onoff.obj (.text:macRxSoftDisable)
                  0001308c    00000024                                 : mac_timer.obj (.text:macTimerAligned)
                  000130b0    00000024     rtsv7M4_T_le_v4SPD16_eabi.lib : memcmp.c.obj (.text:memcmp)
                  000130d4    00000024     app_pem4f.oem4f (.text:ti_sysbios_BIOS_registerRTSLock__I)
                  000130f8    00000024     app_pem4f.oem4f (.text:ti_sysbios_BIOS_removeRTSLock__I)
                  0001311c    00000024     rom_sysbios.aem4f : rom_sysbios.obj (.text:ti_sysbios_family_arm_cc26xx_Timer_getMaxTicks__E)
                  00013140    00000024     app_pem4f.oem4f (.text:ti_sysbios_gates_GateMutexPri_Object__delete__S)
                  00013164    00000022     drivers_cc26x2_v1.aem4f : List.oem4f (.text:List_get)
                  00013186    00000022     rf_multiMode_cc26x2_v1.aem4f : RFCC26X2_multiMode.oem4f (.text:RF_isRadioSetup)
                  000131a8    00000022     maclib_secure_cc2652_2_4g.a : mac_data.obj (.text:macFrameDurationIeee)
                  000131ca    00000002     --HOLE-- [fill = 0]
                  000131cc    00000020     api_mac.obj (.text:ICall_free$10)
                  000131ec    00000020     mt_ext.obj (.text:ICall_free$1)
                  0001320c    00000020     mt_mac.obj (.text:ICall_free$2)
                  0001322c    00000020     npi_task.obj (.text:ICall_free$7)
                  0001324c    00000020     npi_frame_mt.obj (.text:ICall_freeMsg$5)
                  0001326c    00000020     npi_task.obj (.text:ICall_freeMsg$7)
                  0001328c    00000020     maclib_secure_cc2652_2_4g.a : mac_symbol_timer.obj (.text:ICall_signal$77)
                  000132ac    00000020                                 : mac_autopend.obj (.text:MAC_SrcMatchAckAllPending)
                  000132cc    00000020     npi_rxbuf.obj (.text:NPIRxBuf_GetRxBufCount)
                  000132ec    00000020     npi_tl.obj (.text:NPITL_getRxBufLen)
                  0001330c    00000020     drivers_cc26x2_v1.aem4f : PowerCC26X2.oem4f (.text:Power_unregisterNotify)
                  0001332c    00000020     rf_multiMode_cc26x2_v1.aem4f : RFCC26X2_multiMode.oem4f (.text:RF_getSwitchingTimeInUs)
                  0001334c    00000020                                  : RFCC26X2_multiMode.oem4f (.text:RF_hwiCpe0ChangePhy)
                  0001336c    00000020                                  : RFCC26X2_multiMode.oem4f (.text:RF_ratIsRunning)
                  0001338c    00000020                                  : RFCC26X2_multiMode.oem4f (.text:RF_swiFsm)
                  000133ac    00000020     crc.obj (.text:crc_update)
                  000133cc    00000020     maclib_secure_cc2652_2_4g.a : mac_beacon_coord.obj (.text:macBeaconCoordReset)
                  000133ec    00000020                                 : mac_beacon_coord.obj (.text:macBeaconSetPrepareTime)
                  0001340c    00000020                                 : mac_data.obj (.text:macDataRxMemAlloc)
                  0001342c    00000020                                 : mac_data.obj (.text:macDataSend)
                  0001344c    00000020                                 : mac_radio.obj (.text:macGetRadioState)
                  0001346c    00000020                                 : mac_radio.obj (.text:macRadioSetShortAddr)
                  0001348c    00000020                                 : mac_radio.obj (.text:macRadioSwInit)
                  000134ac    00000020                                 : mac_coord.obj (.text:macRxBeaconReq)
                  000134cc    00000020                                 : mac_rx_onoff.obj (.text:macRxOff)
                  000134ec    00000020                                 : mac_rx_onoff.obj (.text:macRxSoftEnable)
                  0001350c    00000020     mt_mac.obj (.text:macSbaToAdr$2)
                  0001352c    00000020     maclib_secure_cc2652_2_4g.a : mac.obj (.text:macSendFsCmd)
                  0001354c    00000020                                 : mac_timer.obj (.text:macTimer)
                  0001356c    00000020     app_pem4f.oem4f (.text:ti_sysbios_BIOS_rtsLock__I)
                  0001358c    00000020     rom_sysbios.aem4f : rom_sysbios.obj (.text:ti_sysbios_family_arm_cc26xx_Timer_dynamicStub__E)
                  000135ac    0000001e     drivers_cc26x2_v1.aem4f : PINCC26XX.oem4f (.text:PIN_close)
                  000135ca    0000001e                             : PowerCC26X2.oem4f (.text:Power_getTransitionLatency)
                  000135e8    0000001e     rf_multiMode_cc26x2_v1.aem4f : RFCC26X2_multiMode.oem4f (.text:RF_searchAndReplacePAOverride)
                  00013606    0000001e     maclib_secure_cc2652_2_4g.a : mac_hl_patch.obj (.text:macPibIndex)
                  00013624    0000001e                                 : mac_scan.obj (.text:macScanFailedInProgress)
                  00013642    0000001e                                 : mac_timer.obj (.text:macTimerRemoveTimer)
                  00013660    0000001e     mt_sys.obj (.text:parseNvExtId$3)
                  0001367e    0000001c     drivers_cc26x2_v1.aem4f : AESCCMCC26XX.oem4f (.text:AESCCM_close)
                  0001369a    00000002     --HOLE-- [fill = 0]
                  0001369c    0000001c     maclib_secure_cc2652_2_4g.a : mac_pib.obj (.text:MAC_MlmeGetReqSize)
                  000136b8    0000001c     driverlib.lib : chipinfo.obj (.text:NOROM_ChipInfo_GetChipFamily)
                  000136d4    0000001c                   : flash.obj (.text:NOROM_FlashProgram)
                  000136f0    0000001c                   : flash.obj (.text:NOROM_FlashSectorErase)
                  0001370c    0000001c     nvoctp.obj (.text:NVOCTP_writeByte$46)
                  00013728    0000001c     drivers_cc26x2_v1.aem4f : NVSCC26XX.oem4f (.text:NVSCC26XX_getAttrs)
                  00013744    0000001c                             : NVSCC26XX.oem4f (.text:NVSCC26XX_lock)
                  00013760    0000001c                             : NVSSPI25X.oem4f (.text:NVSSPI25X_initSpiCs)
                  0001377c    0000001c                             : NVSSPI25X.oem4f (.text:NVSSPI25X_lock)
                  00013798    0000001c                             : PINCC26XX.oem4f (.text:PINCC26XX_setIoCfgMux)
                  000137b4    0000001c                             : PINCC26XX.oem4f (.text:PIN_hwi)
                  000137d0    0000001c     rf_multiMode_cc26x2_v1.aem4f : RFCC26X2_multiMode.oem4f (.text:RF_clkInactivity)
                  000137ec    0000001c                                  : RFCC26X2_multiMode.oem4f (.text:RF_getRssi)
                  00013808    0000001c                                  : RFCC26X2_multiMode.oem4f (.text:RF_powerConstraintSet)
                  00013824    0000001c     drivers_cc26x2_v1.aem4f : UDMACC26XX.oem4f (.text:UDMACC26XX_initHw)
                  00013840    0000001c     maclib_secure_cc2652_2_4g.a : mac_mgmt.obj (.text:macConflictSyncLossInd)
                  0001385c    0000001c                                 : mac_mcu.obj (.text:macMcuTimerCapture)
                  00013878    0000001c                                 : mac_device.obj (.text:macPollRxDisassoc)
                  00013894    0000001c                                 : mac_radio.obj (.text:macRadioSetPanID)
                  000138b0    0000001c                                 : mac_rx.obj (.text:macRxAckTxDoneCallback)
                  000138cc    0000001c     mt_mac.obj (.text:macSbaToSec$2)
                  000138e8    0000001c     mt_mac.obj (.text:macSecToSba$2)
                  00013904    0000001c     maclib_secure_cc2652_2_4g.a : mac_symbol_timer.obj (.text:macSymbolTimerSetTriggerRollover)
                  00013920    0000001c                                 : mac_rx.obj (.text:rxDone$74)
                  0001393c    0000001c     app_pem4f.oem4f (.text:ti_sysbios_BIOS_errorRaiseHook__I)
                  00013958    0000001c     rom_sysbios.aem4f : rom_sysbios.obj (.text:ti_sysbios_knl_Swi_construct2__E)
                  00013974    0000001a     mt_mac.obj (.text:MtMac_PollCnf)
                  0001398e    0000001a     mt_mac.obj (.text:MtMac_PurgeCnf)
                  000139a8    0000001a     drivers_cc26x2_v1.aem4f : PowerCC26X2.oem4f (.text:PowerCC26XX_calibrate)
                  000139c2    0000001a     rf_multiMode_cc26x2_v1.aem4f : RFCC26X2_multiMode.oem4f (.text:RF_findEndOfChain)
                  000139dc    0000001a     api_mac.obj (.text:copyApiMacAddrToMacAddr)
                  000139f6    0000001a     maclib_secure_cc2652_2_4g.a : mac_low_level.obj (.text:macLowLevelDiags)
                  00013a10    00000018     drivers_cc26x2_v1.aem4f : AESCCMCC26XX.oem4f (.text:AESCCM_waitForAccess)
                  00013a28    00000018     api_mac.obj (.text:ApiMac_mlmeSetReqArray)
                  00013a40    00000018     driverlib.lib : chipinfo.obj (.text:NOROM_ChipInfo_GetPackageType)
                  00013a58    00000018     drivers_cc26x2_v1.aem4f : PINCC26XX.oem4f (.text:PIN_getConfig)
                  00013a70    00000018                             : PowerCC26X2.oem4f (.text:Power_idleFunc)
                  00013a88    00000018                             : UARTCC26XX.oem4f (.text:UARTCC26XX_init)
                  00013aa0    00000018                             : UART.oem4f (.text:UART_Params_init)
                  00013ab8    00000018     rtsv7M4_T_le_v4SPD16_eabi.lib : args_main.c.obj (.text:_args_main)
                  00013ad0    00000018     api_mac.obj (.text:copyMacAddrToApiMacAddr$10)
                  00013ae8    00000018     maclib_secure_cc2652_2_4g.a : mac_mgmt.obj (.text:macGetMyAddrMode)
                  00013b00    00000018                                 : mac_device.obj (.text:macPollCnf)
                  00013b18    00000018                                 : mac_device.obj (.text:macPollRxAssocRsp)
                  00013b30    00000018                                 : mac_rx_onoff.obj (.text:macRxOnRequest)
                  00013b48    00000018                                 : mac_device.obj (.text:macStartResponseTimer)
                  00013b60    00000018                                 : mac_main.obj (.text:macStateIdleOrPolling)
                  00013b78    00000018                                 : mac_symbol_timer.obj (.text:macSymbolTimerRestore)
                  00013b90    00000018                                 : mac_timer.obj (.text:macTimerInit)
                  00013ba8    00000018                                 : macwrapper.obj (.text:macWrapper8ByteUnused)
                  00013bc0    00000018     api_mac.obj (.text:mlmeSetFhReq$10)
                  00013bd8    00000018     npi_frame_mt.obj (.text:npiframe_calcMTFCS$5)
                  00013bf0    00000018     rtsv7M4_T_le_v4SPD16_eabi.lib : ll_mul_t2.asm.obj (.text)
                  00013c08    00000018     app_pem4f.oem4f (.text:ti_sysbios_BIOS_rtsUnlock__I)
                  00013c20    00000018     app_pem4f.oem4f (.text:ti_sysbios_gates_GateMutexPri_Handle__label__S)
                  00013c38    00000018     rom_sysbios.aem4f : rom_sysbios.obj (.text:ti_sysbios_gates_GateMutexPri_Instance_init__E)
                  00013c50    00000018                       : rom_sysbios.obj (.text:ti_sysbios_knl_Swi_or__E)
                  00013c68    00000018     app_pem4f.oem4f (.text:ti_sysbios_rom_cortexm_cc26xx_agama_CC26xx_checkRevision__E)
                  00013c80    00000018     app_pem4f.oem4f (.text:xdc_runtime_Startup_exec__I)
                  00013c98    00000016     rf_multiMode_cc26x2_v1.aem4f : RFCC26X2_multiMode.oem4f (.text:RF_cancelCmd)
                  00013cae    00000016                                  : RFCC26X2_multiMode.oem4f (.text:RF_restartClockTimeout)
                  00013cc4    00000016     app_pem4f.oem4f (.text:ti_sysbios_BIOS_exitFunc__I)
                  00013cda    00000016     rom_sysbios.aem4f : rom_sysbios.obj (.text:ti_sysbios_knl_Task_block__E)
                  00013cf0    00000014     api_mac.obj (.text:ApiMac_enableFH)
                  00013d04    00000014     api_mac.obj (.text:ApiMac_mlmeResetReq)
                  00013d18    00000014     api_mac.obj (.text:ApiMac_randomByte)
                  00013d2c    00000014     drivers_cc26x2_v1.aem4f : List.oem4f (.text:List_clearList)
                  00013d40    00000014     macstack.obj (.text:MAC_CbackQueryRetransmit)
                  00013d54    00000014     maclib_secure_cc2652_2_4g.a : mac_autopend.obj (.text:MAC_SrcMatchCheckAllPending)
                  00013d68    00000014     mt_mac.obj (.text:MtMac_AsyncCnf)
                  00013d7c    00000014     mt_mac.obj (.text:MtMac_StartCnf)
                  00013d90    00000014     driverlib.lib : rfc.obj (.text:NOROM_RFCCpeIntGetAndClear)
                  00013da4    00000014     drivers_cc26x2_v1.aem4f : PowerCC26X2_calibrateRCOSC.oem4f (.text:PowerCC26X2_calibrate)
                  00013db8    00000014     rf_multiMode_cc26x2_v1.aem4f : RFCC26X2_multiMode.oem4f (.text:RF_Params_init)
                  00013dcc    00000014                                  : RFCC26X2_multiMode.oem4f (.text:RF_RatConfigCompare_init)
                  00013de0    00000014                                  : RFCC26X2_multiMode.oem4f (.text:RF_dbellSyncOnAck)
                  00013df4    00000014                                  : RFCC26X2_multiMode.oem4f (.text:RF_flushCmd)
                  00013e08    00000014                                  : RFCC26X2_multiMode.oem4f (.text:RF_ratCompare)
                  00013e1c    00000014                                  : RFCC26X2_multiMode.oem4f (.text:RF_ratGetChannel)
                  00013e30    00000014                                  : RFCC26X2_multiMode.oem4f (.text:RF_triggDispatcher)
                  00013e44    00000014     drivers_cc26x2_v1.aem4f : SPI.oem4f (.text:SPI_Params_init)
                  00013e58    00000014     mt_sys.obj (.text:SysCtrlSystemReset$3)
                  00013e6c    00000014     drivers_cc26x2_v1.aem4f : PowerCC26X2.oem4f (.text:configureRFCoreClocks)
                  00013e80    00000014     maclib_secure_cc2652_2_4g.a : mac_main.obj (.text:macMainReserve)
                  00013e94    00000014                                 : mac_mcu.obj (.text:macMcuInit)
                  00013ea8    00000014                                 : mac_mcu.obj (.text:macMcuOverflowCapture)
                  00013ebc    00000014                                 : mac_coord.obj (.text:macRxPanConflict)
                  00013ed0    00000014                                 : mac_autopend.obj (.text:macSrcMatchGetEnableBit$70)
                  00013ee4    00000014                                 : mac_main.obj (.text:macStateScanning)
                  00013ef8    00000014     mcp.obj (.text:relayTxMsg$14)
                  00013f0c    00000014     maclib_secure_cc2652_2_4g.a : mac_rx.obj (.text:rxDiscardFrame$74)
                  00013f20    00000014     mt_mac.obj (.text:sendSRSP$2)
                  00013f34    00000014     mt_sys.obj (.text:sendSRSP$3)
                  00013f48    00000014     rom_sysbios.aem4f : rom_sysbios.obj (.text:ti_sysbios_family_arm_cc26xx_Timer_getCount64__E)
                  00013f5c    00000014     app_pem4f.oem4f (.text:ti_sysbios_knl_Clock_doTick__I)
                  00013f70    00000012     drivers_cc26x2_v1.aem4f : NVSSPI25X.oem4f (.text:NVSSPI25X_assertSpiCs)
                  00013f82    00000012                             : NVSSPI25X.oem4f (.text:NVSSPI25X_deassertSpiCs)
                  00013f94    00000012                             : NVSSPI25X.oem4f (.text:NVSSPI25X_getAttrs)
                  00013fa6    00000012     rf_multiMode_cc26x2_v1.aem4f : RFCC26X2_multiMode.oem4f (.text:RF_getCmdOp)
                  00013fb8    00000012     drivers_cc26x2_v1.aem4f : RingBuf.oem4f (.text:RingBuf_construct)
                  00013fca    00000012     dpl_cc26x2_v1.aem4f : SemaphoreP_tirtos.oem4f (.text:SemaphoreP_pend)
                  00013fdc    00000012     maclib_secure_cc2652_2_4g.a : mac_radio.obj (.text:macRadioSetTxPower)
                  00013fee    00000012                                 : mac_security_pib.obj (.text:macSecurityPibIndex)
                  00014000    00000012     mt_sys.obj (.text:mapNvError$3)
                  00014012    00000002     --HOLE-- [fill = 0]
                  00014014    00000010     drivers_cc26x2_v1.aem4f : AESCCM.oem4f (.text:AESCCM_Params_init)
                  00014024    00000010     dpl_cc26x2_v1.aem4f : ClockP_tirtos.oem4f (.text:ClockP_isActive)
                  00014034    00000010                         : HwiP_tirtos.oem4f (.text:HwiP_Params_init)
                  00014044    00000010     maclib_secure_cc2652_2_4g.a : mac_coord.obj (.text:MAC_McpsPurgeReq)
                  00014054    00000010     driverlib.lib : rfc.obj (.text:NOROM_RFCHwIntGetAndClear)
                  00014064    00000010     drivers_cc26x2_v1.aem4f : PINCC26XX.oem4f (.text:PINCC26XX_getPinCount)
                  00014074    00000010     rf_multiMode_cc26x2_v1.aem4f : RFCC26X2_multiMode.oem4f (.text:RF_dbellSubmitCmdAsync)
                  00014084    00000010                                  : RFCC26X2_multiMode.oem4f (.text:RF_isClientOwner)
                  00014094    00000010                                  : RFCC26X2_multiMode.oem4f (.text:RF_ratGetChannelValue)
                  000140a4    00000010     dpl_cc26x2_v1.aem4f : SwiP_tirtos.oem4f (.text:SwiP_Params_init)
                  000140b4    00000010     maclib_secure_cc2652_2_4g.a : mac_device.obj (.text:macAssocRxDisassoc)
                  000140c4    00000010                                 : mac_data.obj (.text:macCheckSched)
                  000140d4    00000010                                 : mac_rx_onoff.obj (.text:macRxEnable)
                  000140e4    00000010                                 : mac_main.obj (.text:macSetEvent16)
                  000140f4    00000010                                 : mac_main.obj (.text:macSetEvent)
                  00014104    00000010     rom_sysbios.aem4f : rom_sysbios.obj (.text:ti_sysbios_family_arm_m3_Hwi_post__E)
                  00014114    00000010                       : rom_sysbios.obj (.text:ti_sysbios_gates_GateMutexPri_Instance_finalize__E)
                  00014124    00000010     drivers_cc26x2_v1.aem4f : UARTCC26XX.oem4f (.text:uartPostNotify)
                  00014134    00000010     rom_sysbios.aem4f : rom_sysbios.obj (.text:xdc_runtime_SysCallback_flush__E)
                  00014144    00000010                       : rom_sysbios.obj (.text:xdc_runtime_SysCallback_putch__E)
                  00014154    00000010                       : rom_sysbios.obj (.text:xdc_runtime_SysCallback_ready__E)
[...]
1003c179  ti_sysbios_family_arm_m3_Hwi_pendSV__I                               
1003c19d  ti_sysbios_family_arm_m3_Hwi_return                                  
1003c1a1  ti_sysbios_family_arm_m3_Hwi_excHandlerAsm__I                        
1003c1c1  ti_sysbios_family_xxx_Hwi_switchAndRunFunc                           
1003c1df  ti_sysbios_family_arm_m3_TaskSupport_swap__E                         
1003c1df  ti_sysbios_knl_Task_SupportProxy_swap__E                             
1003c1df  ti_sysbios_knl_Task_SupportProxy_swap__E__mangled__                  
1003c1eb  ti_sysbios_knl_Task_swapReturn                                       
1003c1f7  ti_sysbios_family_arm_m3_TaskSupport_glue                            
1003c208  ti_sysbios_knl_Task_Object__PARAMS__C                                
1003c244  ti_sysbios_knl_Mailbox_Object__PARAMS__C                             
1003c278  ti_sysbios_family_arm_m3_Hwi_Object__PARAMS__C                       
1003c2a8  ti_sysbios_hal_Hwi_Object__PARAMS__C                                 
1003c2d4  ti_sysbios_knl_Swi_Object__PARAMS__C                                 
1003c2fc  ti_sysbios_heaps_HeapMem_Object__PARAMS__C                           
1003c320  ti_sysbios_knl_Clock_Object__PARAMS__C                               
1003c344  ti_sysbios_knl_Semaphore_Object__PARAMS__C                           
1003c368  ti_sysbios_gates_GateHwi_Object__PARAMS__C                           
1003c380  ti_sysbios_gates_GateMutex_Object__PARAMS__C                         
1003c398  ti_sysbios_knl_Event_Object__PARAMS__C                               
1003c3b0  ti_sysbios_knl_Queue_Object__PARAMS__C                               
20000000  ti_sysbios_family_arm_m3_Hwi_ramVectors                              
20000100  xdcRomConstPtr                                                       
20000104  xdcRomExternFuncPtr                                                  
20000108  xdcRomStatePtr                                                       
20001920  macTaskId                                                            
20001921  macMgmt                                                              
20001922  macPanCoordinator                                                    
20001923  csmPhy                                                               
20001924  pMacDataTx                                                           
20001928  macDataTxIndirect                                                    
2000192c  macDataRequeueIndirect                                               
20001930  macDataRxBeaconCritical                                              
20001934  macDataTxBeaconComplete                                              
20001938  macDataSetSched                                                      
2000193c  macDataCheckSched                                                    
20001940  macDataCheckTxTime                                                   
20001944  macDataBeaconRequeue                                                 
20001948  timerUnalignedQ                                                      
2000194c  timerAlignedQ                                                        
20001950  macTimerRollover                                                     
20001954  macTimerNewRollover                                                  
20001958  macTimerActive                                                       
2000195c  AESCCM_handle                                                        
20001960  macCryptoDrvTblPtr                                                   
20001964  macBeaconCoordAction1                                                
2000196c  macCoordAction1                                                      
20001974  macMain                                                              
20001980  macBeaconDeviceAction                                                
20001990  macCoordAction3                                                      
200019a0  macData                                                              
200019b0  macDataTxDelay                                                       
200019c0  macDeviceAction2                                                     
200019d4  macStateTbl                                                          
200019e8  macMgmtAction2                                                       
200019fc  macScanAction                                                        
20001a14  macCoordAction2                                                      
20001a30  macReset                                                             
20001a4c  macBeaconMargin                                                      
20001a6c  macBeacon                                                            
20001a8c  macActionSet                                                         
20001ab0  macMgmtAction1                                                       
20001ad8  macCoord                                                             
20001b04  macDevice                                                            
20001b30  macBeaconDevice                                                      
20001b64  macBeaconPayload                                                     
20001b98  macDeviceAction1                                                     
20001bd0  macBeaconCoord                                                       
20001c0c  macSecurityPib                                                       
20001c4c  macScan                                                              
20001ca0  fhObject                                                             
20001d0c  macPib                                                               
20001d94  enhancedAckBuf                                                       
20001e90  macUser0Cfg                                                          
20001ec0  myTask                                                               
20001f10  Main_user1Cfg                                                        
20001f74  myTaskStack                                                          
20002294  npiAppEntityID                                                       
2000230c  npiTaskStack                                                         
20002944  ROM_stateStruct                                                      
20002944  ti_sysbios_knl_Clock_Module__state__V                                
20002970  ti_sysbios_family_arm_cc26xx_TimestampProvider_Module__state__V      
20002974  xdc_runtime_Startup_Module__state__V                                 
2000297c  ti_sysbios_BIOS_Module__state__V                                     
200029a0  ti_sysbios_knl_Swi_Module__state__V                                  
200029bc  ti_sysbios_knl_Task_Module__state__V                                 
20002a00  xdc_runtime_Memory_Module__state__V                                  
20002a04  xdc_runtime_System_Module__state__V                                  
20002a0c  ti_sysbios_family_arm_m3_Hwi_Module__state__V                        
20002a40  xdc_runtime_Error_Module__state__V                                   
20002a44  ti_sysbios_family_arm_cc26xx_Timer_Module__state__V                  
20002a4c  PowerCC26X2_module                                                   
20002b14  ICall_dispatcher                                                     
20002b18  ICall_enterCriticalSection                                           
20002b1c  ICall_leaveCriticalSection                                           
20002b38  HEAPMGR_SIZE                                                         
20002bc0  RF_cmdNop                                                            
20002bd0  RF_cmdRadioSetup                                                     
20002be8  RF_cmdIEEETx                                                         
20002c00  RF_cmdIEEECsma                                                       
20002c20  RF_cmdIEEERx                                                         
20002c5c  rxCmdHandle                                                          
20002c5e  fsCmdHandle                                                          
20002c60  lastPostCmd                                                          
20002c64  macSfdDetectCback                                                    
20002c6c  macTxTimestamp                                                       
20002c70  pMacRadioConfig                                                      
20002c74  macRfDrvTblPtr                                                       
20002c78  pRfIeeeTable                                                         
20002c7c  pMacRfAntSwitchSel                                                   
20002c80  macRxOutputIeee                                                      
20002c90  macFrmFilter                                                         
20002ca0  macSrcShortAddrList                                                  
20002cbc  macSrcExtAddrList                                                    
20002d38  ti_sysbios_knl_Task_Object__table__V                                 
20002d84  pwrmgr_initialized                                                   
20002d86  pwrmgr_attribute                                                     
20002d88  ti_sysbios_family_arm_cc26xx_Timer_Object__table__V                  
20002e88  ti_sysbios_gates_GateMutex_Object__table__V                          
20002ef5  osal_entity                                                          
20002efc  osal_qHead                                                           
20002f00  osal_eventloop_hook                                                  
20002f04  osal_icallMsg_hook                                                   
20002f08  osal_semaphore                                                       
20002f0c  osal_last_timestamp                                                  
20002f10  osal_tickperiod                                                      
20002f14  osal_max_msecs                                                       
20002f54  ti_sysbios_knl_Swi_Module_State_0_readyQ__A                          
20002f84  ti_sysbios_knl_Swi_Object__table__V                                  
20002fb4  ti_sysbios_knl_Task_Module_State_0_readyQ__A                         
20002fe8  mtProcessIncoming                                                    
20003014  RF_handle                                                            
20003018  macPhyTxPower                                                        
20003020  RF_params                                                            
2000303c  gpioPinConfigs                                                       
20003068  txCmdHandle                                                          
2000306a  macRadioAckIeeeFrame                                                 
20003070  macAckTimer                                                          
20003090  macTxSlottedDelayFactor                                              
20003091  macTxType                                                            
20003092  macTxBe                                                              
20003093  macTxGpInterframeDelay                                               
20003094  txAckReq                                                             
20003099  numTx                                                                
2000309a  macTxCsmaBackoffDelay                                                
2000309c  macCsmaRtcTimerId                                                    
200030a0  macAckDbg                                                            
200030b4  ti_sysbios_knl_Clock_Object__table__V                                
200030d4  xdc_runtime_Error_IgnoreBlock                                        
200030f4  macSpecUsecsPerSymbol                                                
200030f8  macPrevPeriodRatCount                                                
200030fc  macSymbolTimerRollover                                               
20003100  macSymbolTimerTrigger                                                
2000310c  ti_sysbios_family_arm_m3_Hwi_Object__table__V                        
20003124  ti_sysbios_heaps_HeapMem_Object__table__V                            
2000313c  ApiMac_appEntity                                                     
20003148  ApiMac_extAddr                                                       
20003150  gpioCallbackFunctions                                                
20003160  macCfg                                                               
20003170  AppTaskId                                                            
20003174  pMacCbackQueryRetransmit                                             
20003178  pMacCbackCheckPending                                                
20003190  macTxSlottedDelay                                                    
20003191  macUnitBackoffPeriod                                                 
20003192  rxFhRsl                                                              
20003193  macPhyChannel                                                        
20003194  macSrcMatchIsEnabled                                                 
2000319c  OSAL_timeSeconds                                                     
200031a8  _lock                                                                
200031ac  _unlock                                                              
200031b0  pinUpperBound                                                        
200031b4  pinLowerBound                                                        
200031b8  lastRatChanA                                                         
200031b9  lastRatChanB                                                         
200031ba  macRxCmdActive                                                       
200031bb  macTxCmdActive                                                       
200031bc  macFsCmdActive                                                       
200031bd  numRfCmd                                                             
200031be  numRxCmd                                                             
200031bf  numRxPostCmd                                                         
200031c0  ti_sysbios_family_arm_m3_Hwi_Module__root__V                         
200031c8  ti_sysbios_gates_GateHwi_Module__root__V                             
200031d0  ti_sysbios_gates_GateMutexPri_Module__root__V                        
200031d8  ti_sysbios_gates_GateMutex_Module__root__V                           
200031e0  ti_sysbios_hal_Hwi_Module__root__V                                   
200031e8  ti_sysbios_heaps_HeapMem_Module__root__V                             
200031f0  ti_sysbios_knl_Clock_Module__root__V                                 
200031f8  ti_sysbios_knl_Event_Module__root__V                                 
20003200  ti_sysbios_knl_Mailbox_Module__root__V                               
20003208  ti_sysbios_knl_Queue_Module__root__V                                 
20003210  ti_sysbios_knl_Semaphore_Module__root__V                             
20003218  ti_sysbios_knl_Swi_Module__root__V                                   
20003220  ti_sysbios_knl_Task_Module__root__V                                  
2000322d  CryptoResourceCC26XX_pollingFlag                                     
20003230  macSrcMatchIsAckAllPending                                           
20003231  macSrcResIndex                                                       
20003240  pOverridesTable_ieee                                                 
20003244  main_func_sp                                                         
20003248  ti_sysbios_family_arm_m3_Hwi_Module_State_0_excContext__A            
2000324c  ti_sysbios_family_arm_m3_Hwi_Module_State_0_excStack__A              
20003250  ti_sysbios_knl_Task_Module_State_0_idleTask__A                       
20003254  bInSwi                                                               
20003255  macRadioYielded                                                      
20003256  ti_sysbios_family_arm_m3_Hwi_Module_State_0_excActive__A             
20003260  ti_sysbios_heaps_HeapMem_Instance_State_0_buf__A                     
20003918  uartCC26XXObjects                                                    
20003b68  ti_sysbios_knl_Task_Instance_State_0_stack__A                        
20003d68  spiCC26XXDMAObjects                                                  
200040f0  ti_sysbios_family_arm_m3_Hwi_dispatchTable                           
20004290  pinHandleTable                                                       
20004378  aesccmCC26XXObjects                                                  
20004404  uartCC26XXRingBuffer                                                 
20004538  macRxFilter                                                          
20004539  rxPromiscuousMode                                                    
20004544  macRxDataEntryOffset                                                 
20004548  rxRadioBufferPtr                                                     
20004554  macRxDataEntryQueue                                                  
200045e0  udmaObjects                                                          
20004670  CryptoResourceCC26XX_accessSemaphore                                 
2000468c  CryptoResourceCC26XX_hwi                                             
200046a8  CryptoResourceCC26XX_operationSemaphore                              
20004770  nvsSPI25XObjects                                                     
2000477c  timerHead                                                            
20004794  ClockP_tickPeriod                                                    
20004798  PowerCC26XX_swiKey                                                   
2000479c  PowerCC26XX_taskKey                                                  
200047a0  macTasksEvents                                                       
200047a4  nvsCC26xxObjects                                                     
200047a9  driverlib_release_0_51995                                            
200047aa  macPwr                                                               
200047ab  macRxActive                                                          
200047ac  macRxEnableFlags                                                     
200047ad  macRxOutgoingAckFlag                                                 
200047ae  macSymbolTimerImpending                                              
200047af  macTxActive                                                          
200047b0  heapStart                                                            
20013b00  __stack                                                              
20013b00  heapEnd                                                              
20014000  __STACK_END                                                          
20014000  __STACK_TOP                                                          
e000e000  ti_sysbios_family_arm_m3_Hwi_nvic                                    
ffffffff  __TI_pprof_out_hndl                                                  
ffffffff  __TI_prof_data_size                                                  
ffffffff  __TI_prof_data_start                                                 
ffffffff  __binit__                                                            
ffffffff  __c_args__                                                           
ffffffff  binit                                                                
UNDEFED   SHT$$INIT_ARRAY$$Base                                                
UNDEFED   SHT$$INIT_ARRAY$$Limit                                               

[1469 symbols]
